<html>
<body>
<pre>
<h1>µVision Build Log</h1>
<h2>Project:</h2>
E:\801D SDK\801D_Application20120503\MDKproject\main.uvproj
Project File Date:  05/03/2012

<h2>Output:</h2>
Build target 'Target 1'
compiling base64.c...
compiling CallRecord.c...
compiling Cursor.c...
compiling des.c...
compiling EepromFileSystem.c...
compiling FileOperate.c...
compiling flash.c...
..\Application\flash.c(299): warning:  #177-D: variable "j" was declared but never referenced
..\Application\flash.c(435): warning:  #223-D: function "usleep" declared implicitly
..\Application\flash.c(568): warning:  #223-D: function "usleep" declared implicitly
..\Application\flash.c(620): warning:  #223-D: function "usleep" declared implicitly
..\Application\flash.c(624): warning:  #223-D: function "spi_WriteAndRead" declared implicitly
..\Application\flash.c(636): warning:  #223-D: function "usleep" declared implicitly
..\Application\flash.c(680): warning:  #223-D: function "printf" declared implicitly
..\Application\flash.c(682): warning:  #223-D: function "memset" declared implicitly
..\Application\flash.c(685): warning:  #223-D: function "kmy_USART1SendData" declared implicitly
..\Application\flash.c(677): warning:  #550-D: variable "Tx_Buffer" was set but never used
compiling FormInput.c...
compiling gprs.c...
compiling key.c...
compiling lcd.c...
compiling main.c...
compiling MenuOperate.c...
compiling message.c...
compiling my_library.c...
compiling my_menuop.c...
compiling mypure_library.c...
compiling PhoneBook.c...
compiling RF.c...
compiling SelfTest.c...
compiling setting.c...
compiling ShuRuFa.c...
compiling sim900B.c...
compiling SPI_simulate.c...
compiling SpiFlashFileSystem.c...
compiling Tool.c...
compiling Transaction.c...
compiling ucs2_to_GB2312.c...
compiling core_cm3.c...
compiling stm32f10x_it.c...
compiling system_stm32f10x.c...
assembling startup_stm32f10x_md_vl.s...
compiling misc.c...
compiling stm32f10x_adc.c...
compiling stm32f10x_bkp.c...
compiling stm32f10x_can.c...
compiling stm32f10x_cec.c...
compiling stm32f10x_crc.c...
compiling stm32f10x_dac.c...
compiling stm32f10x_dbgmcu.c...
compiling stm32f10x_dma.c...
compiling stm32f10x_exti.c...
compiling stm32f10x_flash.c...
compiling stm32f10x_fsmc.c...
compiling stm32f10x_gpio.c...
compiling stm32f10x_i2c.c...
compiling stm32f10x_iwdg.c...
compiling stm32f10x_pwr.c...
compiling stm32f10x_rcc.c...
compiling stm32f10x_rtc.c...
compiling stm32f10x_sdio.c...
compiling stm32f10x_spi.c...
compiling stm32f10x_tim.c...
compiling stm32f10x_usart.c...
compiling stm32f10x_wwdg.c...
linking...
BinaryOutput\main.axf: Error: L6200E: Symbol spi_Write multiply defined (by spi_simulate.o and flash.o).
BinaryOutput\main.axf: Error: L6200E: Symbol kmy_FlashInit multiply defined (by spi_simulate.o and flash.o).
BinaryOutput\main.axf: Error: L6200E: Symbol kmy_FlashReadBuffer multiply defined (by spi_simulate.o and flash.o).
BinaryOutput\main.axf: Error: L6200E: Symbol kmy_FlashWritePage multiply defined (by spi_simulate.o and flash.o).
Target not created
Build target 'Target 1'
compiling base64.c...
compiling CallRecord.c...
compiling Cursor.c...
compiling des.c...
compiling EepromFileSystem.c...
compiling FileOperate.c...
compiling FormInput.c...
compiling gprs.c...
compiling key.c...
compiling lcd.c...
compiling main.c...
compiling MenuOperate.c...
compiling message.c...
compiling my_library.c...
compiling my_menuop.c...
compiling mypure_library.c...
compiling PhoneBook.c...
compiling RF.c...
compiling SelfTest.c...
compiling setting.c...
compiling ShuRuFa.c...
compiling sim900B.c...
compiling SPI_simulate.c...
compiling SpiFlashFileSystem.c...
compiling Tool.c...
compiling Transaction.c...
compiling ucs2_to_GB2312.c...
compiling core_cm3.c...
compiling stm32f10x_it.c...
compiling system_stm32f10x.c...
assembling startup_stm32f10x_md_vl.s...
compiling misc.c...
compiling stm32f10x_adc.c...
compiling stm32f10x_bkp.c...
compiling stm32f10x_can.c...
compiling stm32f10x_cec.c...
compiling stm32f10x_crc.c...
compiling stm32f10x_dac.c...
compiling stm32f10x_dbgmcu.c...
compiling stm32f10x_dma.c...
compiling stm32f10x_exti.c...
compiling stm32f10x_flash.c...
compiling stm32f10x_fsmc.c...
compiling stm32f10x_gpio.c...
compiling stm32f10x_i2c.c...
compiling stm32f10x_iwdg.c...
compiling stm32f10x_pwr.c...
compiling stm32f10x_rcc.c...
compiling stm32f10x_rtc.c...
compiling stm32f10x_sdio.c...
compiling stm32f10x_spi.c...
compiling stm32f10x_tim.c...
compiling stm32f10x_usart.c...
compiling stm32f10x_wwdg.c...
linking...
Program Size: Code=97040 RO-data=50064 RW-data=3356 ZI-data=21308  
User command #1: C:\Keil\ARM\BIN40\fromelf.exe
ARM FromELF, RVCT4.0 [Build 728] [Standard]
ARM image conversion utility
fromelf [options] input_file
Options:
       --help         display this help screen
       --vsn          display version information
       --output file  the output file. (defaults to stdout for -text format)
       --nodebug      do not put debug areas in the output image
       --nolinkview   do not put sections in the output image
Binary Output Formats:
       --bin          Plain Binary
       --m32          Motorola 32 bit Hex
       --i32          Intel 32 bit Hex
       --vhx          Byte Oriented Hex format
       --base addr    Optionally set base address for m32,i32
Output Formats Requiring Debug Information
       --fieldoffsets Assembly Language Description of Structures/Classes
       --expandarrays Arrays inside and outside structures are expanded
Other Output Formats:
       --elf         ELF
       --text        Text Information
                Flags for Text Information
                -v          verbose
                -a          print data addresses (For images built with debug)
                -c          disassemble code
                -d          print contents of data section
                -e          print exception tables
                -g          print debug tables
                -r          print relocation information
                -s          print symbol table
                -t          print string table
                -y          print dynamic segment contents
                -z          print code and data size information
Software supplied by: ARM Limited
".\CompileOutput\main.axf" - 0 Error(s), 0 Warning(s).
Build target 'Target 1'
linking...
Program Size: Code=97040 RO-data=50064 RW-data=3356 ZI-data=21308  
FromELF: creating hex file...
User command #1: C:\Keil\ARM\BIN40\fromelf.exe
ARM FromELF, RVCT4.0 [Build 728] [Standard]
ARM image conversion utility
fromelf [options] input_file
Options:
       --help         display this help screen
       --vsn          display version information
       --output file  the output file. (defaults to stdout for -text format)
       --nodebug      do not put debug areas in the output image
       --nolinkview   do not put sections in the output image
Binary Output Formats:
       --bin          Plain Binary
       --m32          Motorola 32 bit Hex
       --i32          Intel 32 bit Hex
       --vhx          Byte Oriented Hex format
       --base addr    Optionally set base address for m32,i32
Output Formats Requiring Debug Information
       --fieldoffsets Assembly Language Description of Structures/Classes
       --expandarrays Arrays inside and outside structures are expanded
Other Output Formats:
       --elf         ELF
       --text        Text Information
                Flags for Text Information
                -v          verbose
                -a          print data addresses (For images built with debug)
                -c          disassemble code
                -d          print contents of data section
                -e          print exception tables
                -g          print debug tables
                -r          print relocation information
                -s          print symbol table
                -t          print string table
                -y          print dynamic segment contents
                -z          print code and data size information
Software supplied by: ARM Limited
".\CompileOutput\main.axf" - 0 Error(s), 0 Warning(s).
