ARM Linker, 4.1 [Build 481] [Standard]

==============================================================================

Section Cross References

    cursor.o(.text) refers to lcd.o(.text) for reverse_area
    cursor.o(.text) refers to kmy_time.o(.text) for kmy_TimeGetMilliseconds
    cursor.o(.text) refers to cursor.o(.data) for cursor
    eepromfilesystem.o(.text) refers to kmy_eepromdrv.o(.text) for kmy_EepromReadSequent
    eepromfilesystem.o(.text) refers to strcpy.o(.text) for strcpy
    eepromfilesystem.o(.text) refers to strcmp.o(.text) for strcmp
    eepromfilesystem.o(.text) refers to printfa.o(i.__0printf) for __2printf
    eepromfilesystem.o(.text) refers to memseta.o(.text) for __aeabi_memclr
    eepromfilesystem.o(.text) refers to foodorder.o(.text) for InitOrder
    eepromfilesystem.o(.text) refers to strlen.o(.text) for strlen
    eepromfilesystem.o(.text) refers to eepromfilesystem.o(.data) for ReadedPage
    eepromfilesystem.o(.text) refers to eepromfilesystem.o(.bss) for buff
    eepromfilesystem.o(.text) refers to eepromfilesystem.o(.constdata) for Buff0xff
    eepromfilesystem.o(.text) refers to memcpya.o(.text) for __aeabi_memcpy
    fileoperate.o(.text) refers to strlen.o(.text) for strlen
    fileoperate.o(.text) refers to memcpya.o(.text) for __aeabi_memcpy
    forminput.o(.text) refers to memcpya.o(.text) for __aeabi_memcpy4
    forminput.o(.text) refers to kmy_time.o(.text) for kmy_TimeGetMilliseconds
    forminput.o(.text) refers to lcd.o(.text) for clear_area
    forminput.o(.text) refers to kmy_keydrv.o(.text) for kmy_GetKeyValue
    forminput.o(.text) refers to key.o(.text) for KeyEventPost
    forminput.o(.text) refers to strlen.o(.text) for strlen
    forminput.o(.text) refers to kmy_lcddrv.o(.text) for kmy_LcdTextOut
    forminput.o(.text) refers to forminput.o(.constdata) for .constdata
    forminput.o(.text) refers to cursor.o(.text) for Cursor_Init
    forminput.o(.text) refers to my_library.o(.text) for my_strcat_insert
    forminput.o(.constdata) refers to forminput.o(.conststring) for .conststring
    gprs.o(.text) refers to kmy_usart2drv.o(.text) for kmy_USART2SendString
    gprs.o(.text) refers to strstr.o(.text) for strstr
    gprs.o(.text) refers to key.o(.text) for KeyIsResponse
    gprs.o(.text) refers to kmy_keydrv.o(.text) for kmy_GetKeyValue
    gprs.o(.text) refers to printfa.o(i.__0printf) for __2printf
    gprs.o(.text) refers to memseta.o(.text) for __aeabi_memclr4
    gprs.o(.text) refers to strcat.o(.text) for strcat
    gprs.o(.text) refers to strlen.o(.text) for strlen
    gprs.o(.text) refers to strncat.o(.text) for strncat
    gprs.o(.text) refers to setting.o(.bss) for Domain
    gprs.o(.text) refers to lcd.o(.text) for kmy_DataLED_Flash
    gprs.o(.text) refers to kmy_time.o(.text) for sleep
    gprs.o(.text) refers to strcpy.o(.text) for strcpy
    gprs.o(.text) refers to mypure_library.o(.text) for my_itoa
    gprs.o(.text) refers to my_library.o(.text) for my_charhexprintf_buff
    gprs.o(.text) refers to atoi.o(.text) for atoi
    gprs.o(.text) refers to kmy_lcddrv.o(.text) for kmy_LcdClear
    gprs.o(.text) refers to shurufa.o(.text) for PassWordInput
    gprs.o(.text) refers to strcmp.o(.text) for strcmp
    key.o(.text) refers to kmy_beepdrv.o(.text) for kmy_BeepOn
    key.o(.text) refers to kmy_time.o(.text) for msleep
    key.o(.text) refers to kmy_keydrv.o(.text) for kmy_PostKey
    key.o(.text) refers to kmy_lcddrv.o(.text) for kmy_LcdBlackLightOn
    key.o(.text) refers to setting.o(.data) for beepKG
    lcd.o(.text) refers to kmy_lcddrv.o(.text) for kmy_LcdTextOut
    lcd.o(.text) refers to memcpya.o(.text) for __aeabi_memcpy
    lcd.o(.text) refers to strlen.o(.text) for strlen
    lcd.o(.text) refers to lcd.o(.data) for Language
    lcd.o(.text) refers to main.o(.data) for gFlashDataLED
    main.o(.text) refers to kmy_leddrv.o(.text) for kmy_LedDataLedOn
    main.o(.text) refers to kmy_watchdogdrv.o(.text) for kmy_WatchDogResetCounter
    main.o(.text) refers to kmy_lcddrv.o(.text) for kmy_LcdBlackLightOn
    main.o(.text) refers to menuoperate.o(.text) for MenuHandler_Language2
    main.o(.text) refers to strstr.o(.text) for strstr
    main.o(.text) refers to strncpy.o(.text) for strncpy
    main.o(.text) refers to memcpya.o(.text) for __aeabi_memcpy4
    main.o(.text) refers to lcd.o(.text) for draw_pic
    main.o(.text) refers to foodorder.o(.text) for kmy_EnableDisableTime3
    main.o(.text) refers to strcpy.o(.text) for strcpy
    main.o(.text) refers to gprs.o(.text) for send_at_cmd_and_receive
    main.o(.text) refers to atoi.o(.text) for atoi
    main.o(.text) refers to key.o(.text) for KeyIsResponse
    main.o(.text) refers to kmy_keydrv.o(.text) for kmy_GetKeyValue
    main.o(.text) refers to printfa.o(i.__0printf) for __2printf
    main.o(.text) refers to kmy_battarydrv.o(.text) for kmy_BatGetACStatus
[...]
    PassWordInput2                           0x08015f9f   Thumb Code    68  shurufa.o(.text)
    SendMessage                              0x080161f1   Thumb Code   526  sim900b.o(.text)
    SendMessage_TextMode                     0x080163ff   Thumb Code   246  sim900b.o(.text)
    ReceiveMessageDecode_onlyPhoneNumber     0x080164f5   Thumb Code   162  sim900b.o(.text)
    ReceiveMessageDecode                     0x08016597   Thumb Code   422  sim900b.o(.text)
    ucs2_to_gb2312                           0x080167bb   Thumb Code    80  ucs2_to_gb2312.o(.text)
    ucs2str_to_gb2312str                     0x0801680b   Thumb Code   552  ucs2_to_gb2312.o(.text)
    DisplayVersion                           0x08016a79   Thumb Code    86  version.o(.text)
    my_string_replace2                       0x08016b39   Thumb Code   102  foodorder.o(.text)
    kmy_EnableDisableTime3                   0x08016b9f   Thumb Code    26  foodorder.o(.text)
    kmy_GPRSTimeSet                          0x08016bb9   Thumb Code   490  foodorder.o(.text)
    Reset_gOrderBuf                          0x08016da3   Thumb Code    14  foodorder.o(.text)
    HttpGET_VersionString                    0x08016db1   Thumb Code   330  foodorder.o(.text)
    GetHttpGETString                         0x08016efb   Thumb Code   676  foodorder.o(.text)
    GetHttpCallbackString                    0x0801719f   Thumb Code   440  foodorder.o(.text)
    GetHttpPOSTString                        0x08017357   Thumb Code   538  foodorder.o(.text)
    GetCountOfOrders                         0x08017571   Thumb Code    80  foodorder.o(.text)
    GetOneOrder                              0x080175c1   Thumb Code  1440  foodorder.o(.text)
    AcceptRejectOrders                       0x08017b61   Thumb Code    92  foodorder.o(.text)
    SeperateIpAndPort                        0x08017bbd   Thumb Code   300  foodorder.o(.text)
    GetSelectItemOfMenus_SpeedAcceptKey      0x08017ce9   Thumb Code  1184  foodorder.o(.text)
    GetSelectItemOfMenus                     0x08018189   Thumb Code   968  foodorder.o(.text)
    AddCarriage                              0x08018551   Thumb Code   106  foodorder.o(.text)
    BeepLound                                0x080185bb   Thumb Code    18  foodorder.o(.text)
    PrintOrder                               0x080185db   Thumb Code  1674  foodorder.o(.text)
    DisplayOrder                             0x08018c65   Thumb Code   156  foodorder.o(.text)
    GetSelectOrderID                         0x08018d01   Thumb Code   152  foodorder.o(.text)
    DeleteOneOrder                           0x08018d99   Thumb Code   150  foodorder.o(.text)
    InitOrder                                0x08018e2f   Thumb Code    20  foodorder.o(.text)
    ReadOutOrders                            0x08018e43   Thumb Code   614  foodorder.o(.text)
    Reprint_ConfirmOrder                     0x080190a9   Thumb Code   138  foodorder.o(.text)
    ReprintLastOrder                         0x08019133   Thumb Code   120  foodorder.o(.text)
    GetSelectOrder                           0x080191ab   Thumb Code    62  foodorder.o(.text)
    StoreAnOrder                             0x080191e9   Thumb Code   186  foodorder.o(.text)
    InputDeliveryTime                        0x080192a3   Thumb Code    36  foodorder.o(.text)
    CheckTimeFormat                          0x080192c7   Thumb Code    84  foodorder.o(.text)
    AcceptOrder_SpeedKey                     0x0801931b   Thumb Code   700  foodorder.o(.text)
    GetRejectReason                          0x080195d7   Thumb Code   168  foodorder.o(.text)
    AcceptOrder                              0x0801967f   Thumb Code  1052  foodorder.o(.text)
    RejectOrder                              0x08019a9b   Thumb Code   712  foodorder.o(.text)
    AcceptRejectMenu                         0x08019d63   Thumb Code   104  foodorder.o(.text)
    HaveReceiveOrder                         0x08019dcb   Thumb Code   566  foodorder.o(.text)
    AutoPrintOrder                           0x0801a001   Thumb Code   342  foodorder.o(.text)
    Latest_Orders                            0x0801a157   Thumb Code   384  foodorder.o(.text)
    Confirm_Orders                           0x0801a2d7   Thumb Code   220  foodorder.o(.text)
    gprs_GetTcpConnectATString               0x0801a3b3   Thumb Code   564  foodorder.o(.text)
    StoreVersion                             0x0801a5e7   Thumb Code   192  foodorder.o(.text)
    GPRS_Thread                              0x0801a6a7   Thumb Code  1932  foodorder.o(.text)
    CheckOrderFailWarn                       0x0801ae33   Thumb Code    26  foodorder.o(.text)
    RTC_IRQHandler                           0x0801b02d   Thumb Code    22  stm32f10x_it.o(.text)
    NMI_Handler                              0x0801b043   Thumb Code     2  stm32f10x_it.o(.text)
    HardFault_Handler                        0x0801b045   Thumb Code    10  stm32f10x_it.o(.text)
    MemManage_Handler                        0x0801b04f   Thumb Code    10  stm32f10x_it.o(.text)
    BusFault_Handler                         0x0801b059   Thumb Code    10  stm32f10x_it.o(.text)
    UsageFault_Handler                       0x0801b063   Thumb Code    10  stm32f10x_it.o(.text)
    SVC_Handler                              0x0801b06d   Thumb Code     2  stm32f10x_it.o(.text)
    DebugMon_Handler                         0x0801b06f   Thumb Code     2  stm32f10x_it.o(.text)
    PendSV_Handler                           0x0801b071   Thumb Code     2  stm32f10x_it.o(.text)
    SysTick_Handler                          0x0801b073   Thumb Code     2  stm32f10x_it.o(.text)
    SystemInit                               0x0801b171   Thumb Code    76  system_stm32f10x.o(.text)
    SystemCoreClockUpdate                    0x0801b1bd   Thumb Code   142  system_stm32f10x.o(.text)
    Reset_Handler                            0x0801b275   Thumb Code     8  startup_stm32f10x_md_vl.o(.text)
    ADC1_IRQHandler                          0x0801b28f   Thumb Code     0  startup_stm32f10x_md_vl.o(.text)
    CEC_IRQHandler                           0x0801b28f   Thumb Code     0  startup_stm32f10x_md_vl.o(.text)
    DMA1_Channel1_IRQHandler                 0x0801b28f   Thumb Code     0  startup_stm32f10x_md_vl.o(.text)
    DMA1_Channel2_IRQHandler                 0x0801b28f   Thumb Code     0  startup_stm32f10x_md_vl.o(.text)
    DMA1_Channel3_IRQHandler                 0x0801b28f   Thumb Code     0  startup_stm32f10x_md_vl.o(.text)
    DMA1_Channel4_IRQHandler                 0x0801b28f   Thumb Code     0  startup_stm32f10x_md_vl.o(.text)
    DMA1_Channel5_IRQHandler                 0x0801b28f   Thumb Code     0  startup_stm32f10x_md_vl.o(.text)
    DMA1_Channel6_IRQHandler                 0x0801b28f   Thumb Code     0  startup_stm32f10x_md_vl.o(.text)
    DMA1_Channel7_IRQHandler                 0x0801b28f   Thumb Code     0  startup_stm32f10x_md_vl.o(.text)
    EXTI15_10_IRQHandler                     0x0801b28f   Thumb Code     0  startup_stm32f10x_md_vl.o(.text)
    EXTI1_IRQHandler                         0x0801b28f   Thumb Code     0  startup_stm32f10x_md_vl.o(.text)
    EXTI2_IRQHandler                         0x0801b28f   Thumb Code     0  startup_stm32f10x_md_vl.o(.text)
    EXTI3_IRQHandler                         0x0801b28f   Thumb Code     0  startup_stm32f10x_md_vl.o(.text)
    EXTI4_IRQHandler                         0x0801b28f   Thumb Code     0  startup_stm32f10x_md_vl.o(.text)
    EXTI9_5_IRQHandler                       0x0801b28f   Thumb Code     0  startup_stm32f10x_md_vl.o(.text)
    FLASH_IRQHandler                         0x0801b28f   Thumb Code     0  startup_stm32f10x_md_vl.o(.text)
    I2C1_ER_IRQHandler                       0x0801b28f   Thumb Code     0  startup_stm32f10x_md_vl.o(.text)
    I2C1_EV_IRQHandler                       0x0801b28f   Thumb Code     0  startup_stm32f10x_md_vl.o(.text)
    I2C2_ER_IRQHandler                       0x0801b28f   Thumb Code     0  startup_stm32f10x_md_vl.o(.text)
    I2C2_EV_IRQHandler                       0x0801b28f   Thumb Code     0  startup_stm32f10x_md_vl.o(.text)
    PVD_IRQHandler                           0x0801b28f   Thumb Code     0  startup_stm32f10x_md_vl.o(.text)
    RCC_IRQHandler                           0x0801b28f   Thumb Code     0  startup_stm32f10x_md_vl.o(.text)
    RTCAlarm_IRQHandler                      0x0801b28f   Thumb Code     0  startup_stm32f10x_md_vl.o(.text)
    SPI1_IRQHandler                          0x0801b28f   Thumb Code     0  startup_stm32f10x_md_vl.o(.text)
    SPI2_IRQHandler                          0x0801b28f   Thumb Code     0  startup_stm32f10x_md_vl.o(.text)
    TAMPER_IRQHandler                        0x0801b28f   Thumb Code     0  startup_stm32f10x_md_vl.o(.text)
    TIM1_BRK_TIM15_IRQHandler                0x0801b28f   Thumb Code     0  startup_stm32f10x_md_vl.o(.text)
    TIM1_CC_IRQHandler                       0x0801b28f   Thumb Code     0  startup_stm32f10x_md_vl.o(.text)
    TIM1_TRG_COM_TIM17_IRQHandler            0x0801b28f   Thumb Code     0  startup_stm32f10x_md_vl.o(.text)
    TIM1_UP_TIM16_IRQHandler                 0x0801b28f   Thumb Code     0  startup_stm32f10x_md_vl.o(.text)
    TIM4_IRQHandler                          0x0801b28f   Thumb Code     0  startup_stm32f10x_md_vl.o(.text)
    TIM6_DAC_IRQHandler                      0x0801b28f   Thumb Code     0  startup_stm32f10x_md_vl.o(.text)
    TIM7_IRQHandler                          0x0801b28f   Thumb Code     0  startup_stm32f10x_md_vl.o(.text)
    WWDG_IRQHandler                          0x0801b28f   Thumb Code     0  startup_stm32f10x_md_vl.o(.text)
    NVIC_PriorityGroupConfig                 0x0801b299   Thumb Code    10  misc.o(.text)
    NVIC_Init                                0x0801b2a3   Thumb Code   118  misc.o(.text)
    NVIC_SetVectorTable                      0x0801b319   Thumb Code    12  misc.o(.text)
    NVIC_SystemLPConfig                      0x0801b325   Thumb Code    38  misc.o(.text)
    SysTick_CLKSourceConfig                  0x0801b34b   Thumb Code    40  misc.o(.text)
    BKP_DeInit                               0x0801b391   Thumb Code    16  stm32f10x_bkp.o(.text)
    BKP_TamperPinLevelConfig                 0x0801b3a1   Thumb Code     6  stm32f10x_bkp.o(.text)
    BKP_TamperPinCmd                         0x0801b3a7   Thumb Code     6  stm32f10x_bkp.o(.text)
    BKP_ITConfig                             0x0801b3ad   Thumb Code     6  stm32f10x_bkp.o(.text)
    BKP_RTCOutputConfig                      0x0801b3b3   Thumb Code    28  stm32f10x_bkp.o(.text)
    BKP_SetRTCCalibrationValue               0x0801b3cf   Thumb Code    28  stm32f10x_bkp.o(.text)
    BKP_WriteBackupRegister                  0x0801b3eb   Thumb Code    12  stm32f10x_bkp.o(.text)
    BKP_ReadBackupRegister                   0x0801b3f7   Thumb Code    14  stm32f10x_bkp.o(.text)
    BKP_GetFlagStatus                        0x0801b405   Thumb Code     8  stm32f10x_bkp.o(.text)
    BKP_ClearFlag                            0x0801b40d   Thumb Code    16  stm32f10x_bkp.o(.text)
    BKP_GetITStatus                          0x0801b41d   Thumb Code     8  stm32f10x_bkp.o(.text)
    BKP_ClearITPendingBit                    0x0801b425   Thumb Code    16  stm32f10x_bkp.o(.text)
    EXTI_DeInit                              0x0801b455   Thumb Code    30  stm32f10x_exti.o(.text)
    EXTI_Init                                0x0801b473   Thumb Code   160  stm32f10x_exti.o(.text)
    EXTI_StructInit                          0x0801b513   Thumb Code    16  stm32f10x_exti.o(.text)
    EXTI_GenerateSWInterrupt                 0x0801b523   Thumb Code    16  stm32f10x_exti.o(.text)
    EXTI_GetFlagStatus                       0x0801b533   Thumb Code    20  stm32f10x_exti.o(.text)
    EXTI_ClearFlag                           0x0801b547   Thumb Code     6  stm32f10x_exti.o(.text)
    EXTI_GetITStatus                         0x0801b54d   Thumb Code    34  stm32f10x_exti.o(.text)
    EXTI_ClearITPendingBit                   0x0801b56f   Thumb Code     6  stm32f10x_exti.o(.text)
    FLASH_SetLatency                         0x0801b591   Thumb Code    18  stm32f10x_flash.o(.text)
    FLASH_HalfCycleAccessCmd                 0x0801b5a3   Thumb Code    22  stm32f10x_flash.o(.text)
    FLASH_PrefetchBufferCmd                  0x0801b5b9   Thumb Code    22  stm32f10x_flash.o(.text)
    FLASH_Unlock                             0x0801b5cf   Thumb Code    12  stm32f10x_flash.o(.text)
    FLASH_UnlockBank1                        0x0801b5db   Thumb Code    12  stm32f10x_flash.o(.text)
    FLASH_Lock                               0x0801b5e7   Thumb Code    14  stm32f10x_flash.o(.text)
    FLASH_LockBank1                          0x0801b5f5   Thumb Code    14  stm32f10x_flash.o(.text)
    FLASH_GetBank1Status                     0x0801b603   Thumb Code    50  stm32f10x_flash.o(.text)
    FLASH_WaitForLastOperation               0x0801b635   Thumb Code    38  stm32f10x_flash.o(.text)
    FLASH_ErasePage                          0x0801b65b   Thumb Code    72  stm32f10x_flash.o(.text)
    FLASH_EraseAllPages                      0x0801b6a3   Thumb Code    68  stm32f10x_flash.o(.text)
    FLASH_WaitForLastBank1Operation          0x0801b6e7   Thumb Code    38  stm32f10x_flash.o(.text)
    FLASH_EraseAllBank1Pages                 0x0801b70d   Thumb Code    68  stm32f10x_flash.o(.text)
    FLASH_GetReadOutProtectionStatus         0x0801b751   Thumb Code    20  stm32f10x_flash.o(.text)
    FLASH_EraseOptionBytes                   0x0801b765   Thumb Code   152  stm32f10x_flash.o(.text)
    FLASH_ProgramWord                        0x0801b7fd   Thumb Code    96  stm32f10x_flash.o(.text)
    FLASH_ProgramHalfWord                    0x0801b85d   Thumb Code    60  stm32f10x_flash.o(.text)
    FLASH_ProgramOptionByteData              0x0801b899   Thumb Code    72  stm32f10x_flash.o(.text)
    FLASH_EnableWriteProtection              0x0801b8e1   Thumb Code   208  stm32f10x_flash.o(.text)
    FLASH_ReadOutProtection                  0x0801b9b1   Thumb Code   156  stm32f10x_flash.o(.text)
    FLASH_UserOptionByteConfig               0x0801ba4d   Thumb Code    88  stm32f10x_flash.o(.text)
    FLASH_GetUserOptionByte                  0x0801baa5   Thumb Code     8  stm32f10x_flash.o(.text)
    FLASH_GetWriteProtectionOptionByte       0x0801baad   Thumb Code     6  stm32f10x_flash.o(.text)
    FLASH_GetPrefetchBufferStatus            0x0801bab3   Thumb Code    20  stm32f10x_flash.o(.text)
    FLASH_ITConfig                           0x0801bac7   Thumb Code    26  stm32f10x_flash.o(.text)
    FLASH_GetFlagStatus                      0x0801bae1   Thumb Code    42  stm32f10x_flash.o(.text)
    FLASH_ClearFlag                          0x0801bb0b   Thumb Code     6  stm32f10x_flash.o(.text)
    FLASH_GetStatus                          0x0801bb11   Thumb Code    50  stm32f10x_flash.o(.text)
    GPIO_DeInit                              0x0801bb59   Thumb Code   172  stm32f10x_gpio.o(.text)
    GPIO_AFIODeInit                          0x0801bc05   Thumb Code    20  stm32f10x_gpio.o(.text)
    GPIO_Init                                0x0801bc19   Thumb Code   274  stm32f10x_gpio.o(.text)
    GPIO_StructInit                          0x0801bd2b   Thumb Code    16  stm32f10x_gpio.o(.text)
    GPIO_ReadInputDataBit                    0x0801bd3b   Thumb Code    18  stm32f10x_gpio.o(.text)
    GPIO_ReadInputData                       0x0801bd4d   Thumb Code     8  stm32f10x_gpio.o(.text)
    GPIO_ReadOutputDataBit                   0x0801bd55   Thumb Code    18  stm32f10x_gpio.o(.text)
    GPIO_ReadOutputData                      0x0801bd67   Thumb Code     8  stm32f10x_gpio.o(.text)
    GPIO_SetBits                             0x0801bd6f   Thumb Code     4  stm32f10x_gpio.o(.text)
    GPIO_ResetBits                           0x0801bd73   Thumb Code     4  stm32f10x_gpio.o(.text)
    GPIO_WriteBit                            0x0801bd77   Thumb Code    10  stm32f10x_gpio.o(.text)
    GPIO_Write                               0x0801bd81   Thumb Code     4  stm32f10x_gpio.o(.text)
    GPIO_PinLockConfig                       0x0801bd85   Thumb Code    18  stm32f10x_gpio.o(.text)
    GPIO_EventOutputConfig                   0x0801bd97   Thumb Code    26  stm32f10x_gpio.o(.text)
    GPIO_EventOutputCmd                      0x0801bdb1   Thumb Code     6  stm32f10x_gpio.o(.text)
    GPIO_PinRemapConfig                      0x0801bdb7   Thumb Code   138  stm32f10x_gpio.o(.text)
    GPIO_EXTILineConfig                      0x0801be41   Thumb Code    66  stm32f10x_gpio.o(.text)
    GPIO_ETH_MediaInterfaceConfig            0x0801be83   Thumb Code     6  stm32f10x_gpio.o(.text)
    IWDG_WriteAccessCmd                      0x0801beb1   Thumb Code     6  stm32f10x_iwdg.o(.text)
    IWDG_SetPrescaler                        0x0801beb7   Thumb Code     6  stm32f10x_iwdg.o(.text)
    IWDG_SetReload                           0x0801bebd   Thumb Code     6  stm32f10x_iwdg.o(.text)
    IWDG_ReloadCounter                       0x0801bec3   Thumb Code    10  stm32f10x_iwdg.o(.text)
    IWDG_Enable                              0x0801becd   Thumb Code    10  stm32f10x_iwdg.o(.text)
    IWDG_GetFlagStatus                       0x0801bed7   Thumb Code    20  stm32f10x_iwdg.o(.text)
    PWR_DeInit                               0x0801bef1   Thumb Code    22  stm32f10x_pwr.o(.text)
    PWR_BackupAccessCmd                      0x0801bf07   Thumb Code     6  stm32f10x_pwr.o(.text)
    PWR_PVDCmd                               0x0801bf0d   Thumb Code     6  stm32f10x_pwr.o(.text)
    PWR_PVDLevelConfig                       0x0801bf13   Thumb Code    18  stm32f10x_pwr.o(.text)
    PWR_WakeUpPinCmd                         0x0801bf25   Thumb Code     6  stm32f10x_pwr.o(.text)
    PWR_EnterSTOPMode                        0x0801bf2b   Thumb Code    62  stm32f10x_pwr.o(.text)
    PWR_EnterSTANDBYMode                     0x0801bf69   Thumb Code    46  stm32f10x_pwr.o(.text)
    PWR_GetFlagStatus                        0x0801bf97   Thumb Code    20  stm32f10x_pwr.o(.text)
    PWR_ClearFlag                            0x0801bfab   Thumb Code    14  stm32f10x_pwr.o(.text)
    RCC_DeInit                               0x0801bfc9   Thumb Code    64  stm32f10x_rcc.o(.text)
    RCC_HSEConfig                            0x0801c009   Thumb Code    70  stm32f10x_rcc.o(.text)
    RCC_GetFlagStatus                        0x0801c04f   Thumb Code    56  stm32f10x_rcc.o(.text)
    RCC_WaitForHSEStartUp                    0x0801c087   Thumb Code    48  stm32f10x_rcc.o(.text)
    RCC_AdjustHSICalibrationValue            0x0801c0b7   Thumb Code    20  stm32f10x_rcc.o(.text)
    RCC_HSICmd                               0x0801c0cb   Thumb Code     6  stm32f10x_rcc.o(.text)
    RCC_PLLConfig                            0x0801c0d1   Thumb Code    24  stm32f10x_rcc.o(.text)
    RCC_PLLCmd                               0x0801c0e9   Thumb Code     6  stm32f10x_rcc.o(.text)
    RCC_SYSCLKConfig                         0x0801c0ef   Thumb Code    18  stm32f10x_rcc.o(.text)
    RCC_GetSYSCLKSource                      0x0801c101   Thumb Code    10  stm32f10x_rcc.o(.text)
    RCC_HCLKConfig                           0x0801c10b   Thumb Code    18  stm32f10x_rcc.o(.text)
    RCC_PCLK1Config                          0x0801c11d   Thumb Code    18  stm32f10x_rcc.o(.text)
    RCC_PCLK2Config                          0x0801c12f   Thumb Code    20  stm32f10x_rcc.o(.text)
    RCC_ITConfig                             0x0801c143   Thumb Code    30  stm32f10x_rcc.o(.text)
    RCC_USBCLKConfig                         0x0801c161   Thumb Code     6  stm32f10x_rcc.o(.text)
    RCC_ADCCLKConfig                         0x0801c167   Thumb Code    18  stm32f10x_rcc.o(.text)
    RCC_LSEConfig                            0x0801c179   Thumb Code    44  stm32f10x_rcc.o(.text)
    RCC_LSICmd                               0x0801c1a5   Thumb Code     6  stm32f10x_rcc.o(.text)
    RCC_RTCCLKConfig                         0x0801c1ab   Thumb Code    12  stm32f10x_rcc.o(.text)
    RCC_RTCCLKCmd                            0x0801c1b7   Thumb Code     6  stm32f10x_rcc.o(.text)
    RCC_GetClocksFreq                        0x0801c1bd   Thumb Code   192  stm32f10x_rcc.o(.text)
    RCC_AHBPeriphClockCmd                    0x0801c27d   Thumb Code    26  stm32f10x_rcc.o(.text)
    RCC_APB2PeriphClockCmd                   0x0801c297   Thumb Code    26  stm32f10x_rcc.o(.text)
    RCC_APB1PeriphClockCmd                   0x0801c2b1   Thumb Code    26  stm32f10x_rcc.o(.text)
    RCC_APB2PeriphResetCmd                   0x0801c2cb   Thumb Code    26  stm32f10x_rcc.o(.text)
    RCC_APB1PeriphResetCmd                   0x0801c2e5   Thumb Code    26  stm32f10x_rcc.o(.text)
    RCC_BackupResetCmd                       0x0801c2ff   Thumb Code     6  stm32f10x_rcc.o(.text)
    RCC_ClockSecuritySystemCmd               0x0801c305   Thumb Code     6  stm32f10x_rcc.o(.text)
    RCC_MCOConfig                            0x0801c30b   Thumb Code     6  stm32f10x_rcc.o(.text)
    RCC_ClearFlag                            0x0801c311   Thumb Code    14  stm32f10x_rcc.o(.text)
    RCC_GetITStatus                          0x0801c31f   Thumb Code    20  stm32f10x_rcc.o(.text)
    RCC_ClearITPendingBit                    0x0801c333   Thumb Code     6  stm32f10x_rcc.o(.text)
    RTC_ITConfig                             0x0801c36d   Thumb Code    40  stm32f10x_rtc.o(.text)
    RTC_EnterConfigMode                      0x0801c395   Thumb Code    16  stm32f10x_rtc.o(.text)
    RTC_ExitConfigMode                       0x0801c3a5   Thumb Code    20  stm32f10x_rtc.o(.text)
    RTC_GetCounter                           0x0801c3b9   Thumb Code    18  stm32f10x_rtc.o(.text)
    RTC_SetCounter                           0x0801c3cb   Thumb Code    26  stm32f10x_rtc.o(.text)
    RTC_SetPrescaler                         0x0801c3e5   Thumb Code    28  stm32f10x_rtc.o(.text)
    RTC_SetAlarm                             0x0801c401   Thumb Code    26  stm32f10x_rtc.o(.text)
    RTC_GetDivider                           0x0801c41b   Thumb Code    26  stm32f10x_rtc.o(.text)
    RTC_WaitForLastTask                      0x0801c435   Thumb Code    14  stm32f10x_rtc.o(.text)
    RTC_WaitForSynchro                       0x0801c443   Thumb Code    32  stm32f10x_rtc.o(.text)
    RTC_GetFlagStatus                        0x0801c463   Thumb Code    20  stm32f10x_rtc.o(.text)
    RTC_ClearFlag                            0x0801c477   Thumb Code    22  stm32f10x_rtc.o(.text)
    RTC_GetITStatus                          0x0801c48d   Thumb Code    34  stm32f10x_rtc.o(.text)
    RTC_ClearITPendingBit                    0x0801c4af   Thumb Code    22  stm32f10x_rtc.o(.text)
    SPI_I2S_DeInit                           0x0801c4e5   Thumb Code    76  stm32f10x_spi.o(.text)
    SPI_Init                                 0x0801c531   Thumb Code    60  stm32f10x_spi.o(.text)
    I2S_Init                                 0x0801c56d   Thumb Code   222  stm32f10x_spi.o(.text)
    SPI_StructInit                           0x0801c64b   Thumb Code    24  stm32f10x_spi.o(.text)
    I2S_StructInit                           0x0801c663   Thumb Code    20  stm32f10x_spi.o(.text)
    SPI_Cmd                                  0x0801c677   Thumb Code    24  stm32f10x_spi.o(.text)
    I2S_Cmd                                  0x0801c68f   Thumb Code    24  stm32f10x_spi.o(.text)
    SPI_I2S_ITConfig                         0x0801c6a7   Thumb Code    36  stm32f10x_spi.o(.text)
    SPI_I2S_DMACmd                           0x0801c6cb   Thumb Code    24  stm32f10x_spi.o(.text)
    SPI_I2S_SendData                         0x0801c6e3   Thumb Code     4  stm32f10x_spi.o(.text)
    SPI_I2S_ReceiveData                      0x0801c6e7   Thumb Code     6  stm32f10x_spi.o(.text)
    SPI_NSSInternalSoftwareConfig            0x0801c6ed   Thumb Code    30  stm32f10x_spi.o(.text)
    SPI_SSOutputCmd                          0x0801c70b   Thumb Code    24  stm32f10x_spi.o(.text)
    SPI_DataSizeConfig                       0x0801c723   Thumb Code    18  stm32f10x_spi.o(.text)
    SPI_TransmitCRC                          0x0801c735   Thumb Code    10  stm32f10x_spi.o(.text)
    SPI_CalculateCRC                         0x0801c73f   Thumb Code    24  stm32f10x_spi.o(.text)
    SPI_GetCRC                               0x0801c757   Thumb Code    16  stm32f10x_spi.o(.text)
    SPI_GetCRCPolynomial                     0x0801c767   Thumb Code     6  stm32f10x_spi.o(.text)
    SPI_BiDirectionalLineConfig              0x0801c76d   Thumb Code    28  stm32f10x_spi.o(.text)
    SPI_I2S_GetFlagStatus                    0x0801c789   Thumb Code    18  stm32f10x_spi.o(.text)
    SPI_I2S_ClearFlag                        0x0801c79b   Thumb Code     6  stm32f10x_spi.o(.text)
    SPI_I2S_GetITStatus                      0x0801c7a1   Thumb Code    52  stm32f10x_spi.o(.text)
    SPI_I2S_ClearITPendingBit                0x0801c7d5   Thumb Code    20  stm32f10x_spi.o(.text)
    TIM_DeInit                               0x0801c7f5   Thumb Code   424  stm32f10x_tim.o(.text)
    TIM_TimeBaseInit                         0x0801c99d   Thumb Code   122  stm32f10x_tim.o(.text)
    TIM_OC1Init                              0x0801ca17   Thumb Code   132  stm32f10x_tim.o(.text)
    TIM_OC2Init                              0x0801ca9b   Thumb Code   146  stm32f10x_tim.o(.text)
    TIM_OC3Init                              0x0801cb2d   Thumb Code   142  stm32f10x_tim.o(.text)
    TIM_OC4Init                              0x0801cbbb   Thumb Code   172  stm32f10x_tim.o(.text)
    TIM_SetIC4Prescaler                      0x0801cc67   Thumb Code    22  stm32f10x_tim.o(.text)
    TIM_SetIC3Prescaler                      0x0801ccf3   Thumb Code    18  stm32f10x_tim.o(.text)
    TIM_SetIC2Prescaler                      0x0801cd77   Thumb Code    22  stm32f10x_tim.o(.text)
    TIM_SetIC1Prescaler                      0x0801ce03   Thumb Code    18  stm32f10x_tim.o(.text)
    TIM_ICInit                               0x0801ce7f   Thumb Code   150  stm32f10x_tim.o(.text)
    TIM_PWMIConfig                           0x0801cf15   Thumb Code   124  stm32f10x_tim.o(.text)
    TIM_BDTRConfig                           0x0801cf91   Thumb Code    32  stm32f10x_tim.o(.text)
    TIM_TimeBaseStructInit                   0x0801cfb1   Thumb Code    18  stm32f10x_tim.o(.text)
    TIM_OCStructInit                         0x0801cfc3   Thumb Code    20  stm32f10x_tim.o(.text)
    TIM_ICStructInit                         0x0801cfd7   Thumb Code    18  stm32f10x_tim.o(.text)
    TIM_BDTRStructInit                       0x0801cfe9   Thumb Code    18  stm32f10x_tim.o(.text)
    TIM_Cmd                                  0x0801cffb   Thumb Code    24  stm32f10x_tim.o(.text)
    TIM_CtrlPWMOutputs                       0x0801d013   Thumb Code    52  stm32f10x_tim.o(.text)
    TIM_ITConfig                             0x0801d047   Thumb Code    24  stm32f10x_tim.o(.text)
    TIM_GenerateEvent                        0x0801d05f   Thumb Code     4  stm32f10x_tim.o(.text)
    TIM_DMAConfig                            0x0801d063   Thumb Code    10  stm32f10x_tim.o(.text)
    TIM_DMACmd                               0x0801d06d   Thumb Code    24  stm32f10x_tim.o(.text)
    TIM_InternalClockConfig                  0x0801d085   Thumb Code    12  stm32f10x_tim.o(.text)
    TIM_SelectInputTrigger                   0x0801d091   Thumb Code    18  stm32f10x_tim.o(.text)
    TIM_ITRxExternalClockConfig              0x0801d0a3   Thumb Code    24  stm32f10x_tim.o(.text)
    TIM_TIxExternalClockConfig               0x0801d0bb   Thumb Code    62  stm32f10x_tim.o(.text)
    TIM_ETRConfig                            0x0801d0f9   Thumb Code    24  stm32f10x_tim.o(.text)
    TIM_ETRClockMode1Config                  0x0801d111   Thumb Code    54  stm32f10x_tim.o(.text)
    TIM_ETRClockMode2Config                  0x0801d147   Thumb Code    32  stm32f10x_tim.o(.text)
    TIM_PrescalerConfig                      0x0801d167   Thumb Code     6  stm32f10x_tim.o(.text)
    TIM_CounterModeConfig                    0x0801d16d   Thumb Code    18  stm32f10x_tim.o(.text)
    TIM_EncoderInterfaceConfig               0x0801d17f   Thumb Code    62  stm32f10x_tim.o(.text)
    TIM_ForcedOC1Config                      0x0801d1bd   Thumb Code    18  stm32f10x_tim.o(.text)
    TIM_ForcedOC2Config                      0x0801d1cf   Thumb Code    22  stm32f10x_tim.o(.text)
    TIM_ForcedOC3Config                      0x0801d1e5   Thumb Code    18  stm32f10x_tim.o(.text)
    TIM_ForcedOC4Config                      0x0801d1f7   Thumb Code    22  stm32f10x_tim.o(.text)
    TIM_ARRPreloadConfig                     0x0801d20d   Thumb Code    24  stm32f10x_tim.o(.text)
    TIM_SelectCOM                            0x0801d225   Thumb Code    24  stm32f10x_tim.o(.text)
    TIM_SelectCCDMA                          0x0801d23d   Thumb Code    24  stm32f10x_tim.o(.text)
    TIM_CCPreloadControl                     0x0801d255   Thumb Code    24  stm32f10x_tim.o(.text)
    TIM_OC1PreloadConfig                     0x0801d26d   Thumb Code    18  stm32f10x_tim.o(.text)
    TIM_OC2PreloadConfig                     0x0801d27f   Thumb Code    22  stm32f10x_tim.o(.text)
    TIM_OC3PreloadConfig                     0x0801d295   Thumb Code    18  stm32f10x_tim.o(.text)
    TIM_OC4PreloadConfig                     0x0801d2a7   Thumb Code    22  stm32f10x_tim.o(.text)
    TIM_OC1FastConfig                        0x0801d2bd   Thumb Code    18  stm32f10x_tim.o(.text)
    TIM_OC2FastConfig                        0x0801d2cf   Thumb Code    22  stm32f10x_tim.o(.text)
    TIM_OC3FastConfig                        0x0801d2e5   Thumb Code    18  stm32f10x_tim.o(.text)
    TIM_OC4FastConfig                        0x0801d2f7   Thumb Code    22  stm32f10x_tim.o(.text)
    TIM_ClearOC1Ref                          0x0801d30d   Thumb Code    18  stm32f10x_tim.o(.text)
    TIM_ClearOC2Ref                          0x0801d31f   Thumb Code    20  stm32f10x_tim.o(.text)
    TIM_ClearOC3Ref                          0x0801d333   Thumb Code    18  stm32f10x_tim.o(.text)
    TIM_ClearOC4Ref                          0x0801d345   Thumb Code    20  stm32f10x_tim.o(.text)
    TIM_OC1PolarityConfig                    0x0801d359   Thumb Code    18  stm32f10x_tim.o(.text)
    TIM_OC1NPolarityConfig                   0x0801d36b   Thumb Code    18  stm32f10x_tim.o(.text)
    TIM_OC2PolarityConfig                    0x0801d37d   Thumb Code    22  stm32f10x_tim.o(.text)
    TIM_OC2NPolarityConfig                   0x0801d393   Thumb Code    22  stm32f10x_tim.o(.text)
    TIM_OC3PolarityConfig                    0x0801d3a9   Thumb Code    22  stm32f10x_tim.o(.text)
    TIM_OC3NPolarityConfig                   0x0801d3bf   Thumb Code    22  stm32f10x_tim.o(.text)
    TIM_OC4PolarityConfig                    0x0801d3d5   Thumb Code    22  stm32f10x_tim.o(.text)
    TIM_CCxCmd                               0x0801d3eb   Thumb Code    34  stm32f10x_tim.o(.text)
    TIM_CCxNCmd                              0x0801d40d   Thumb Code    34  stm32f10x_tim.o(.text)
    TIM_SelectOCxM                           0x0801d42f   Thumb Code    82  stm32f10x_tim.o(.text)
    TIM_UpdateDisableConfig                  0x0801d481   Thumb Code    24  stm32f10x_tim.o(.text)
    TIM_UpdateRequestConfig                  0x0801d499   Thumb Code    24  stm32f10x_tim.o(.text)
    TIM_SelectHallSensor                     0x0801d4b1   Thumb Code    24  stm32f10x_tim.o(.text)
    TIM_SelectOnePulseMode                   0x0801d4c9   Thumb Code    18  stm32f10x_tim.o(.text)
    TIM_SelectOutputTrigger                  0x0801d4db   Thumb Code    18  stm32f10x_tim.o(.text)
    TIM_SelectSlaveMode                      0x0801d4ed   Thumb Code    18  stm32f10x_tim.o(.text)
    TIM_SelectMasterSlaveMode                0x0801d4ff   Thumb Code    18  stm32f10x_tim.o(.text)
    TIM_SetCounter                           0x0801d511   Thumb Code     4  stm32f10x_tim.o(.text)
    TIM_SetAutoreload                        0x0801d515   Thumb Code     4  stm32f10x_tim.o(.text)
    TIM_SetCompare1                          0x0801d519   Thumb Code     4  stm32f10x_tim.o(.text)
    TIM_SetCompare2                          0x0801d51d   Thumb Code     4  stm32f10x_tim.o(.text)
    TIM_SetCompare3                          0x0801d521   Thumb Code     4  stm32f10x_tim.o(.text)
    TIM_SetCompare4                          0x0801d525   Thumb Code     6  stm32f10x_tim.o(.text)
    TIM_SetClockDivision                     0x0801d52b   Thumb Code    18  stm32f10x_tim.o(.text)
    TIM_GetCapture1                          0x0801d53d   Thumb Code     6  stm32f10x_tim.o(.text)
    TIM_GetCapture2                          0x0801d543   Thumb Code     6  stm32f10x_tim.o(.text)
    TIM_GetCapture3                          0x0801d549   Thumb Code     6  stm32f10x_tim.o(.text)
    TIM_GetCapture4                          0x0801d54f   Thumb Code     8  stm32f10x_tim.o(.text)
    TIM_GetCounter                           0x0801d557   Thumb Code     6  stm32f10x_tim.o(.text)
    TIM_GetPrescaler                         0x0801d55d   Thumb Code     6  stm32f10x_tim.o(.text)
    TIM_GetFlagStatus                        0x0801d563   Thumb Code    18  stm32f10x_tim.o(.text)
    TIM_ClearFlag                            0x0801d575   Thumb Code     6  stm32f10x_tim.o(.text)
    TIM_GetITStatus                          0x0801d57b   Thumb Code    34  stm32f10x_tim.o(.text)
    TIM_ClearITPendingBit                    0x0801d59d   Thumb Code     6  stm32f10x_tim.o(.text)
    USART_DeInit                             0x0801d5a5   Thumb Code   134  stm32f10x_usart.o(.text)
    USART_Init                               0x0801d62b   Thumb Code   210  stm32f10x_usart.o(.text)
    USART_StructInit                         0x0801d6fd   Thumb Code    24  stm32f10x_usart.o(.text)
    USART_ClockInit                          0x0801d715   Thumb Code    34  stm32f10x_usart.o(.text)
    USART_ClockStructInit                    0x0801d737   Thumb Code    12  stm32f10x_usart.o(.text)
    USART_Cmd                                0x0801d743   Thumb Code    24  stm32f10x_usart.o(.text)
    USART_ITConfig                           0x0801d75b   Thumb Code    74  stm32f10x_usart.o(.text)
    USART_DMACmd                             0x0801d7a5   Thumb Code    24  stm32f10x_usart.o(.text)
    USART_SetAddress                         0x0801d7bd   Thumb Code    18  stm32f10x_usart.o(.text)
    USART_WakeUpConfig                       0x0801d7cf   Thumb Code    18  stm32f10x_usart.o(.text)
    USART_ReceiverWakeUpCmd                  0x0801d7e1   Thumb Code    24  stm32f10x_usart.o(.text)
    USART_LINBreakDetectLengthConfig         0x0801d7f9   Thumb Code    18  stm32f10x_usart.o(.text)
    USART_LINCmd                             0x0801d80b   Thumb Code    24  stm32f10x_usart.o(.text)
    USART_SendData                           0x0801d823   Thumb Code     8  stm32f10x_usart.o(.text)
    USART_ReceiveData                        0x0801d82b   Thumb Code    10  stm32f10x_usart.o(.text)
    USART_SendBreak                          0x0801d835   Thumb Code    10  stm32f10x_usart.o(.text)
    USART_SetGuardTime                       0x0801d83f   Thumb Code    16  stm32f10x_usart.o(.text)
    USART_SetPrescaler                       0x0801d84f   Thumb Code    16  stm32f10x_usart.o(.text)
    USART_SmartCardCmd                       0x0801d85f   Thumb Code    24  stm32f10x_usart.o(.text)
    USART_SmartCardNACKCmd                   0x0801d877   Thumb Code    24  stm32f10x_usart.o(.text)
    USART_HalfDuplexCmd                      0x0801d88f   Thumb Code    24  stm32f10x_usart.o(.text)
    USART_OverSampling8Cmd                   0x0801d8a7   Thumb Code    22  stm32f10x_usart.o(.text)
    USART_OneBitMethodCmd                    0x0801d8bd   Thumb Code    24  stm32f10x_usart.o(.text)
    USART_IrDAConfig                         0x0801d8d5   Thumb Code    18  stm32f10x_usart.o(.text)
    USART_IrDACmd                            0x0801d8e7   Thumb Code    24  stm32f10x_usart.o(.text)
    USART_GetFlagStatus                      0x0801d8ff   Thumb Code    26  stm32f10x_usart.o(.text)
    USART_ClearFlag                          0x0801d919   Thumb Code    18  stm32f10x_usart.o(.text)
    USART_GetITStatus                        0x0801d92b   Thumb Code    84  stm32f10x_usart.o(.text)
    USART_ClearITPendingBit                  0x0801d97f   Thumb Code    50  stm32f10x_usart.o(.text)
    kmy_USART1SendString                     0x0801d9cb   Thumb Code    22  kmy_usart1drv.o(.text)
    kmy_USART1Init                           0x0801d9e1   Thumb Code   176  kmy_usart1drv.o(.text)
    kmy_USART1SendData                       0x0801da91   Thumb Code    24  kmy_usart1drv.o(.text)
    USART1_IRQHandler                        0x0801daa9   Thumb Code   104  kmy_usart1drv.o(.text)
    kmy_USART1ReceiveReset                   0x0801db11   Thumb Code    12  kmy_usart1drv.o(.text)
    kmy_USART1ReceiveData                    0x0801db1d   Thumb Code    98  kmy_usart1drv.o(.text)
    kmy_USART2Init                           0x0801dbdd   Thumb Code   172  kmy_usart2drv.o(.text)
    kmy_USART2SendString                     0x0801dca3   Thumb Code    22  kmy_usart2drv.o(.text)
    kmy_USART2SendData                       0x0801dcb9   Thumb Code    24  kmy_usart2drv.o(.text)
    USART2_IRQHandler                        0x0801dcd1   Thumb Code   106  kmy_usart2drv.o(.text)
    kmy_USART2ReceiveReset                   0x0801dd3b   Thumb Code    24  kmy_usart2drv.o(.text)
    kmy_USART2ReceiveData                    0x0801dd53   Thumb Code   100  kmy_usart2drv.o(.text)
    kmy_USART2CheckBuff                      0x0801ddb7   Thumb Code    26  kmy_usart2drv.o(.text)
    kmy_USART2ShowBuff                       0x0801ddd1   Thumb Code    12  kmy_usart2drv.o(.text)
    kmy_USART2ReadToEnd                      0x0801dddd   Thumb Code    70  kmy_usart2drv.o(.text)
    kmy_USART3Init                           0x0801de69   Thumb Code   166  kmy_usart3drv.o(.text)
    kmy_USART3SendString                     0x0801df29   Thumb Code    22  kmy_usart3drv.o(.text)
    kmy_USART3SendData                       0x0801df3f   Thumb Code    24  kmy_usart3drv.o(.text)
    USART3_IRQHandler                        0x0801df57   Thumb Code   114  kmy_usart3drv.o(.text)
    kmy_USART3ReceiveReset                   0x0801dfc9   Thumb Code    22  kmy_usart3drv.o(.text)
    kmy_USART3ReceiveData                    0x0801dfdf   Thumb Code    98  kmy_usart3drv.o(.text)
    kmy_BatInit                              0x0801e07d   Thumb Code    62  kmy_battarydrv.o(.text)
    kmy_BatGetChargeStatus                   0x0801e0bb   Thumb Code    28  kmy_battarydrv.o(.text)
    kmy_BatGetACStatus                       0x0801e0d7   Thumb Code    26  kmy_battarydrv.o(.text)
    kmy_BeepInit                             0x0801e0f9   Thumb Code    32  kmy_beepdrv.o(.text)
    kmy_BeepOn                               0x0801e119   Thumb Code    14  kmy_beepdrv.o(.text)
    kmy_BeepOff                              0x0801e127   Thumb Code    14  kmy_beepdrv.o(.text)
    kmy_EepromReadByte                       0x0801e407   Thumb Code   104  kmy_eepromdrv.o(.text)
    kmy_EepromWriteByte                      0x0801e46f   Thumb Code   112  kmy_eepromdrv.o(.text)
    kmy_EepromWritePage                      0x0801e4df   Thumb Code   120  kmy_eepromdrv.o(.text)
    kmy_EepromReadSequent                    0x0801e557   Thumb Code   128  kmy_eepromdrv.o(.text)
    kmy_EepromWrite                          0x0801e5d7   Thumb Code   464  kmy_eepromdrv.o(.text)
    kmy_EepromInit                           0x0801e7a7   Thumb Code     8  kmy_eepromdrv.o(.text)
    kmy_Eepromtest                           0x0801e7af   Thumb Code    54  kmy_eepromdrv.o(.text)
    kmy_EepromCheckWhetherBlackChip          0x0801e7e5   Thumb Code   216  kmy_eepromdrv.o(.text)
    SPIGpioInit                              0x0801e8f1   Thumb Code    98  kmy_flashdrv.o(.text)
    kmy_FlashSendByte                        0x0801e953   Thumb Code    50  kmy_flashdrv.o(.text)
    kmy_FlashInit                            0x0801e985   Thumb Code   118  kmy_flashdrv.o(.text)
    kmy_FlashReadID                          0x0801e9fb   Thumb Code    74  kmy_flashdrv.o(.text)
    kmy_FlashWriteEnable                     0x0801ea45   Thumb Code    26  kmy_flashdrv.o(.text)
    kmy_FlashWaitForWriteEnd                 0x0801ea5f   Thumb Code    46  kmy_flashdrv.o(.text)
    kmy_FlashEraseSector                     0x0801ea8d   Thumb Code    58  kmy_flashdrv.o(.text)
    kmy_FlashEraseBulk                       0x0801eac7   Thumb Code    34  kmy_flashdrv.o(.text)
    kmy_FlashWritePage                       0x0801eae9   Thumb Code    82  kmy_flashdrv.o(.text)
    kmy_FlashWriteBuffer                     0x0801eb3b   Thumb Code   290  kmy_flashdrv.o(.text)
    kmy_FlashReadBuffer                      0x0801ec5d   Thumb Code    76  kmy_flashdrv.o(.text)
    kmy_GprsOnOff                            0x0801ecb1   Thumb Code    48  kmy_gprsdrv.o(.text)
    kmy_GprsInit                             0x0801ece1   Thumb Code    74  kmy_gprsdrv.o(.text)
    kmy_KeyUsedInterruptScanInit             0x0801ed31   Thumb Code    74  kmy_keydrv.o(.text)
    kmy_KeyInit                              0x0801ed7b   Thumb Code    58  kmy_keydrv.o(.text)
    SetRow                                   0x0801edb5   Thumb Code   372  kmy_keydrv.o(.text)
    GetRow                                   0x0801ef29   Thumb Code  1196  kmy_keydrv.o(.text)
    ResetRow                                 0x0801f3d5   Thumb Code    38  kmy_keydrv.o(.text)
    __KeyScan                                0x0801f3fb   Thumb Code   118  kmy_keydrv.o(.text)
    KeyScan                                  0x0801f471   Thumb Code    36  kmy_keydrv.o(.text)
    kmy_GetKeyValue                          0x0801f495   Thumb Code   132  kmy_keydrv.o(.text)
    kmy_AutoOffLcdLight                      0x0801f519   Thumb Code    26  kmy_keydrv.o(.text)
    kmy_AutoPostKey                          0x0801f533   Thumb Code    26  kmy_keydrv.o(.text)
    kmy_PostKey                              0x0801f54d   Thumb Code     6  kmy_keydrv.o(.text)
    kmy_EnterPowerDownMode                   0x0801f553   Thumb Code    62  kmy_keydrv.o(.text)
    EXTI0_IRQHandler                         0x0801f591   Thumb Code    38  kmy_keydrv.o(.text)
    LcdInitGPIO                              0x0801f5bd   Thumb Code    66  kmy_lcddrv.o(.text)
    data_send                                0x0801f5ff   Thumb Code    82  kmy_lcddrv.o(.text)
    write_command                            0x0801f651   Thumb Code    34  kmy_lcddrv.o(.text)
    write_data                               0x0801f673   Thumb Code    32  kmy_lcddrv.o(.text)
    LCDSetXY                                 0x0801f693   Thumb Code    38  kmy_lcddrv.o(.text)
    lcd_delay_us                             0x0801f6b9   Thumb Code    10  kmy_lcddrv.o(.text)
    LcdInitLCDC                              0x0801f6f3   Thumb Code   176  kmy_lcddrv.o(.text)
    kmy_LcdInit                              0x0801f7a3   Thumb Code    12  kmy_lcddrv.o(.text)
    kmy_LcdClear                             0x0801f7af   Thumb Code    48  kmy_lcddrv.o(.text)
    kmy_LcdBlackLightOn                      0x0801f7df   Thumb Code    14  kmy_lcddrv.o(.text)
    kmy_LcdBlackLightOff                     0x0801f7ed   Thumb Code    14  kmy_lcddrv.o(.text)
    ClearBuffAnyByte_bits                    0x0801f863   Thumb Code    20  kmy_lcddrv.o(.text)
    kmy_LcdDrawBitMap                        0x0801f877   Thumb Code   610  kmy_lcddrv.o(.text)
    kmy_LcdGetChineseDot                     0x0801fb2b   Thumb Code    18  kmy_lcddrv.o(.text)
    kmy_LcdTextOut                           0x0801fb3d   Thumb Code   130  kmy_lcddrv.o(.text)
    kmy_LcdDrawLine                          0x0801fbbf   Thumb Code   396  kmy_lcddrv.o(.text)
    kmy_LcdDrawRect                          0x0801fd9d   Thumb Code   478  kmy_lcddrv.o(.text)
    kmy_LcdSetContrast                       0x0801ff7b   Thumb Code    34  kmy_lcddrv.o(.text)
    kmy_LedInit                              0x0801ffa1   Thumb Code    32  kmy_leddrv.o(.text)
    kmy_LedDataLedOn                         0x0801ffc1   Thumb Code    14  kmy_leddrv.o(.text)
    kmy_LedDataLedOff                        0x0801ffcf   Thumb Code    14  kmy_leddrv.o(.text)
    kmy_LedPaparLedOn                        0x0801ffdd   Thumb Code    14  kmy_leddrv.o(.text)
    kmy_LedPaparLedOff                       0x0801ffeb   Thumb Code    14  kmy_leddrv.o(.text)
    kmy_MagcardInit                          0x0801fffd   Thumb Code    38  kmy_magcarddrv.o(.text)
    GetValidNumber                           0x080202a5   Thumb Code    56  kmy_magcarddrv.o(.text)
    check5bits                               0x080202dd   Thumb Code    70  kmy_magcarddrv.o(.text)
    my_BitsExchange                          0x08020323   Thumb Code    34  kmy_magcarddrv.o(.text)
    my_BuffBitsExchange                      0x08020345   Thumb Code    28  kmy_magcarddrv.o(.text)
    my_BuffHeadTailExchange                  0x08020361   Thumb Code    32  kmy_magcarddrv.o(.text)
    my_BuffAllByteShiftBytes                 0x08020381   Thumb Code    24  kmy_magcarddrv.o(.text)
    my_BuffAllByteShiftBits                  0x08020399   Thumb Code    44  kmy_magcarddrv.o(.text)
    BuffRightShift                           0x080203c5   Thumb Code    68  kmy_magcarddrv.o(.text)
    BuffAnybyte5BitsSaveAs_Byte              0x08020409   Thumb Code    84  kmy_magcarddrv.o(.text)
    UncompressVolidData                      0x0802045d   Thumb Code   398  kmy_magcarddrv.o(.text)
    kmy_MagcardRead                          0x080205eb   Thumb Code   348  kmy_magcarddrv.o(.text)
    kmy_PrinterSetcommand                    0x08020757   Thumb Code    28  kmy_printerdrv.o(.text)
    kmy_PrinterInit                          0x08020773   Thumb Code   186  kmy_printerdrv.o(.text)
    kmy_PrinterString                        0x08020917   Thumb Code   330  kmy_printerdrv.o(.text)
    kmy_PrinterBitmap                        0x08020a61   Thumb Code   540  kmy_printerdrv.o(.text)
    kmy_RCCInit                              0x08020c81   Thumb Code    88  kmy_time.o(.text)
    TIM2_IRQHandler                          0x08020cd9   Thumb Code    54  kmy_time.o(.text)
    TIM3_IRQHandler                          0x08020d0f   Thumb Code    42  kmy_time.o(.text)
    kmy_TimeInit                             0x08020d8d   Thumb Code   202  kmy_time.o(.text)
    kmy_TimeGetMilliseconds                  0x08020e57   Thumb Code     6  kmy_time.o(.text)
    kmy_TimeGetRtcSeconds                    0x08020e5d   Thumb Code     8  kmy_time.o(.text)
    k_mktime                                 0x08020e65   Thumb Code   112  kmy_time.o(.text)
    kmy_TimeSetTime                          0x08020ed5   Thumb Code    44  kmy_time.o(.text)
    kmy_TimeGetTime                          0x0802114b   Thumb Code   148  kmy_time.o(.text)
    kmy_TimeDelayUs                          0x080211df   Thumb Code    50  kmy_time.o(.text)
    sleep                                    0x08021211   Thumb Code    42  kmy_time.o(.text)
    msleep                                   0x0802123b   Thumb Code    62  kmy_time.o(.text)
    usleep                                   0x08021279   Thumb Code    88  kmy_time.o(.text)
    kmy_MiscInit                             0x080212dd   Thumb Code     8  kmy_misc.o(.text)
    kmy_MiscGetChipUniqueId                  0x080212e5   Thumb Code    64  kmy_misc.o(.text)
    kmy_MiscGetRandomNumber                  0x08021325   Thumb Code    86  kmy_misc.o(.text)
    kmy_MiscGetLibraryVersion                0x0802137b   Thumb Code    14  kmy_misc.o(.text)
    kmy_BackUpInit                           0x080213a1   Thumb Code    48  kmy_tamperdrv.o(.text)
    kmy_CheckTamper                          0x080213d1   Thumb Code    18  kmy_tamperdrv.o(.text)
    kmy_ClearTamper                          0x080213e3   Thumb Code    22  kmy_tamperdrv.o(.text)
    kmy_WatchDogInit                         0x080213f9   Thumb Code    46  kmy_watchdogdrv.o(.text)
    kmy_WatchDogResetCounter                 0x08021427   Thumb Code     8  kmy_watchdogdrv.o(.text)
    rand                                     0x08021431   Thumb Code    20  rand.o(.text)
    srand                                    0x08021445   Thumb Code     6  rand.o(.text)
    __aeabi_memcpy                           0x08021455   Thumb Code    36  memcpya.o(.text)
    __aeabi_memcpy4                          0x08021455   Thumb Code     0  memcpya.o(.text)
    __aeabi_memcpy8                          0x08021455   Thumb Code     0  memcpya.o(.text)
    __aeabi_memset                           0x08021479   Thumb Code    14  memseta.o(.text)
    __aeabi_memset4                          0x08021479   Thumb Code     0  memseta.o(.text)
    __aeabi_memset8                          0x08021479   Thumb Code     0  memseta.o(.text)
    __aeabi_memclr                           0x08021487   Thumb Code     4  memseta.o(.text)
    __aeabi_memclr4                          0x08021487   Thumb Code     0  memseta.o(.text)
    __aeabi_memclr8                          0x08021487   Thumb Code     0  memseta.o(.text)
    _memset$wrapper                          0x0802148b   Thumb Code    20  memseta.o(.text)
    strcat                                   0x0802149f   Thumb Code    28  strcat.o(.text)
    strstr                                   0x080214bb   Thumb Code    44  strstr.o(.text)
    strncpy                                  0x080214e7   Thumb Code    24  strncpy.o(.text)
    strlen                                   0x080214ff   Thumb Code    16  strlen.o(.text)
    strcmp                                   0x0802150f   Thumb Code    28  strcmp.o(.text)
    strncat                                  0x0802152b   Thumb Code    40  strncat.o(.text)
    strcpy                                   0x08021553   Thumb Code    18  strcpy.o(.text)
    atoi                                     0x08021565   Thumb Code    26  atoi.o(.text)
    __aeabi_fadd                             0x0802157f   Thumb Code   164  fadd.o(.text)
    __aeabi_fsub                             0x08021623   Thumb Code     6  fadd.o(.text)
    __aeabi_frsub                            0x08021629   Thumb Code     6  fadd.o(.text)
    __aeabi_fmul                             0x0802162f   Thumb Code   108  fmul.o(.text)
    __aeabi_fdiv                             0x0802169b   Thumb Code   128  fdiv.o(.text)
    __aeabi_dadd                             0x0802171b   Thumb Code   318  dadd.o(.text)
    __aeabi_dsub                             0x08021859   Thumb Code     6  dadd.o(.text)
    __aeabi_drsub                            0x0802185f   Thumb Code     6  dadd.o(.text)
    __aeabi_dmul                             0x08021865   Thumb Code   226  dmul.o(.text)
    __aeabi_ddiv                             0x08021947   Thumb Code   222  ddiv.o(.text)
    __aeabi_i2f                              0x08021a25   Thumb Code    18  fflti.o(.text)
    __aeabi_ui2f                             0x08021a37   Thumb Code    10  ffltui.o(.text)
    __aeabi_f2iz                             0x08021a41   Thumb Code    50  ffixi.o(.text)
    __aeabi_f2uiz                            0x08021a73   Thumb Code    40  ffixui.o(.text)
    __aeabi_cfcmpeq                          0x08021a9d   Thumb Code     0  cfcmple.o(.text)
    __aeabi_cfcmple                          0x08021a9d   Thumb Code    20  cfcmple.o(.text)
    __aeabi_cfrcmple                         0x08021ab1   Thumb Code    20  cfrcmple.o(.text)
    __aeabi_uidiv                            0x08021ac5   Thumb Code     0  uidiv.o(.text)
    __aeabi_uidivmod                         0x08021ac5   Thumb Code    44  uidiv.o(.text)
    __aeabi_uldivmod                         0x08021af1   Thumb Code   102  uldiv.o(.text)
    __aeabi_llsl                             0x08021b57   Thumb Code    30  llshl.o(.text)
    _ll_shift_l                              0x08021b57   Thumb Code     0  llshl.o(.text)
    __aeabi_lasr                             0x08021b75   Thumb Code    36  llsshr.o(.text)
    _ll_sshift_r                             0x08021b75   Thumb Code     0  llsshr.o(.text)
    strtol                                   0x08021b99   Thumb Code   112  strtol.o(.text)
    __I$use$fp                               0x08021c09   Thumb Code     0  iusefp.o(.text)
    _float_round                             0x08021c09   Thumb Code    18  fepilogue.o(.text)
    _float_epilogue                          0x08021c1b   Thumb Code    94  fepilogue.o(.text)
    _double_round                            0x08021c79   Thumb Code    26  depilogue.o(.text)
    _double_epilogue                         0x08021c93   Thumb Code   168  depilogue.o(.text)
    __aeabi_d2ulz                            0x08021d3b   Thumb Code    48  dfixul.o(.text)
    __aeabi_cdrcmple                         0x08021d6d   Thumb Code    38  cdrcmple.o(.text)
    __scatterload                            0x08021d95   Thumb Code    28  init.o(.text)
    __scatterload_rt2                        0x08021d95   Thumb Code     0  init.o(.text)
    __aeabi_llsr                             0x08021db9   Thumb Code    32  llushr.o(.text)
    _ll_ushift_r                             0x08021db9   Thumb Code     0  llushr.o(.text)
    __rt_ctype_table                         0x08021dd9   Thumb Code     4  ctype_o.o(.text)
    _strtoul                                 0x08021de1   Thumb Code   156  _strtoul.o(.text)
    _chval                                   0x08021e7d   Thumb Code    32  _chval.o(.text)
    __decompress                             0x08021e9d   Thumb Code     0  __dczerorl2.o(.text)
    __decompress1                            0x08021e9d   Thumb Code    92  __dczerorl2.o(.text)
    __0printf                                0x08021ef9   Thumb Code    22  printfa.o(i.__0printf)
    __1printf                                0x08021ef9   Thumb Code     0  printfa.o(i.__0printf)
    __2printf                                0x08021ef9   Thumb Code     0  printfa.o(i.__0printf)
    __c89printf                              0x08021ef9   Thumb Code     0  printfa.o(i.__0printf)
    printf                                   0x08021ef9   Thumb Code     0  printfa.o(i.__0printf)
    __0sprintf                               0x08021f19   Thumb Code    34  printfa.o(i.__0sprintf)
    __1sprintf                               0x08021f19   Thumb Code     0  printfa.o(i.__0sprintf)
    __2sprintf                               0x08021f19   Thumb Code     0  printfa.o(i.__0sprintf)
    __c89sprintf                             0x08021f19   Thumb Code     0  printfa.o(i.__0sprintf)
    sprintf                                  0x08021f19   Thumb Code     0  printfa.o(i.__0sprintf)
    __aeabi_errno_addr                       0x08021f41   Thumb Code     4  errno.o(i.__aeabi_errno_addr)
    __rt_errno_addr                          0x08021f41   Thumb Code     0  errno.o(i.__aeabi_errno_addr)
    __scatterload_copy                       0x08021f49   Thumb Code    14  handlers.o(i.__scatterload_copy)
    __scatterload_null                       0x08021f57   Thumb Code     2  handlers.o(i.__scatterload_null)
    __scatterload_zeroinit                   0x08021f59   Thumb Code    14  handlers.o(i.__scatterload_zeroinit)
    putc                                     0x080227ef   Thumb Code     4  putc.o(i.putc)
    InitKong                                 0x080227f2   Data          64  eepromfilesystem.o(.constdata)
    Buff0xff                                 0x08022832   Data          64  eepromfilesystem.o(.constdata)
    PoweronLogo                              0x080228c4   Data        1024  main.o(.constdata)
    logo                                     0x08022cc4   Data         156  main.o(.constdata)
    CSPNs                                    0x08022d60   Data          75  main.o(.constdata)
    pstr                                     0x08022dab   Data         120  main.o(.constdata)
    MessageIco_unread                        0x08022ef0   Data          24  message.o(.constdata)
    MessageIco_readed                        0x08022f08   Data          24  message.o(.constdata)
    HexMapChar                               0x080230e4   Data          16  mypure_library.o(.constdata)
    CharMapHex                               0x080230f4   Data         256  mypure_library.o(.constdata)
    BoyaLogo                                 0x080231f4   Data        9920  selftest.o(.constdata)
    logo2                                    0x080258b4   Data        4485  selftest.o(.constdata)
    logo3                                    0x08026a39   Data        3072  selftest.o(.constdata)
    logo4                                    0x08027639   Data         456  selftest.o(.constdata)
    logo5                                    0x08027801   Data         968  selftest.o(.constdata)
    logo6                                    0x08027bc9   Data        1024  selftest.o(.constdata)
    logo7                                    0x08027fc9   Data         165  selftest.o(.constdata)
    efile_Config                             0x08028ae0   Data           7  setting.o(.constdata)
    Configfile_des3key                       0x08028ae7   Data          25  setting.o(.constdata)
    locallanguage                            0x08028b00   Data           2  setting.o(.constdata)
    ucs2_to_gb2312_table                     0x08028ef8   Data       13526  ucs2_to_gb2312.o(.constdata)
    number_of_ucs2_4E00_9FFF                 0x0802c3ce   Data           2  ucs2_to_gb2312.o(.constdata)
    ucs2_mirror_4E00_9FFF                    0x0802c3d0   Data        2624  ucs2_to_gb2312.o(.constdata)
    ucs2_index_table_4E00_9FFF               0x0802ce10   Data         656  ucs2_to_gb2312.o(.constdata)
    number_of_bit_1                          0x0802d0a0   Data         256  ucs2_to_gb2312.o(.constdata)
    VersionString                            0x0802d1a0   Data          17  version.o(.constdata)
    VersionDate                              0x0802d1b1   Data          21  version.o(.constdata)
    printlogo                                0x0802d1c8   Data        6112  foodorder.o(.constdata)
    kmylibraryversion                        0x0802e9dc   Data          10  kmy_usart1drv.o(.constdata)
    asccii_6x12                              0x0802e9e6   Data        1536  kmy_lcddrv.o(.constdata)
    WidthZoom1                               0x0802efe8   Data           3  kmy_printerdrv.o(.constdata)
    WidthZoom2                               0x0802efeb   Data           3  kmy_printerdrv.o(.constdata)
    WidthZoom3                               0x0802efee   Data           3  kmy_printerdrv.o(.constdata)
    WidthZoom4                               0x0802eff1   Data           3  kmy_printerdrv.o(.constdata)
    WidthZoom5                               0x0802eff4   Data           3  kmy_printerdrv.o(.constdata)
    HighZoom1                                0x0802eff7   Data           3  kmy_printerdrv.o(.constdata)
    HighZoom2                                0x0802effa   Data           3  kmy_printerdrv.o(.constdata)
    HighZoom3                                0x0802effd   Data           3  kmy_printerdrv.o(.constdata)
    HighZoom4                                0x0802f000   Data           3  kmy_printerdrv.o(.constdata)
    HighZoom5                                0x0802f003   Data           3  kmy_printerdrv.o(.constdata)
    CheckPaperCom                            0x0802f006   Data           3  kmy_printerdrv.o(.constdata)
    GetPrinterVersion                        0x0802f009   Data           3  kmy_printerdrv.o(.constdata)
    ymoth                                    0x0802f010   Data          12  kmy_time.o(.constdata)
    leapmoth                                 0x0802f01c   Data          12  kmy_time.o(.constdata)
    __mon_yday                               0x0802f028   Data          52  kmy_time.o(.constdata)
    __ctype_table                            0x0802f05c   Data         129  ctype_o.o(.constdata)
    Region$$Table$$Base                      0x0802fc78   Number         0  anon$$obj.o(Region$$Table)
    Region$$Table$$Limit                     0x0802fc98   Number         0  anon$$obj.o(Region$$Table)
    Language                                 0x2000001c   Data           2  lcd.o(.data)
    ShortcutKeyEnterFlag                     0x20000020   Data           1  main.o(.data)
    InitFlag                                 0x20000021   Data           1  main.o(.data)
    RequirePin                               0x20000022   Data           1  main.o(.data)
    gEnterPowerDownFlag                      0x20000023   Data           1  main.o(.data)
    gFlashDataLED                            0x20000024   Data           1  main.o(.data)
    ATsendreceive_Lock                       0x20000025   Data           1  main.o(.data)
    gCheckOrderLock                          0x20000026   Data           1  main.o(.data)
    gCheckOrderFail                          0x20000027   Data           1  main.o(.data)
    GPRS_ONOFF                               0x20000028   Data           1  main.o(.data)
    gCountDown                               0x20000029   Data           1  main.o(.data)
    gflagSeconds                             0x2000002c   Data           4  main.o(.data)
    CurProc_Return                           0x20000050   Data           4  main.o(.data)
    CurProc                                  0x20000054   Data           4  main.o(.data)
    NoElecFlashLed                           0x20000058   Data           1  main.o(.data)
    XStor                                    0x20000068   Data         248  setting.o(.data)
    LocalStore                               0x20000160   Data          64  setting.o(.data)
    dataledflag                              0x20000277   Data           1  setting.o(.data)
    LightPercent                             0x20000278   Data           4  setting.o(.data)
    UpgradeFlag                              0x2000027c   Data           2  setting.o(.data)
    SIM_PIN                                  0x2000027e   Data           5  setting.o(.data)
    beepKG                                   0x20000283   Data           2  setting.o(.data)
    ScreenOffTimeout                         0x20000285   Data           3  setting.o(.data)
    BeepDuration                             0x20000288   Data           3  setting.o(.data)
    AcceptTimeMode                           0x2000028b   Data           2  setting.o(.data)
    CheckOrderInterval                       0x2000028d   Data           4  setting.o(.data)
    GPRSOpenTime                             0x20000291   Data           6  setting.o(.data)
    GPRSCloseTime                            0x20000297   Data           6  setting.o(.data)
    PrintNewLineFlag                         0x2000029d   Data           4  setting.o(.data)
    PrintDateFormat                          0x200002a1   Data           2  setting.o(.data)
    PrintTimeFormat                          0x200002a3   Data           2  setting.o(.data)
    PrintReceiptCount                        0x200002a5   Data           2  setting.o(.data)
    AutoAcceptOrder                          0x200002a7   Data           2  setting.o(.data)
    AutoReboot12Hours                        0x200002a9   Data           2  setting.o(.data)
    LcdBlackLightFlash                       0x200002c4   Data           1  foodorder.o(.data)
    DebugLock                                0x200002c5   Data           1  foodorder.o(.data)
    SystemCoreClock                          0x200002d0   Data           4  system_stm32f10x.o(.data)
    AHBPrescTable                            0x200002d4   Data          16  system_stm32f10x.o(.data)
    __stdout                                 0x20000320   Data           4  stdout.o(.data)
    ServerIpPortBuf                          0x20000948   Data          28  setting.o(.bss)
    Domain                                   0x20000964   Data          51  setting.o(.bss)
    ApnApn                                   0x20000997   Data          51  setting.o(.bss)
    ApnUsername                              0x200009ca   Data          22  setting.o(.bss)
    ApnPassword                              0x200009e0   Data          22  setting.o(.bss)
    EnterAdvancedSetPassWord                 0x200009f6   Data          22  setting.o(.bss)
    TerminalID                               0x20000a0c   Data          17  setting.o(.bss)
    TerminalPassword                         0x20000a1d   Data          17  setting.o(.bss)
    VersionURL                               0x20000a2e   Data         101  setting.o(.bss)
    UpgradeURL                               0x20000a93   Data         101  setting.o(.bss)
    RequestWebURL                            0x20000af8   Data         151  setting.o(.bss)
    CallbackURL                              0x20000b8f   Data         151  setting.o(.bss)
    RejectReason                             0x20000c26   Data         201  setting.o(.bss)
    ResID                                    0x20000cef   Data          11  setting.o(.bss)
    LoginWebUsername                         0x20000cfa   Data          21  setting.o(.bss)
    LoginWebPassword                         0x20000d0f   Data          21  setting.o(.bss)
    PrintPageHeader                          0x20000d24   Data          31  setting.o(.bss)
    PrintPageFooter                          0x20000d43   Data          31  setting.o(.bss)
    AcceptTimeOptions                        0x20000d62   Data         101  setting.o(.bss)
    Version                                  0x20000dc7   Data          51  setting.o(.bss)
    AutoPrintString                          0x20000dfa   Data          26  setting.o(.bss)
    gOrderBuf                                0x20000e14   Data        3072  foodorder.o(.bss)
    pBufNonBlock                             0x20001a14   Data         256  foodorder.o(.bss)
    __initial_sp                             0x20006ca8   Data           0  startup_stm32f10x_md_vl.o(STACK)



==============================================================================

Memory Map of the image

  Image Entry point : 0x08008121

  Load Region LR_IROM1 (Base: 0x08008000, Size: 0x00027fc4, Max: 0x00038000, ABSOLUTE, COMPRESSED[0x00027e00])

    Execution Region ER_IROM1 (Base: 0x08008000, Size: 0x00027c98, Max: 0x00038000, ABSOLUTE)

    Base Addr    Size         Type   Attr      Idx    E Section Name        Object

    0x08008000   0x00000120   Data   RO          653    RESET               startup_stm32f10x_md_vl.o
    0x08008120   0x00000000   Code   RO         1313  * .ARM.Collect$$$$00000000  mc_w.l(entry.o)(mc_w.l)
    0x08008120   0x00000004   Code   RO         1667    .ARM.Collect$$$$00000001  mc_w.l(entry2.o)(mc_w.l)
    0x08008124   0x00000004   Code   RO         1670    .ARM.Collect$$$$00000004  mc_w.l(entry5.o)(mc_w.l)
    0x08008128   0x00000008   Code   RO         1671    .ARM.Collect$$$$00000007  mc_w.l(entry7.o)(mc_w.l)
    0x08008130   0x00000004   Code   RO         1668    .ARM.Collect$$$$00002712  mc_w.l(entry2.o)(mc_w.l)
    0x08008134   0x00000264   Code   RO            1    .text               cursor.o
    0x08008398   0x00000b1c   Code   RO           33    .text               eepromfilesystem.o
    0x08008eb4   0x00000d80   Code   RO           85    .text               forminput.o
    0x08009c34   0x00000fb4   Code   RO          108    .text               gprs.o
    0x0800abe8   0x00000104   Code   RO          239    .text               key.o
    0x0800acec   0x00000448   Code   RO          264    .text               lcd.o
    0x0800b134   0x00000d8c   Code   RO          282    .text               main.o
    0x0800bec0   0x000014b6   Code   RO          355    .text               menuoperate.o
    0x0800d376   0x00000002   PAD
    0x0800d378   0x00001498   Code   RO          367    .text               message.o
    0x0800e810   0x000003f0   Code   RO          400    .text               my_library.o
    0x0800ec00   0x000003f0   Code   RO          412    .text               my_menuop.o
    0x0800eff0   0x000007c4   Code   RO          424    .text               mypure_library.o
    0x0800f7b4   0x00001c00   Code   RO          459    .text               selftest.o
    0x080113b4   0x00002ee0   Code   RO          483    .text               setting.o
    0x08014294   0x00001d6c   Code   RO          504    .text               shurufa.o
    0x08016000   0x00000750   Code   RO          520    .text               sim900b.o
    0x08016750   0x00000328   Code   RO          546    .text               ucs2_to_gb2312.o
    0x08016a78   0x000000c0   Code   RO          561    .text               version.o
    0x08016b38   0x000044f4   Code   RO          583    .text               foodorder.o
    0x0801b02c   0x0000007c   Code   RO          618    .text               stm32f10x_it.o
    0x0801b0a8   0x000001cc   Code   RO          633    .text               system_stm32f10x.o
    0x0801b274   0x00000024   Code   RO          654    .text               startup_stm32f10x_md_vl.o
    0x0801b298   0x000000f8   Code   RO          658    .text               misc.o
    0x0801b390   0x000000c4   Code   RO          682    .text               stm32f10x_bkp.o
    0x0801b454   0x0000013c   Code   RO          766    .text               stm32f10x_exti.o
    0x0801b590   0x000005c8   Code   RO          778    .text               stm32f10x_flash.o
    0x0801bb58   0x00000358   Code   RO          802    .text               stm32f10x_gpio.o
    0x0801beb0   0x00000040   Code   RO          826    .text               stm32f10x_iwdg.o
    0x0801bef0   0x000000d8   Code   RO          838    .text               stm32f10x_pwr.o
    0x0801bfc8   0x000003a4   Code   RO          850    .text               stm32f10x_rcc.o
    0x0801c36c   0x00000178   Code   RO          864    .text               stm32f10x_rtc.o
    0x0801c4e4   0x00000310   Code   RO          888    .text               stm32f10x_spi.o
    0x0801c7f4   0x00000dae   Code   RO          900    .text               stm32f10x_tim.o
    0x0801d5a2   0x00000002   PAD
    0x0801d5a4   0x0000040c   Code   RO          912    .text               stm32f10x_usart.o
    0x0801d9b0   0x0000022c   Code   RO          936    .text               kmy_drv.lib(kmy_usart1drv.o)(kmy_drv.lib)
    0x0801dbdc   0x0000028c   Code   RO         1042    .text               kmy_drv.lib(kmy_usart2drv.o)(kmy_drv.lib)
    0x0801de68   0x00000214   Code   RO         1060    .text               kmy_drv.lib(kmy_usart3drv.o)(kmy_drv.lib)
    0x0801e07c   0x0000007c   Code   RO         1078    .text               kmy_drv.lib(kmy_battarydrv.o)(kmy_drv.lib)
    0x0801e0f8   0x00000040   Code   RO         1093    .text               kmy_drv.lib(kmy_beepdrv.o)(kmy_drv.lib)
    0x0801e138   0x000007b8   Code   RO         1108    .text               kmy_drv.lib(kmy_eepromdrv.o)(kmy_drv.lib)
    0x0801e8f0   0x000003c0   Code   RO         1123    .text               kmy_drv.lib(kmy_flashdrv.o)(kmy_drv.lib)
    0x0801ecb0   0x00000080   Code   RO         1138    .text               kmy_drv.lib(kmy_gprsdrv.o)(kmy_drv.lib)
    0x0801ed30   0x0000088c   Code   RO         1153    .text               kmy_drv.lib(kmy_keydrv.o)(kmy_drv.lib)
    0x0801f5bc   0x000009e4   Code   RO         1173    .text               kmy_drv.lib(kmy_lcddrv.o)(kmy_drv.lib)
    0x0801ffa0   0x0000005c   Code   RO         1190    .text               kmy_drv.lib(kmy_leddrv.o)(kmy_drv.lib)
    0x0801fffc   0x0000074a   Code   RO         1205    .text               kmy_drv.lib(kmy_magcarddrv.o)(kmy_drv.lib)
    0x08020746   0x00000002   PAD
    0x08020748   0x00000538   Code   RO         1220    .text               kmy_drv.lib(kmy_printerdrv.o)(kmy_drv.lib)
    0x08020c80   0x0000065c   Code   RO         1238    .text               kmy_drv.lib(kmy_time.o)(kmy_drv.lib)
    0x080212dc   0x000000c4   Code   RO         1257    .text               kmy_drv.lib(kmy_misc.o)(kmy_drv.lib)
    0x080213a0   0x00000058   Code   RO         1273    .text               kmy_drv.lib(kmy_tamperdrv.o)(kmy_drv.lib)
    0x080213f8   0x00000036   Code   RO         1291    .text               kmy_drv.lib(kmy_watchdogdrv.o)(kmy_drv.lib)
    0x0802142e   0x00000002   PAD
    0x08021430   0x00000024   Code   RO         1357    .text               mc_w.l(rand.o)(mc_w.l)
    0x08021454   0x00000024   Code   RO         1360    .text               mc_w.l(memcpya.o)(mc_w.l)
    0x08021478   0x00000026   Code   RO         1362    .text               mc_w.l(memseta.o)(mc_w.l)
    0x0802149e   0x0000001c   Code   RO         1364    .text               mc_w.l(strcat.o)(mc_w.l)
    0x080214ba   0x0000002c   Code   RO         1366    .text               mc_w.l(strstr.o)(mc_w.l)
    0x080214e6   0x00000018   Code   RO         1368    .text               mc_w.l(strncpy.o)(mc_w.l)
    0x080214fe   0x00000010   Code   RO         1370    .text               mc_w.l(strlen.o)(mc_w.l)
    0x0802150e   0x0000001c   Code   RO         1372    .text               mc_w.l(strcmp.o)(mc_w.l)
    0x0802152a   0x00000028   Code   RO         1374    .text               mc_w.l(strncat.o)(mc_w.l)
    0x08021552   0x00000012   Code   RO         1376    .text               mc_w.l(strcpy.o)(mc_w.l)
    0x08021564   0x0000001a   Code   RO         1641    .text               mc_w.l(atoi.o)(mc_w.l)
    0x0802157e   0x000000b0   Code   RO         1643    .text               mf_w.l(fadd.o)(mf_w.l)
    0x0802162e   0x0000006c   Code   RO         1645    .text               mf_w.l(fmul.o)(mf_w.l)
    0x0802169a   0x00000080   Code   RO         1647    .text               mf_w.l(fdiv.o)(mf_w.l)
    0x0802171a   0x0000014a   Code   RO         1649    .text               mf_w.l(dadd.o)(mf_w.l)
    0x08021864   0x000000e2   Code   RO         1651    .text               mf_w.l(dmul.o)(mf_w.l)
    0x08021946   0x000000de   Code   RO         1653    .text               mf_w.l(ddiv.o)(mf_w.l)
    0x08021a24   0x00000012   Code   RO         1655    .text               mf_w.l(fflti.o)(mf_w.l)
    0x08021a36   0x0000000a   Code   RO         1657    .text               mf_w.l(ffltui.o)(mf_w.l)
    0x08021a40   0x00000032   Code   RO         1659    .text               mf_w.l(ffixi.o)(mf_w.l)
    0x08021a72   0x00000028   Code   RO         1661    .text               mf_w.l(ffixui.o)(mf_w.l)
    0x08021a9a   0x00000002   PAD
    0x08021a9c   0x00000014   Code   RO         1663    .text               mf_w.l(cfcmple.o)(mf_w.l)
    0x08021ab0   0x00000014   Code   RO         1665    .text               mf_w.l(cfrcmple.o)(mf_w.l)
    0x08021ac4   0x0000002c   Code   RO         1683    .text               mc_w.l(uidiv.o)(mc_w.l)
    0x08021af0   0x00000066   Code   RO         1685    .text               mc_w.l(uldiv.o)(mc_w.l)
    0x08021b56   0x0000001e   Code   RO         1687    .text               mc_w.l(llshl.o)(mc_w.l)
    0x08021b74   0x00000024   Code   RO         1689    .text               mc_w.l(llsshr.o)(mc_w.l)
    0x08021b98   0x00000070   Code   RO         1700    .text               mc_w.l(strtol.o)(mc_w.l)
    0x08021c08   0x00000000   Code   RO         1702    .text               mc_w.l(iusefp.o)(mc_w.l)
    0x08021c08   0x00000070   Code   RO         1703    .text               mf_w.l(fepilogue.o)(mf_w.l)
    0x08021c78   0x000000c2   Code   RO         1705    .text               mf_w.l(depilogue.o)(mf_w.l)
    0x08021d3a   0x00000030   Code   RO         1707    .text               mf_w.l(dfixul.o)(mf_w.l)
    0x08021d6a   0x00000002   PAD
    0x08021d6c   0x00000028   Code   RO         1709    .text               mf_w.l(cdrcmple.o)(mf_w.l)
    0x08021d94   0x00000024   Code   RO         1711    .text               mc_w.l(init.o)(mc_w.l)
    0x08021db8   0x00000020   Code   RO         1713    .text               mc_w.l(llushr.o)(mc_w.l)
    0x08021dd8   0x00000008   Code   RO         1717    .text               mc_w.l(ctype_o.o)(mc_w.l)
    0x08021de0   0x0000009c   Code   RO         1749    .text               mc_w.l(_strtoul.o)(mc_w.l)
    0x08021e7c   0x00000020   Code   RO         1755    .text               mc_w.l(_chval.o)(mc_w.l)
    0x08021e9c   0x0000005c   Code   RO         1769    .text               mc_w.l(__dczerorl2.o)(mc_w.l)
    0x08021ef8   0x00000020   Code   RO         1613    i.__0printf         mc_w.l(printfa.o)(mc_w.l)
    0x08021f18   0x00000028   Code   RO         1615    i.__0sprintf        mc_w.l(printfa.o)(mc_w.l)
    0x08021f40   0x00000008   Code   RO         1691    i.__aeabi_errno_addr  mc_w.l(errno.o)(mc_w.l)
    0x08021f48   0x0000000e   Code   RO         1763    i.__scatterload_copy  mc_w.l(handlers.o)(mc_w.l)
    0x08021f56   0x00000002   Code   RO         1764    i.__scatterload_null  mc_w.l(handlers.o)(mc_w.l)
    0x08021f58   0x0000000e   Code   RO         1765    i.__scatterload_zeroinit  mc_w.l(handlers.o)(mc_w.l)
    0x08021f66   0x00000002   PAD
    0x08021f68   0x00000154   Code   RO         1620    i._fp_digits        mc_w.l(printfa.o)(mc_w.l)
    0x080220bc   0x000006d4   Code   RO         1621    i._printf_core      mc_w.l(printfa.o)(mc_w.l)
    0x08022790   0x00000026   Code   RO         1622    i._printf_post_padding  mc_w.l(printfa.o)(mc_w.l)
    0x080227b6   0x0000002e   Code   RO         1623    i._printf_pre_padding  mc_w.l(printfa.o)(mc_w.l)
    0x080227e4   0x0000000a   Code   RO         1625    i._sputc            mc_w.l(printfa.o)(mc_w.l)
    0x080227ee   0x00000004   Code   RO         1318    i.putc              mc_w.l(putc.o)(mc_w.l)
    0x080227f2   0x00000080   Data   RO           35    .constdata          eepromfilesystem.o
    0x08022872   0x00000002   PAD
    0x08022874   0x00000050   Data   RO           86    .constdata          forminput.o
    0x080228c4   0x0000062c   Data   RO          284    .constdata          main.o
    0x08022ef0   0x000001f4   Data   RO          369    .constdata          message.o
    0x080230e4   0x00000110   Data   RO          425    .constdata          mypure_library.o
    0x080231f4   0x000058eb   Data   RO          460    .constdata          selftest.o
    0x08028adf   0x00000001   PAD
    0x08028ae0   0x00000378   Data   RO          485    .constdata          setting.o
    0x08028e58   0x000000a0   Data   RO          505    .constdata          shurufa.o
    0x08028ef8   0x000042a8   Data   RO          547    .constdata          ucs2_to_gb2312.o
    0x0802d1a0   0x00000026   Data   RO          562    .constdata          version.o
    0x0802d1c6   0x00000002   PAD
    0x0802d1c8   0x00001814   Data   RO          585    .constdata          foodorder.o
    0x0802e9dc   0x0000000a   Data   RO          938    .constdata          kmy_drv.lib(kmy_usart1drv.o)(kmy_drv.lib)
    0x0802e9e6   0x00000600   Data   RO         1175    .constdata          kmy_drv.lib(kmy_lcddrv.o)(kmy_drv.lib)
    0x0802efe6   0x00000002   PAD
    0x0802efe8   0x00000027   Data   RO         1221    .constdata          kmy_drv.lib(kmy_printerdrv.o)(kmy_drv.lib)
    0x0802f00f   0x00000001   PAD
    0x0802f010   0x0000004c   Data   RO         1239    .constdata          kmy_drv.lib(kmy_time.o)(kmy_drv.lib)
    0x0802f05c   0x00000081   Data   RO         1718    .constdata          mc_w.l(ctype_o.o)(mc_w.l)
    0x0802f0dd   0x00000003   PAD
    0x0802f0e0   0x00000004   Data   RO         1719    .constdata          mc_w.l(ctype_o.o)(mc_w.l)
    0x0802f0e4   0x00000079   Data   RO           87    .conststring        forminput.o
    0x0802f15d   0x00000010   Data   RO          285    .conststring        main.o
    0x0802f16d   0x000001c5   Data   RO          370    .conststring        message.o
    0x0802f332   0x00000353   Data   RO          461    .conststring        selftest.o
    0x0802f685   0x000005b5   Data   RO          486    .conststring        setting.o
    0x0802fc3a   0x00000022   Data   RO          506    .conststring        shurufa.o
    0x0802fc5c   0x0000001c   Data   RO          586    .conststring        foodorder.o
    0x0802fc78   0x00000020   Data   RO         1761    Region$$Table       anon$$obj.o


    Execution Region RW_IRAM1 (Base: 0x20000000, Size: 0x00006ca8, Max: 0x00008000, ABSOLUTE, COMPRESSED[0x00000168])

    Base Addr    Size         Type   Attr      Idx    E Section Name        Object

    0x20000000   0x00000018   Data   RW            2    .data               cursor.o
    0x20000018   0x00000004   Data   RW           36    .data               eepromfilesystem.o
    0x2000001c   0x00000002   Data   RW          265    .data               lcd.o
    0x2000001e   0x00000002   PAD
    0x20000020   0x0000003a   Data   RW          286    .data               main.o
    0x2000005a   0x00000002   PAD
    0x2000005c   0x00000009   Data   RW          371    .data               message.o
    0x20000065   0x00000003   PAD
    0x20000068   0x00000243   Data   RW          487    .data               setting.o
    0x200002ab   0x00000001   PAD
    0x200002ac   0x0000000c   Data   RW          507    .data               shurufa.o
    0x200002b8   0x00000015   Data   RW          587    .data               foodorder.o
    0x200002cd   0x00000003   PAD
    0x200002d0   0x00000014   Data   RW          634    .data               system_stm32f10x.o
    0x200002e4   0x00000014   Data   RW          851    .data               stm32f10x_rcc.o
    0x200002f8   0x00000008   Data   RW          939    .data               kmy_drv.lib(kmy_usart1drv.o)(kmy_drv.lib)
    0x20000300   0x00000008   Data   RW         1044    .data               kmy_drv.lib(kmy_usart2drv.o)(kmy_drv.lib)
    0x20000308   0x00000008   Data   RW         1062    .data               kmy_drv.lib(kmy_usart3drv.o)(kmy_drv.lib)
    0x20000310   0x0000000c   Data   RW         1154    .data               kmy_drv.lib(kmy_keydrv.o)(kmy_drv.lib)
    0x2000031c   0x00000004   Data   RW         1240    .data               kmy_drv.lib(kmy_time.o)(kmy_drv.lib)
    0x20000320   0x00000004   Data   RW         1356    .data               mc_w.l(stdout.o)(mc_w.l)
    0x20000324   0x00000004   Data   RW         1358    .data               mc_w.l(rand.o)(mc_w.l)
    0x20000328   0x00000004   Data   RW         1694    .data               mc_w.l(errno.o)(mc_w.l)
    0x2000032c   0x00000040   Zero   RW           34    .bss                eepromfilesystem.o
    0x2000036c   0x00000014   Zero   RW          283    .bss                main.o
    0x20000380   0x0000058c   Zero   RW          368    .bss                message.o
    0x2000090c   0x00000508   Zero   RW          484    .bss                setting.o
    0x20000e14   0x00000d00   Zero   RW          584    .bss                foodorder.o
    0x20001b14   0x000000c8   Zero   RW          937    .bss                kmy_drv.lib(kmy_usart1drv.o)(kmy_drv.lib)
    0x20001bdc   0x00000c00   Zero   RW         1043    .bss                kmy_drv.lib(kmy_usart2drv.o)(kmy_drv.lib)
    0x200027dc   0x000000c8   Zero   RW         1061    .bss                kmy_drv.lib(kmy_usart3drv.o)(kmy_drv.lib)
    0x200028a4   0x00000400   Zero   RW         1174    .bss                kmy_drv.lib(kmy_lcddrv.o)(kmy_drv.lib)
    0x20002ca4   0x00000004   PAD
    0x20002ca8   0x00004000   Zero   RW          651    STACK               startup_stm32f10x_md_vl.o


==============================================================================

Image component sizes


      Code (inc. data)   RO Data    RW Data    ZI Data      Debug   Object Name

         0          0          0          0          0          0   core_cm3.o
       612          6          0         24          0          0   cursor.o
      2844        378        128          4         64          0   eepromfilesystem.o
     17652       3306       6192         21       3328          0   foodorder.o
      3456        136        201          0          0          0   forminput.o
      4020        620          0          0          0          0   gprs.o
       260          4          0          0          0          0   key.o
      1096         16          0          2          0          0   lcd.o
      3468        876       1596         58         20          0   main.o
      5302        106          0          0          0          0   menuoperate.o
      5272        946        953          9       1420          0   message.o
       248         30          0          0          0          0   misc.o
      1008         50          0          0          0          0   my_library.o
      1008         16          0          0          0          0   my_menuop.o
      1988         24        272          0          0          0   mypure_library.o
      7168       2496      23614          0          0          0   selftest.o
     12000       2870       2349        579       1288          0   setting.o
      7532        336        194         12          0          0   shurufa.o
      1872        146          0          0          0          0   sim900b.o
        36          8        288          0      16384          0   startup_stm32f10x_md_vl.o
       196         32          0          0          0          0   stm32f10x_bkp.o
       316         28          0          0          0          0   stm32f10x_exti.o
      1480         52          0          0          0          0   stm32f10x_flash.o
       856         40          0          0          0          0   stm32f10x_gpio.o
       124         52          0          0          0          0   stm32f10x_it.o
        64          6          0          0          0          0   stm32f10x_iwdg.o
       216         16          0          0          0          0   stm32f10x_pwr.o
       932         52          0         20          0          0   stm32f10x_rcc.o
       376         32          0          0          0          0   stm32f10x_rtc.o
       784         12          0          0          0          0   stm32f10x_spi.o
      3502         86          0          0          0          0   stm32f10x_tim.o
      1036         20          0          0          0          0   stm32f10x_usart.o
       460         42          0         20          0          0   system_stm32f10x.o
       808         70      17064          0          0          0   ucs2_to_gb2312.o
       192        106         38          0          0          0   version.o

    ----------------------------------------------------------------------
     88188      13016      52926        760      22504          0   Object Totals
         0          0         32          0          0          0   (incl. Generated)
         4          0          5         11          0          3   (incl. Padding)

    ----------------------------------------------------------------------

      Code (inc. data)   RO Data    RW Data    ZI Data      Debug   Library Member Name

       124          8          0          0          0          0   kmy_battarydrv.o
        64          4          0          0          0          0   kmy_beepdrv.o
      1976         58          0          0          0          0   kmy_eepromdrv.o
       960          8          0          0          0          0   kmy_flashdrv.o
       128          6          0          0          0          0   kmy_gprsdrv.o
      2188         56          0         12          0          0   kmy_keydrv.o
      2532         58       1536          0       1024          0   kmy_lcddrv.o
        92          4          0          0          0          0   kmy_leddrv.o
      1866          6          0          0          0          0   kmy_magcarddrv.o
       196         24          0          0          0          0   kmy_misc.o
      1336        186         39          0          0          0   kmy_printerdrv.o
        88          0          0          0          0          0   kmy_tamperdrv.o
      1628         34         76          4          0          0   kmy_time.o
       556         94         10          8        200          0   kmy_usart1drv.o
       652         70          0          8       3072          0   kmy_usart2drv.o
       532         60          0          8        200          0   kmy_usart3drv.o
        54          0          0          0          0          0   kmy_watchdogdrv.o
        92          0          0          0          0          0   __dczerorl2.o
        32          0          0          0          0          0   _chval.o
       156          0          0          0          0          0   _strtoul.o
        26          0          0          0          0          0   atoi.o
         8          4        133          0          0          0   ctype_o.o
         0          0          0          0          0          0   entry.o
         8          4          0          0          0          0   entry2.o
         4          0          0          0          0          0   entry5.o
         8          4          0          0          0          0   entry7.o
         8          4          0          4          0          0   errno.o
        30          0          0          0          0          0   handlers.o
        36          8          0          0          0          0   init.o
         0          0          0          0          0          0   iusefp.o
        30          0          0          0          0          0   llshl.o
        36          0          0          0          0          0   llsshr.o
        32          0          0          0          0          0   llushr.o
        36          0          0          0          0          0   memcpya.o
        38          0          0          0          0          0   memseta.o
      2254         98          0          0          0          0   printfa.o
         4          0          0          0          0          0   putc.o
        36         10          0          4          0          0   rand.o
         0          0          0          4          0          0   stdout.o
        28          0          0          0          0          0   strcat.o
        28          0          0          0          0          0   strcmp.o
        18          0          0          0          0          0   strcpy.o
        16          0          0          0          0          0   strlen.o
        40          0          0          0          0          0   strncat.o
        24          0          0          0          0          0   strncpy.o
        44          0          0          0          0          0   strstr.o
       112          0          0          0          0          0   strtol.o
        44          0          0          0          0          0   uidiv.o
       102          0          0          0          0          0   uldiv.o
        40          2          0          0          0          0   cdrcmple.o
        20          0          0          0          0          0   cfcmple.o
        20          0          0          0          0          0   cfrcmple.o
       330          0          0          0          0          0   dadd.o
       222          0          0          0          0          0   ddiv.o
       194          0          0          0          0          0   depilogue.o
        48          0          0          0          0          0   dfixul.o
       226          0          0          0          0          0   dmul.o
       176          0          0          0          0          0   fadd.o
       128          0          0          0          0          0   fdiv.o
       112          0          0          0          0          0   fepilogue.o
        50          0          0          0          0          0   ffixi.o
        40          0          0          0          0          0   ffixui.o
        18          0          0          0          0          0   fflti.o
        10          0          0          0          0          0   ffltui.o
       108          0          0          0          0          0   fmul.o

    ----------------------------------------------------------------------
     20054        810       1800         52       4500          0   Library Totals
        10          0          6          0          4          0   (incl. Padding)

    ----------------------------------------------------------------------

      Code (inc. data)   RO Data    RW Data    ZI Data      Debug   Library Name

     14972        676       1661         40       4496     319726   kmy_drv.lib
      3330        132        133         12          0       2412   mc_w.l
      1742          2          0          0          0       1544   mf_w.l

    ----------------------------------------------------------------------
     20054        810       1800         52       4500          0   Library Totals

    ----------------------------------------------------------------------

==============================================================================


      Code (inc. data)   RO Data    RW Data    ZI Data      Debug   

    108242      13826      54726        812      27004     886040   Grand Totals
    108242      13826      54726        360      27004     886040   ELF Image Totals (compressed)
    108242      13826      54726        360          0          0   ROM Totals

==============================================================================

    Total RO  Size (Code + RO Data)               162968 ( 159.15kB)
    Total RW  Size (RW Data + ZI Data)             27816 (  27.16kB)
    Total ROM Size (Code + RO Data + RW Data)     163328 ( 159.50kB)

==============================================================================

