<!doctype html public "-//w3c//dtd html 4.0 transitional//en">
<html><head>
<title>Static Call Graph - [.\CompileOutput\main.axf]</title></head>
<body><HR>
<H1>Static Call Graph for image .\CompileOutput\main.axf</H1><HR>
<BR><P>#&#060CALLGRAPH&#062# ARM Linker, 4.1 [Build 481]: Last Updated: Tue Apr 01 14:02:19 2014
<BR><P>
<H3>Maximum Stack Usage =       7968 bytes + Unknown(Cycles, Untraceable Function Pointers)</H3><H3>
Call chain for Maximum Stack Depth:</H3>
ProcStandbyKey &rArr; AutoPrintOrder &rArr; AcceptOrder &rArr; tcp_Connect &rArr; _tcp_Connect &rArr; send_at_cmd_and_return &rArr; ReadDatasFromtty &rArr; kmy_USART2ReceiveData
<P>
<H3>
Mutually Recursive functions
</H3> <LI><a href="#[23]">ADC1_IRQHandler</a>&nbsp;&nbsp;&nbsp;&rArr;&nbsp;&nbsp;&nbsp;<a href="#[23]">ADC1_IRQHandler</a><BR>
</UL>
<P>
<H3>
Function Pointers
</H3><UL>
 <LI><a href="#[3]">Polish_Display_Keytone_Close</a> from setting.o(.text) referenced 2 times from setting.o(.data)
 <LI><a href="#[4]">Polish_Display_Keytone_Open</a> from setting.o(.text) referenced 2 times from setting.o(.data)
 <LI><a href="#[5]">LanguageSet_Chinese</a> from setting.o(.text) referenced 2 times from setting.o(.data)
 <LI><a href="#[6]">LanguageSet_English</a> from setting.o(.text) referenced 2 times from setting.o(.data)
 <LI><a href="#[7]">Reset_Handler</a> from startup_stm32f10x_md_vl.o(.text) referenced from startup_stm32f10x_md_vl.o(RESET)
 <LI><a href="#[8]">NMI_Handler</a> from stm32f10x_it.o(.text) referenced from startup_stm32f10x_md_vl.o(RESET)
 <LI><a href="#[9]">HardFault_Handler</a> from stm32f10x_it.o(.text) referenced from startup_stm32f10x_md_vl.o(RESET)
 <LI><a href="#[a]">MemManage_Handler</a> from stm32f10x_it.o(.text) referenced from startup_stm32f10x_md_vl.o(RESET)
 <LI><a href="#[b]">BusFault_Handler</a> from stm32f10x_it.o(.text) referenced from startup_stm32f10x_md_vl.o(RESET)
 <LI><a href="#[c]">UsageFault_Handler</a> from stm32f10x_it.o(.text) referenced from startup_stm32f10x_md_vl.o(RESET)
 <LI><a href="#[d]">SVC_Handler</a> from stm32f10x_it.o(.text) referenced from startup_stm32f10x_md_vl.o(RESET)
 <LI><a href="#[e]">DebugMon_Handler</a> from stm32f10x_it.o(.text) referenced from startup_stm32f10x_md_vl.o(RESET)
 <LI><a href="#[f]">PendSV_Handler</a> from stm32f10x_it.o(.text) referenced from startup_stm32f10x_md_vl.o(RESET)
 <LI><a href="#[10]">SysTick_Handler</a> from stm32f10x_it.o(.text) referenced from startup_stm32f10x_md_vl.o(RESET)
 <LI><a href="#[11]">WWDG_IRQHandler</a> from startup_stm32f10x_md_vl.o(.text) referenced from startup_stm32f10x_md_vl.o(RESET)
 <LI><a href="#[12]">PVD_IRQHandler</a> from startup_stm32f10x_md_vl.o(.text) referenced from startup_stm32f10x_md_vl.o(RESET)
 <LI><a href="#[13]">TAMPER_IRQHandler</a> from startup_stm32f10x_md_vl.o(.text) referenced from startup_stm32f10x_md_vl.o(RESET)
 <LI><a href="#[14]">RTC_IRQHandler</a> from stm32f10x_it.o(.text) referenced from startup_stm32f10x_md_vl.o(RESET)
 <LI><a href="#[15]">FLASH_IRQHandler</a> from startup_stm32f10x_md_vl.o(.text) referenced from startup_stm32f10x_md_vl.o(RESET)
 <LI><a href="#[16]">RCC_IRQHandler</a> from startup_stm32f10x_md_vl.o(.text) referenced from startup_stm32f10x_md_vl.o(RESET)
 <LI><a href="#[17]">EXTI0_IRQHandler</a> from kmy_keydrv.o(.text) referenced from startup_stm32f10x_md_vl.o(RESET)
 <LI><a href="#[18]">EXTI1_IRQHandler</a> from startup_stm32f10x_md_vl.o(.text) referenced from startup_stm32f10x_md_vl.o(RESET)
 <LI><a href="#[19]">EXTI2_IRQHandler</a> from startup_stm32f10x_md_vl.o(.text) referenced from startup_stm32f10x_md_vl.o(RESET)
 <LI><a href="#[1a]">EXTI3_IRQHandler</a> from startup_stm32f10x_md_vl.o(.text) referenced from startup_stm32f10x_md_vl.o(RESET)
 <LI><a href="#[1b]">EXTI4_IRQHandler</a> from startup_stm32f10x_md_vl.o(.text) referenced from startup_stm32f10x_md_vl.o(RESET)
 <LI><a href="#[1c]">DMA1_Channel1_IRQHandler</a> from startup_stm32f10x_md_vl.o(.text) referenced from startup_stm32f10x_md_vl.o(RESET)
 <LI><a href="#[1d]">DMA1_Channel2_IRQHandler</a> from startup_stm32f10x_md_vl.o(.text) referenced from startup_stm32f10x_md_vl.o(RESET)
 <LI><a href="#[1e]">DMA1_Channel3_IRQHandler</a> from startup_stm32f10x_md_vl.o(.text) referenced from startup_stm32f10x_md_vl.o(RESET)
 <LI><a href="#[1f]">DMA1_Channel4_IRQHandler</a> from startup_stm32f10x_md_vl.o(.text) referenced from startup_stm32f10x_md_vl.o(RESET)
 <LI><a href="#[20]">DMA1_Channel5_IRQHandler</a> from startup_stm32f10x_md_vl.o(.text) referenced from startup_stm32f10x_md_vl.o(RESET)
 <LI><a href="#[21]">DMA1_Channel6_IRQHandler</a> from startup_stm32f10x_md_vl.o(.text) referenced from startup_stm32f10x_md_vl.o(RESET)
 <LI><a href="#[22]">DMA1_Channel7_IRQHandler</a> from startup_stm32f10x_md_vl.o(.text) referenced from startup_stm32f10x_md_vl.o(RESET)
 <LI><a href="#[23]">ADC1_IRQHandler</a> from startup_stm32f10x_md_vl.o(.text) referenced from startup_stm32f10x_md_vl.o(RESET)
 <LI><a href="#[24]">EXTI9_5_IRQHandler</a> from startup_stm32f10x_md_vl.o(.text) referenced from startup_stm32f10x_md_vl.o(RESET)
 <LI><a href="#[25]">TIM1_BRK_TIM15_IRQHandler</a> from startup_stm32f10x_md_vl.o(.text) referenced from startup_stm32f10x_md_vl.o(RESET)
 <LI><a href="#[26]">TIM1_UP_TIM16_IRQHandler</a> from startup_stm32f10x_md_vl.o(.text) referenced from startup_stm32f10x_md_vl.o(RESET)
 <LI><a href="#[27]">TIM1_TRG_COM_TIM17_IRQHandler</a> from startup_stm32f10x_md_vl.o(.text) referenced from startup_stm32f10x_md_vl.o(RESET)
 <LI><a href="#[28]">TIM1_CC_IRQHandler</a> from startup_stm32f10x_md_vl.o(.text) referenced from startup_stm32f10x_md_vl.o(RESET)
 <LI><a href="#[29]">TIM2_IRQHandler</a> from kmy_time.o(.text) referenced from startup_stm32f10x_md_vl.o(RESET)
 <LI><a href="#[2a]">TIM3_IRQHandler</a> from kmy_time.o(.text) referenced from startup_stm32f10x_md_vl.o(RESET)
 <LI><a href="#[2b]">TIM4_IRQHandler</a> from startup_stm32f10x_md_vl.o(.text) referenced from startup_stm32f10x_md_vl.o(RESET)
 <LI><a href="#[2c]">I2C1_EV_IRQHandler</a> from startup_stm32f10x_md_vl.o(.text) referenced from startup_stm32f10x_md_vl.o(RESET)
 <LI><a href="#[2d]">I2C1_ER_IRQHandler</a> from startup_stm32f10x_md_vl.o(.text) referenced from startup_stm32f10x_md_vl.o(RESET)
 <LI><a href="#[2e]">I2C2_EV_IRQHandler</a> from startup_stm32f10x_md_vl.o(.text) referenced from startup_stm32f10x_md_vl.o(RESET)
 <LI><a href="#[2f]">I2C2_ER_IRQHandler</a> from startup_stm32f10x_md_vl.o(.text) referenced from startup_stm32f10x_md_vl.o(RESET)
 <LI><a href="#[30]">SPI1_IRQHandler</a> from startup_stm32f10x_md_vl.o(.text) referenced from startup_stm32f10x_md_vl.o(RESET)
 <LI><a href="#[31]">SPI2_IRQHandler</a> from startup_stm32f10x_md_vl.o(.text) referenced from startup_stm32f10x_md_vl.o(RESET)
 <LI><a href="#[32]">USART1_IRQHandler</a> from kmy_usart1drv.o(.text) referenced from startup_stm32f10x_md_vl.o(RESET)
 <LI><a href="#[33]">USART2_IRQHandler</a> from kmy_usart2drv.o(.text) referenced from startup_stm32f10x_md_vl.o(RESET)
 <LI><a href="#[34]">USART3_IRQHandler</a> from kmy_usart3drv.o(.text) referenced from startup_stm32f10x_md_vl.o(RESET)
 <LI><a href="#[35]">EXTI15_10_IRQHandler</a> from startup_stm32f10x_md_vl.o(.text) referenced from startup_stm32f10x_md_vl.o(RESET)
 <LI><a href="#[36]">RTCAlarm_IRQHandler</a> from startup_stm32f10x_md_vl.o(.text) referenced from startup_stm32f10x_md_vl.o(RESET)
 <LI><a href="#[37]">CEC_IRQHandler</a> from startup_stm32f10x_md_vl.o(.text) referenced from startup_stm32f10x_md_vl.o(RESET)
 <LI><a href="#[38]">TIM6_DAC_IRQHandler</a> from startup_stm32f10x_md_vl.o(.text) referenced from startup_stm32f10x_md_vl.o(RESET)
 <LI><a href="#[39]">TIM7_IRQHandler</a> from startup_stm32f10x_md_vl.o(.text) referenced from startup_stm32f10x_md_vl.o(RESET)
 <LI><a href="#[3a]">main</a> from main.o(.text) referenced from entry7.o(.ARM.Collect$$$$00000007)
 <LI><a href="#[3b]">ProcStandbyKey</a> from main.o(.text) referenced 2 times from main.o(.text)
 <LI><a href="#[3c]">MainMenuScreen_Settings</a> from setting.o(.text) referenced from main.o(.text)
 <LI><a href="#[3d]">SelfTest</a> from selftest.o(.text) referenced from main.o(.text)
 <LI><a href="#[3e]">SystemInit</a> from system_stm32f10x.o(.text) referenced from startup_stm32f10x_md_vl.o(.text)
 <LI><a href="#[3f]">__main</a> from entry.o(.ARM.Collect$$$$00000000) referenced from startup_stm32f10x_md_vl.o(.text)
 <LI><a href="#[40]">fputc</a> from my_library.o(.text) referenced from printfa.o(i.__0printf)
 <LI><a href="#[41]">_sputc</a> from printfa.o(i._sputc) referenced from printfa.o(i.__0sprintf)
 <LI><a href="#[42]">Confirm_Orders</a> from foodorder.o(.text) referenced from main.o(.constdata)
 <LI><a href="#[43]">Message_delete_this</a> from message.o(.text) referenced from message.o(.constdata)
 <LI><a href="#[44]">Message_delete_all</a> from message.o(.text) referenced from message.o(.constdata)
 <LI><a href="#[45]">WriteMessage</a> from message.o(.text) referenced from message.o(.constdata)
 <LI><a href="#[46]">ReceiveMailBox</a> from message.o(.text) referenced from message.o(.constdata)
 <LI><a href="#[47]">MobileQQ</a> from message.o(.text) referenced from message.o(.constdata)
 <LI><a href="#[48]">SendedMessage</a> from message.o(.text) referenced from message.o(.constdata)
 <LI><a href="#[49]">SendedBox</a> from message.o(.text) referenced from message.o(.constdata)
 <LI><a href="#[4a]">DraftBox</a> from message.o(.text) referenced from message.o(.constdata)
 <LI><a href="#[4b]">MessageSet</a> from message.o(.text) referenced from message.o(.constdata)
 <LI><a href="#[4c]">MessageCapacity</a> from message.o(.text) referenced from message.o(.constdata)
 <LI><a href="#[4d]">ColorWriteMessage</a> from message.o(.text) referenced from message.o(.constdata)
 <LI><a href="#[4e]">ColorReceiveMailBox</a> from message.o(.text) referenced from message.o(.constdata)
 <LI><a href="#[4f]">ColorSendedMessage</a> from message.o(.text) referenced from message.o(.constdata)
 <LI><a href="#[50]">ColorSendedBox</a> from message.o(.text) referenced from message.o(.constdata)
 <LI><a href="#[51]">ColorDraftBox</a> from message.o(.text) referenced from message.o(.constdata)
 <LI><a href="#[52]">ColorMessageSet</a> from message.o(.text) referenced from message.o(.constdata)
 <LI><a href="#[53]">ColorMessageCapacity</a> from message.o(.text) referenced from message.o(.constdata)
 <LI><a href="#[54]">BroadCastRead</a> from message.o(.text) referenced from message.o(.constdata)
 <LI><a href="#[55]">BroadCastStart</a> from message.o(.text) referenced from message.o(.constdata)
 <LI><a href="#[56]">BroadCastChannelSet</a> from message.o(.text) referenced from message.o(.constdata)
 <LI><a href="#[57]">BroadCastLanguageSelect</a> from message.o(.text) referenced from message.o(.constdata)
 <LI><a href="#[58]">VoiceBoxReceive</a> from message.o(.text) referenced from message.o(.constdata)
 <LI><a href="#[59]">VoiceBoxNumberSet</a> from message.o(.text) referenced from message.o(.constdata)
 <LI><a href="#[5a]">MainMenuScreen_Message_ShortMessage</a> from message.o(.text) referenced from message.o(.constdata)
 <LI><a href="#[5b]">MainMenuScreen_Message_ColorMessage</a> from message.o(.text) referenced from message.o(.constdata)
 <LI><a href="#[5c]">MainMenuScreen_Message_XiaoquGuanbo</a> from message.o(.text) referenced from message.o(.constdata)
 <LI><a href="#[5d]">MainMenuScreen_Message_VoiceMailbox</a> from message.o(.text) referenced from message.o(.constdata)
 <LI><a href="#[5e]">TemporaryNotProvideThisFunction</a> from selftest.o(.text) referenced 7 times from selftest.o(.constdata)
 <LI><a href="#[5f]">ExternalSerail1_GSMModule</a> from selftest.o(.text) referenced from selftest.o(.constdata)
 <LI><a href="#[60]">ExternalSerail1_Printer</a> from selftest.o(.text) referenced from selftest.o(.constdata)
 <LI><a href="#[61]">ReadEepromPage</a> from selftest.o(.text) referenced from selftest.o(.constdata)
 <LI><a href="#[62]">EraseEepromPage</a> from selftest.o(.text) referenced from selftest.o(.constdata)
 <LI><a href="#[63]">SelfTest_ReadEepromPage0_30</a> from selftest.o(.text) referenced from selftest.o(.constdata)
 <LI><a href="#[64]">EraseEepromPage0_30</a> from selftest.o(.text) referenced from selftest.o(.constdata)
 <LI><a href="#[65]">EraseFlashPage</a> from selftest.o(.text) referenced from selftest.o(.constdata)
 <LI><a href="#[66]">ReadFlashPage</a> from selftest.o(.text) referenced from selftest.o(.constdata)
 <LI><a href="#[67]">WriteFlashPage</a> from selftest.o(.text) referenced from selftest.o(.constdata)
 <LI><a href="#[68]">SelfTest_Soft</a> from selftest.o(.text) referenced from selftest.o(.constdata)
 <LI><a href="#[69]">FromInput_Test</a> from selftest.o(.text) referenced from selftest.o(.constdata)
 <LI><a href="#[6a]">SelfTest_Key</a> from selftest.o(.text) referenced from selftest.o(.constdata)
 <LI><a href="#[6b]">SelfTest_LED</a> from selftest.o(.text) referenced from selftest.o(.constdata)
 <LI><a href="#[6c]">SelfTest_MagCard</a> from selftest.o(.text) referenced from selftest.o(.constdata)
 <LI><a href="#[6d]">SelfTest_BatVoltage</a> from selftest.o(.text) referenced from selftest.o(.constdata)
 <LI><a href="#[6e]">SelfTest_Printer</a> from selftest.o(.text) referenced from selftest.o(.constdata)
 <LI><a href="#[6f]">SelfTest_MakeCall</a> from selftest.o(.text) referenced from selftest.o(.constdata)
 <LI><a href="#[70]">SelfTest_SendSMS</a> from selftest.o(.text) referenced from selftest.o(.constdata)
 <LI><a href="#[71]">SelfTest_DisplayFont</a> from selftest.o(.text) referenced from selftest.o(.constdata)
 <LI><a href="#[72]">SelfTest_PrinterFont</a> from selftest.o(.text) referenced from selftest.o(.constdata)
 <LI><a href="#[73]">UpgradeChinese</a> from selftest.o(.text) referenced from selftest.o(.constdata)
 <LI><a href="#[74]">SelfTest_ReceiveMessage</a> from selftest.o(.text) referenced from selftest.o(.constdata)
 <LI><a href="#[46]">ReceiveMailBox</a> from message.o(.text) referenced from selftest.o(.constdata)
 <LI><a href="#[75]">SoftWare_Debug</a> from selftest.o(.text) referenced from selftest.o(.constdata)
 <LI><a href="#[76]">BasicApnSetApn</a> from setting.o(.text) referenced 2 times from setting.o(.constdata)
 <LI><a href="#[77]">BasicApnSetUsername</a> from setting.o(.text) referenced 2 times from setting.o(.constdata)
 <LI><a href="#[78]">BasicApnSetPassword</a> from setting.o(.text) referenced 2 times from setting.o(.constdata)
 <LI><a href="#[79]">DisplayVersion</a> from version.o(.text) referenced from setting.o(.constdata)
 <LI><a href="#[7a]">DisplayCID</a> from setting.o(.text) referenced from setting.o(.constdata)
 <LI><a href="#[7b]">Display_IMEI</a> from setting.o(.text) referenced from setting.o(.constdata)
 <LI><a href="#[7c]">Display_ChipId</a> from setting.o(.text) referenced from setting.o(.constdata)
 <LI><a href="#[7d]">Display_RandomNumber</a> from setting.o(.text) referenced from setting.o(.constdata)
 <LI><a href="#[7e]">Display_KMY_LibVersion</a> from setting.o(.text) referenced from setting.o(.constdata)
 <LI><a href="#[7f]">ContrastSet</a> from setting.o(.text) referenced from setting.o(.constdata)
 <LI><a href="#[80]">BasicKeyTone</a> from setting.o(.text) referenced 2 times from setting.o(.constdata)
 <LI><a href="#[81]">TimeDateSet</a> from setting.o(.text) referenced from setting.o(.constdata)
 <LI><a href="#[82]">PowerOffScreenTime</a> from setting.o(.text) referenced from setting.o(.constdata)
 <LI><a href="#[83]">LanguageSet</a> from setting.o(.text) referenced from setting.o(.constdata)
 <LI><a href="#[84]">ReadSomeMessage</a> from setting.o(.text) referenced from setting.o(.constdata)
 <LI><a href="#[85]">PIN_OpenClose</a> from setting.o(.text) referenced from setting.o(.constdata)
 <LI><a href="#[86]">PIN_Change</a> from setting.o(.text) referenced from setting.o(.constdata)
 <LI><a href="#[87]">SIM_PINset</a> from setting.o(.text) referenced from setting.o(.constdata)
 <LI><a href="#[88]">UpdateParameter</a> from setting.o(.text) referenced from setting.o(.constdata)
 <LI><a href="#[89]">RestaurantID_set</a> from setting.o(.text) referenced from setting.o(.constdata)
 <LI><a href="#[8a]">IpAddSet</a> from setting.o(.text) referenced from setting.o(.constdata)
 <LI><a href="#[8b]">DomainSet</a> from setting.o(.text) referenced from setting.o(.constdata)
 <LI><a href="#[8c]">VersionURL_Set</a> from setting.o(.text) referenced from setting.o(.constdata)
 <LI><a href="#[8d]">UpgradeURL_Set</a> from setting.o(.text) referenced from setting.o(.constdata)
 <LI><a href="#[8e]">OrderURL_set</a> from setting.o(.text) referenced from setting.o(.constdata)
 <LI><a href="#[8f]">Callback_set</a> from setting.o(.text) referenced from setting.o(.constdata)
 <LI><a href="#[90]">LoginUsername_set</a> from setting.o(.text) referenced from setting.o(.constdata)
 <LI><a href="#[91]">LoginPassword_set</a> from setting.o(.text) referenced from setting.o(.constdata)
 <LI><a href="#[92]">CheckOrderInterval_set</a> from setting.o(.text) referenced from setting.o(.constdata)
 <LI><a href="#[93]">GPRSOpenTime_set</a> from setting.o(.text) referenced from setting.o(.constdata)
 <LI><a href="#[94]">GPRSCloseTime_set</a> from setting.o(.text) referenced from setting.o(.constdata)
 <LI><a href="#[95]">BeepDuration_set</a> from setting.o(.text) referenced from setting.o(.constdata)
 <LI><a href="#[96]">RejectReason_set</a> from setting.o(.text) referenced from setting.o(.constdata)
 <LI><a href="#[97]">PrintPageHeader_set</a> from setting.o(.text) referenced from setting.o(.constdata)
 <LI><a href="#[98]">PrintPageFooter_set</a> from setting.o(.text) referenced from setting.o(.constdata)
 <LI><a href="#[99]">AcceptTimeMode_set</a> from setting.o(.text) referenced from setting.o(.constdata)
 <LI><a href="#[9a]">AutoReboot</a> from setting.o(.text) referenced from setting.o(.constdata)
 <LI><a href="#[9b]">AutoPrintTime</a> from setting.o(.text) referenced from setting.o(.constdata)
 <LI><a href="#[9c]">OpPsword</a> from setting.o(.text) referenced from setting.o(.constdata)
 <LI><a href="#[9d]">InitParameterSet</a> from setting.o(.text) referenced from setting.o(.constdata)
 <LI><a href="#[9e]">PinSet</a> from setting.o(.text) referenced from setting.o(.constdata)
 <LI><a href="#[9f]">RestoreChuChangSet</a> from setting.o(.text) referenced from setting.o(.constdata)
 <LI><a href="#[a0]">BasicSettings</a> from setting.o(.text) referenced from setting.o(.constdata)
 <LI><a href="#[a1]">AdvancedSet</a> from setting.o(.text) referenced from setting.o(.constdata)
 <LI><a href="#[a2]">AcceptOrder</a> from foodorder.o(.text) referenced from foodorder.o(.constdata)
 <LI><a href="#[a3]">RejectOrder</a> from foodorder.o(.text) referenced from foodorder.o(.constdata)
 <LI><a href="#[13d]">MainMenuScreen</a> from main.o(.text) referenced from main.o(.text)
</UL>
<P>
<H3>
Global Symbols
</H3>
<P><STRONG><a name="[3f]"></a>__main</STRONG> (Thumb, 0 bytes, Stack size unknown bytes, entry.o(.ARM.Collect$$$$00000000))
<BR>[Address Reference Count : 1]<UL><LI> startup_stm32f10x_md_vl.o(.text)
</UL>
<P><STRONG><a name="[307]"></a>_main_stk</STRONG> (Thumb, 0 bytes, Stack size unknown bytes, entry2.o(.ARM.Collect$$$$00000001))

<P><STRONG><a name="[a4]"></a>_main_scatterload</STRONG> (Thumb, 0 bytes, Stack size unknown bytes, entry5.o(.ARM.Collect$$$$00000004))
<BR><BR>[Calls]<UL><LI><a href="#[a5]">&gt;&gt;</a>&nbsp;&nbsp;&nbsp;__scatterload
</UL>

<P><STRONG><a name="[2fd]"></a>__main_after_scatterload</STRONG> (Thumb, 0 bytes, Stack size unknown bytes, entry5.o(.ARM.Collect$$$$00000004))
<BR><BR>[Called By]<UL><LI><a href="#[a5]">&gt;&gt;</a>&nbsp;&nbsp;&nbsp;__scatterload
</UL>

<P><STRONG><a name="[308]"></a>_main_init</STRONG> (Thumb, 0 bytes, Stack size unknown bytes, entry7.o(.ARM.Collect$$$$00000007))

<P><STRONG><a name="[a6]"></a>Cursor_OnOff</STRONG> (Thumb, 108 bytes, Stack size 16 bytes, cursor.o(.text))
<BR><BR>[Stack]<UL><LI>Max Depth = 272<LI>Call Chain = Cursor_OnOff &rArr; reverse_area &rArr; kmy_LcdDrawRect &rArr; kmy_LcdDrawLine &rArr; AccordingLcdRamDisplay &rArr; LCDSetXY &rArr; write_command &rArr; data_send
</UL>
<BR>[Calls]<UL><LI><a href="#[a7]">&gt;&gt;</a>&nbsp;&nbsp;&nbsp;reverse_area
</UL>
<BR>[Called By]<UL><LI><a href="#[e4]">&gt;&gt;</a>&nbsp;&nbsp;&nbsp;FormInput
</UL>

<P><STRONG><a name="[a8]"></a>Cursor_Twinkle</STRONG> (Thumb, 108 bytes, Stack size 8 bytes, cursor.o(.text))
<BR><BR>[Stack]<UL><LI>Max Depth = 264<LI>Call Chain = Cursor_Twinkle &rArr; reverse_area &rArr; kmy_LcdDrawRect &rArr; kmy_LcdDrawLine &rArr; AccordingLcdRamDisplay &rArr; LCDSetXY &rArr; write_command &rArr; data_send
</UL>
<BR>[Calls]<UL><LI><a href="#[a7]">&gt;&gt;</a>&nbsp;&nbsp;&nbsp;reverse_area
<LI><a href="#[a9]">&gt;&gt;</a>&nbsp;&nbsp;&nbsp;kmy_TimeGetMilliseconds
</UL>
<BR>[Called By]<UL><LI><a href="#[e4]">&gt;&gt;</a>&nbsp;&nbsp;&nbsp;FormInput
</UL>

<P><STRONG><a name="[aa]"></a>Cursor_SetX</STRONG> (Thumb, 68 bytes, Stack size 16 bytes, cursor.o(.text))
<BR><BR>[Stack]<UL><LI>Max Depth = 272<LI>Call Chain = Cursor_SetX &rArr; reverse_area &rArr; kmy_LcdDrawRect &rArr; kmy_LcdDrawLine &rArr; AccordingLcdRamDisplay &rArr; LCDSetXY &rArr; write_command &rArr; data_send
</UL>
<BR>[Calls]<UL><LI><a href="#[a7]">&gt;&gt;</a>&nbsp;&nbsp;&nbsp;reverse_area
<LI><a href="#[a9]">&gt;&gt;</a>&nbsp;&nbsp;&nbsp;kmy_TimeGetMilliseconds
</UL>
<BR>[Called By]<UL><LI><a href="#[e4]">&gt;&gt;</a>&nbsp;&nbsp;&nbsp;FormInput
</UL>

<P><STRONG><a name="[ab]"></a>Cursor_SetY</STRONG> (Thumb, 68 bytes, Stack size 16 bytes, cursor.o(.text))
<BR><BR>[Stack]<UL><LI>Max Depth = 272<LI>Call Chain = Cursor_SetY &rArr; reverse_area &rArr; kmy_LcdDrawRect &rArr; kmy_LcdDrawLine &rArr; AccordingLcdRamDisplay &rArr; LCDSetXY &rArr; write_command &rArr; data_send
</UL>
<BR>[Calls]<UL><LI><a href="#[a7]">&gt;&gt;</a>&nbsp;&nbsp;&nbsp;reverse_area
<LI><a href="#[a9]">&gt;&gt;</a>&nbsp;&nbsp;&nbsp;kmy_TimeGetMilliseconds
</UL>
<BR>[Called By]<UL><LI><a href="#[e4]">&gt;&gt;</a>&nbsp;&nbsp;&nbsp;FormInput
</UL>

<P><STRONG><a name="[ac]"></a>Cursor_SetWidth</STRONG> (Thumb, 68 bytes, Stack size 16 bytes, cursor.o(.text), UNUSED)
<BR><BR>[Calls]<UL><LI><a href="#[a7]">&gt;&gt;</a>&nbsp;&nbsp;&nbsp;reverse_area
<LI><a href="#[a9]">&gt;&gt;</a>&nbsp;&nbsp;&nbsp;kmy_TimeGetMilliseconds
</UL>

<P><STRONG><a name="[ad]"></a>Cursor_SetHigh</STRONG> (Thumb, 68 bytes, Stack size 16 bytes, cursor.o(.text), UNUSED)
<BR><BR>[Calls]<UL><LI><a href="#[a7]">&gt;&gt;</a>&nbsp;&nbsp;&nbsp;reverse_area
<LI><a href="#[a9]">&gt;&gt;</a>&nbsp;&nbsp;&nbsp;kmy_TimeGetMilliseconds
</UL>

<P><STRONG><a name="[ae]"></a>Cursor_SetTwinkle_ms</STRONG> (Thumb, 68 bytes, Stack size 16 bytes, cursor.o(.text), UNUSED)
<BR><BR>[Calls]<UL><LI><a href="#[a7]">&gt;&gt;</a>&nbsp;&nbsp;&nbsp;reverse_area
<LI><a href="#[a9]">&gt;&gt;</a>&nbsp;&nbsp;&nbsp;kmy_TimeGetMilliseconds
</UL>

<P><STRONG><a name="[af]"></a>Cursor_Init</STRONG> (Thumb, 50 bytes, Stack size 24 bytes, cursor.o(.text))
<BR><BR>[Stack]<UL><LI>Max Depth = 24<LI>Call Chain = Cursor_Init
</UL>
<BR>[Calls]<UL><LI><a href="#[a9]">&gt;&gt;</a>&nbsp;&nbsp;&nbsp;kmy_TimeGetMilliseconds
</UL>
<BR>[Called By]<UL><LI><a href="#[e4]">&gt;&gt;</a>&nbsp;&nbsp;&nbsp;FormInput
</UL>

<P><STRONG><a name="[b0]"></a>EepromFile_readPage</STRONG> (Thumb, 20 bytes, Stack size 16 bytes, eepromfilesystem.o(.text))
<BR><BR>[Stack]<UL><LI>Max Depth = 84<LI>Call Chain = EepromFile_readPage &rArr; kmy_EepromReadSequent &rArr; IIC_Read_Byte &rArr; usleep &rArr; msleep &rArr; sleep
</UL>
<BR>[Calls]<UL><LI><a href="#[b1]">&gt;&gt;</a>&nbsp;&nbsp;&nbsp;kmy_EepromReadSequent
</UL>
<BR>[Called By]<UL><LI><a href="#[d7]">&gt;&gt;</a>&nbsp;&nbsp;&nbsp;EepromFile_GetFileName
<LI><a href="#[cd]">&gt;&gt;</a>&nbsp;&nbsp;&nbsp;EepromFile_Create
<LI><a href="#[c7]">&gt;&gt;</a>&nbsp;&nbsp;&nbsp;EepromFile_DeleteEfpAttibute
<LI><a href="#[c5]">&gt;&gt;</a>&nbsp;&nbsp;&nbsp;EepromFile_GetPageRelationAreaTwoByte_AndDelete
<LI><a href="#[c4]">&gt;&gt;</a>&nbsp;&nbsp;&nbsp;EepromFile_GetAIdlePage
<LI><a href="#[c3]">&gt;&gt;</a>&nbsp;&nbsp;&nbsp;EepromFile_SetPageArea
<LI><a href="#[c2]">&gt;&gt;</a>&nbsp;&nbsp;&nbsp;EepromFile_checkThisPageWhetherOk
<LI><a href="#[bf]">&gt;&gt;</a>&nbsp;&nbsp;&nbsp;EepromFile_GetPageRelationAreaTwoByte
<LI><a href="#[ba]">&gt;&gt;</a>&nbsp;&nbsp;&nbsp;EepromFile_CheckWhetherHaveThisFile
<LI><a href="#[b9]">&gt;&gt;</a>&nbsp;&nbsp;&nbsp;EepromFile_GetIdleAreaSize
<LI><a href="#[b4]">&gt;&gt;</a>&nbsp;&nbsp;&nbsp;EepromFile_GetFileStruct
<LI><a href="#[c1]">&gt;&gt;</a>&nbsp;&nbsp;&nbsp;EepromFile_readFileCurrentPage
<LI><a href="#[bc]">&gt;&gt;</a>&nbsp;&nbsp;&nbsp;EepromFile_SaveEfpAttibute
<LI><a href="#[61]">&gt;&gt;</a>&nbsp;&nbsp;&nbsp;ReadEepromPage
<LI><a href="#[63]">&gt;&gt;</a>&nbsp;&nbsp;&nbsp;SelfTest_ReadEepromPage0_30
</UL>

<P><STRONG><a name="[b2]"></a>EepromFile_WritePage</STRONG> (Thumb, 20 bytes, Stack size 16 bytes, eepromfilesystem.o(.text))
<BR><BR>[Stack]<UL><LI>Max Depth = 92<LI>Call Chain = EepromFile_WritePage &rArr; kmy_EepromWritePage &rArr; IIC_Send_Byte &rArr; usleep &rArr; msleep &rArr; sleep
</UL>
<BR>[Calls]<UL><LI><a href="#[b3]">&gt;&gt;</a>&nbsp;&nbsp;&nbsp;kmy_EepromWritePage
</UL>
<BR>[Called By]<UL><LI><a href="#[d2]">&gt;&gt;</a>&nbsp;&nbsp;&nbsp;EepromFile_Write
<LI><a href="#[cd]">&gt;&gt;</a>&nbsp;&nbsp;&nbsp;EepromFile_Create
<LI><a href="#[cb]">&gt;&gt;</a>&nbsp;&nbsp;&nbsp;EepromFile_FileSystemFormat
<LI><a href="#[c7]">&gt;&gt;</a>&nbsp;&nbsp;&nbsp;EepromFile_DeleteEfpAttibute
<LI><a href="#[c5]">&gt;&gt;</a>&nbsp;&nbsp;&nbsp;EepromFile_GetPageRelationAreaTwoByte_AndDelete
<LI><a href="#[c3]">&gt;&gt;</a>&nbsp;&nbsp;&nbsp;EepromFile_SetPageArea
<LI><a href="#[c2]">&gt;&gt;</a>&nbsp;&nbsp;&nbsp;EepromFile_checkThisPageWhetherOk
<LI><a href="#[bc]">&gt;&gt;</a>&nbsp;&nbsp;&nbsp;EepromFile_SaveEfpAttibute
<LI><a href="#[64]">&gt;&gt;</a>&nbsp;&nbsp;&nbsp;EraseEepromPage0_30
<LI><a href="#[62]">&gt;&gt;</a>&nbsp;&nbsp;&nbsp;EraseEepromPage
</UL>

<P><STRONG><a name="[b4]"></a>EepromFile_GetFileStruct</STRONG> (Thumb, 102 bytes, Stack size 88 bytes, eepromfilesystem.o(.text))
<BR><BR>[Stack]<UL><LI>Max Depth = 172<LI>Call Chain = EepromFile_GetFileStruct &rArr; EepromFile_readPage &rArr; kmy_EepromReadSequent &rArr; IIC_Read_Byte &rArr; usleep &rArr; msleep &rArr; sleep
</UL>
<BR>[Calls]<UL><LI><a href="#[b0]">&gt;&gt;</a>&nbsp;&nbsp;&nbsp;EepromFile_readPage
<LI><a href="#[b5]">&gt;&gt;</a>&nbsp;&nbsp;&nbsp;strcpy
</UL>
<BR>[Called By]<UL><LI><a href="#[cf]">&gt;&gt;</a>&nbsp;&nbsp;&nbsp;EepromFile_Open
</UL>

<P><STRONG><a name="[b6]"></a>EepromFile_GetTotalFiles</STRONG> (Thumb, 18 bytes, Stack size 8 bytes, eepromfilesystem.o(.text))
<BR><BR>[Stack]<UL><LI>Max Depth = 76<LI>Call Chain = EepromFile_GetTotalFiles &rArr; kmy_EepromReadSequent &rArr; IIC_Read_Byte &rArr; usleep &rArr; msleep &rArr; sleep
</UL>
<BR>[Calls]<UL><LI><a href="#[b1]">&gt;&gt;</a>&nbsp;&nbsp;&nbsp;kmy_EepromReadSequent
</UL>
<BR>[Called By]<UL><LI><a href="#[cd]">&gt;&gt;</a>&nbsp;&nbsp;&nbsp;EepromFile_Create
<LI><a href="#[c9]">&gt;&gt;</a>&nbsp;&nbsp;&nbsp;EepromFile_TotalFilePlus1
<LI><a href="#[be]">&gt;&gt;</a>&nbsp;&nbsp;&nbsp;EepromFile_TotalFileAdd1
</UL>

<P><STRONG><a name="[b7]"></a>EepromFile_SetTotalFiles</STRONG> (Thumb, 14 bytes, Stack size 8 bytes, eepromfilesystem.o(.text))
<BR><BR>[Stack]<UL><LI>Max Depth = 100<LI>Call Chain = EepromFile_SetTotalFiles &rArr; kmy_EepromWriteByte &rArr; kmy_EepromReadByte &rArr; IIC_Read_Byte &rArr; usleep &rArr; msleep &rArr; sleep
</UL>
<BR>[Calls]<UL><LI><a href="#[b8]">&gt;&gt;</a>&nbsp;&nbsp;&nbsp;kmy_EepromWriteByte
</UL>
<BR>[Called By]<UL><LI><a href="#[c9]">&gt;&gt;</a>&nbsp;&nbsp;&nbsp;EepromFile_TotalFilePlus1
<LI><a href="#[be]">&gt;&gt;</a>&nbsp;&nbsp;&nbsp;EepromFile_TotalFileAdd1
</UL>

<P><STRONG><a name="[b9]"></a>EepromFile_GetIdleAreaSize</STRONG> (Thumb, 74 bytes, Stack size 88 bytes, eepromfilesystem.o(.text))
<BR><BR>[Stack]<UL><LI>Max Depth = 172<LI>Call Chain = EepromFile_GetIdleAreaSize &rArr; EepromFile_readPage &rArr; kmy_EepromReadSequent &rArr; IIC_Read_Byte &rArr; usleep &rArr; msleep &rArr; sleep
</UL>
<BR>[Calls]<UL><LI><a href="#[b0]">&gt;&gt;</a>&nbsp;&nbsp;&nbsp;EepromFile_readPage
</UL>
<BR>[Called By]<UL><LI><a href="#[d2]">&gt;&gt;</a>&nbsp;&nbsp;&nbsp;EepromFile_Write
</UL>

<P><STRONG><a name="[ba]"></a>EepromFile_CheckWhetherHaveThisFile</STRONG> (Thumb, 280 bytes, Stack size 96 bytes, eepromfilesystem.o(.text))
<BR><BR>[Stack]<UL><LI>Max Depth = 180<LI>Call Chain = EepromFile_CheckWhetherHaveThisFile &rArr; EepromFile_readPage &rArr; kmy_EepromReadSequent &rArr; IIC_Read_Byte &rArr; usleep &rArr; msleep &rArr; sleep
</UL>
<BR>[Calls]<UL><LI><a href="#[b0]">&gt;&gt;</a>&nbsp;&nbsp;&nbsp;EepromFile_readPage
<LI><a href="#[bb]">&gt;&gt;</a>&nbsp;&nbsp;&nbsp;strcmp
</UL>
<BR>[Called By]<UL><LI><a href="#[d4]">&gt;&gt;</a>&nbsp;&nbsp;&nbsp;EepromFile_CheckFileExist
<LI><a href="#[d3]">&gt;&gt;</a>&nbsp;&nbsp;&nbsp;EepromFile_Delete
<LI><a href="#[cf]">&gt;&gt;</a>&nbsp;&nbsp;&nbsp;EepromFile_Open
<LI><a href="#[cd]">&gt;&gt;</a>&nbsp;&nbsp;&nbsp;EepromFile_Create
<LI><a href="#[c7]">&gt;&gt;</a>&nbsp;&nbsp;&nbsp;EepromFile_DeleteEfpAttibute
<LI><a href="#[bc]">&gt;&gt;</a>&nbsp;&nbsp;&nbsp;EepromFile_SaveEfpAttibute
</UL>

<P><STRONG><a name="[bf]"></a>EepromFile_GetPageRelationAreaTwoByte</STRONG> (Thumb, 54 bytes, Stack size 16 bytes, eepromfilesystem.o(.text))
<BR><BR>[Stack]<UL><LI>Max Depth = 100<LI>Call Chain = EepromFile_GetPageRelationAreaTwoByte &rArr; EepromFile_readPage &rArr; kmy_EepromReadSequent &rArr; IIC_Read_Byte &rArr; usleep &rArr; msleep &rArr; sleep
</UL>
<BR>[Calls]<UL><LI><a href="#[b0]">&gt;&gt;</a>&nbsp;&nbsp;&nbsp;EepromFile_readPage
</UL>
<BR>[Called By]<UL><LI><a href="#[c0]">&gt;&gt;</a>&nbsp;&nbsp;&nbsp;EepromFile_GetPhysicalPage
</UL>

<P><STRONG><a name="[c2]"></a>EepromFile_checkThisPageWhetherOk</STRONG> (Thumb, 56 bytes, Stack size 80 bytes, eepromfilesystem.o(.text))
<BR><BR>[Stack]<UL><LI>Max Depth = 172<LI>Call Chain = EepromFile_checkThisPageWhetherOk &rArr; EepromFile_WritePage &rArr; kmy_EepromWritePage &rArr; IIC_Send_Byte &rArr; usleep &rArr; msleep &rArr; sleep
</UL>
<BR>[Calls]<UL><LI><a href="#[b2]">&gt;&gt;</a>&nbsp;&nbsp;&nbsp;EepromFile_WritePage
<LI><a href="#[b0]">&gt;&gt;</a>&nbsp;&nbsp;&nbsp;EepromFile_readPage
</UL>
<BR>[Called By]<UL><LI><a href="#[c4]">&gt;&gt;</a>&nbsp;&nbsp;&nbsp;EepromFile_GetAIdlePage
</UL>

<P><STRONG><a name="[c3]"></a>EepromFile_SetPageArea</STRONG> (Thumb, 68 bytes, Stack size 88 bytes, eepromfilesystem.o(.text))
<BR><BR>[Stack]<UL><LI>Max Depth = 180<LI>Call Chain = EepromFile_SetPageArea &rArr; EepromFile_WritePage &rArr; kmy_EepromWritePage &rArr; IIC_Send_Byte &rArr; usleep &rArr; msleep &rArr; sleep
</UL>
<BR>[Calls]<UL><LI><a href="#[b2]">&gt;&gt;</a>&nbsp;&nbsp;&nbsp;EepromFile_WritePage
<LI><a href="#[b0]">&gt;&gt;</a>&nbsp;&nbsp;&nbsp;EepromFile_readPage
<LI><a href="#[bd]">&gt;&gt;</a>&nbsp;&nbsp;&nbsp;__2printf
</UL>
<BR>[Called By]<UL><LI><a href="#[d2]">&gt;&gt;</a>&nbsp;&nbsp;&nbsp;EepromFile_Write
<LI><a href="#[c4]">&gt;&gt;</a>&nbsp;&nbsp;&nbsp;EepromFile_GetAIdlePage
</UL>

<P><STRONG><a name="[c4]"></a>EepromFile_GetAIdlePage</STRONG> (Thumb, 118 bytes, Stack size 88 bytes, eepromfilesystem.o(.text))
<BR><BR>[Stack]<UL><LI>Max Depth = 268<LI>Call Chain = EepromFile_GetAIdlePage &rArr; EepromFile_SetPageArea &rArr; EepromFile_WritePage &rArr; kmy_EepromWritePage &rArr; IIC_Send_Byte &rArr; usleep &rArr; msleep &rArr; sleep
</UL>
<BR>[Calls]<UL><LI><a href="#[c3]">&gt;&gt;</a>&nbsp;&nbsp;&nbsp;EepromFile_SetPageArea
<LI><a href="#[c2]">&gt;&gt;</a>&nbsp;&nbsp;&nbsp;EepromFile_checkThisPageWhetherOk
<LI><a href="#[b0]">&gt;&gt;</a>&nbsp;&nbsp;&nbsp;EepromFile_readPage
</UL>
<BR>[Called By]<UL><LI><a href="#[d2]">&gt;&gt;</a>&nbsp;&nbsp;&nbsp;EepromFile_Write
</UL>

<P><STRONG><a name="[c5]"></a>EepromFile_GetPageRelationAreaTwoByte_AndDelete</STRONG> (Thumb, 70 bytes, Stack size 80 bytes, eepromfilesystem.o(.text))
<BR><BR>[Stack]<UL><LI>Max Depth = 172<LI>Call Chain = EepromFile_GetPageRelationAreaTwoByte_AndDelete &rArr; EepromFile_WritePage &rArr; kmy_EepromWritePage &rArr; IIC_Send_Byte &rArr; usleep &rArr; msleep &rArr; sleep
</UL>
<BR>[Calls]<UL><LI><a href="#[b2]">&gt;&gt;</a>&nbsp;&nbsp;&nbsp;EepromFile_WritePage
<LI><a href="#[b0]">&gt;&gt;</a>&nbsp;&nbsp;&nbsp;EepromFile_readPage
</UL>
<BR>[Called By]<UL><LI><a href="#[c6]">&gt;&gt;</a>&nbsp;&nbsp;&nbsp;EepromFile_DeleteAllPageArea
</UL>

<P><STRONG><a name="[c6]"></a>EepromFile_DeleteAllPageArea</STRONG> (Thumb, 36 bytes, Stack size 16 bytes, eepromfilesystem.o(.text))
<BR><BR>[Stack]<UL><LI>Max Depth = 188<LI>Call Chain = EepromFile_DeleteAllPageArea &rArr; EepromFile_GetPageRelationAreaTwoByte_AndDelete &rArr; EepromFile_WritePage &rArr; kmy_EepromWritePage &rArr; IIC_Send_Byte &rArr; usleep &rArr; msleep &rArr; sleep
</UL>
<BR>[Calls]<UL><LI><a href="#[c5]">&gt;&gt;</a>&nbsp;&nbsp;&nbsp;EepromFile_GetPageRelationAreaTwoByte_AndDelete
</UL>
<BR>[Called By]<UL><LI><a href="#[d2]">&gt;&gt;</a>&nbsp;&nbsp;&nbsp;EepromFile_Write
<LI><a href="#[ca]">&gt;&gt;</a>&nbsp;&nbsp;&nbsp;__EepromFile_Delete
</UL>

<P><STRONG><a name="[c7]"></a>EepromFile_DeleteEfpAttibute</STRONG> (Thumb, 136 bytes, Stack size 88 bytes, eepromfilesystem.o(.text))
<BR><BR>[Stack]<UL><LI>Max Depth = 268<LI>Call Chain = EepromFile_DeleteEfpAttibute &rArr; EepromFile_CheckWhetherHaveThisFile &rArr; EepromFile_readPage &rArr; kmy_EepromReadSequent &rArr; IIC_Read_Byte &rArr; usleep &rArr; msleep &rArr; sleep
</UL>
<BR>[Calls]<UL><LI><a href="#[ba]">&gt;&gt;</a>&nbsp;&nbsp;&nbsp;EepromFile_CheckWhetherHaveThisFile
<LI><a href="#[b2]">&gt;&gt;</a>&nbsp;&nbsp;&nbsp;EepromFile_WritePage
<LI><a href="#[b0]">&gt;&gt;</a>&nbsp;&nbsp;&nbsp;EepromFile_readPage
<LI><a href="#[bd]">&gt;&gt;</a>&nbsp;&nbsp;&nbsp;__2printf
<LI><a href="#[c8]">&gt;&gt;</a>&nbsp;&nbsp;&nbsp;__aeabi_memclr
</UL>
<BR>[Called By]<UL><LI><a href="#[ca]">&gt;&gt;</a>&nbsp;&nbsp;&nbsp;__EepromFile_Delete
</UL>

<P><STRONG><a name="[c9]"></a>EepromFile_TotalFilePlus1</STRONG> (Thumb, 22 bytes, Stack size 8 bytes, eepromfilesystem.o(.text))
<BR><BR>[Stack]<UL><LI>Max Depth = 108<LI>Call Chain = EepromFile_TotalFilePlus1 &rArr; EepromFile_SetTotalFiles &rArr; kmy_EepromWriteByte &rArr; kmy_EepromReadByte &rArr; IIC_Read_Byte &rArr; usleep &rArr; msleep &rArr; sleep
</UL>
<BR>[Calls]<UL><LI><a href="#[b7]">&gt;&gt;</a>&nbsp;&nbsp;&nbsp;EepromFile_SetTotalFiles
<LI><a href="#[b6]">&gt;&gt;</a>&nbsp;&nbsp;&nbsp;EepromFile_GetTotalFiles
</UL>
<BR>[Called By]<UL><LI><a href="#[ca]">&gt;&gt;</a>&nbsp;&nbsp;&nbsp;__EepromFile_Delete
</UL>

<P><STRONG><a name="[ca]"></a>__EepromFile_Delete</STRONG> (Thumb, 22 bytes, Stack size 8 bytes, eepromfilesystem.o(.text))
<BR><BR>[Stack]<UL><LI>Max Depth = 276<LI>Call Chain = __EepromFile_Delete &rArr; EepromFile_DeleteEfpAttibute &rArr; EepromFile_CheckWhetherHaveThisFile &rArr; EepromFile_readPage &rArr; kmy_EepromReadSequent &rArr; IIC_Read_Byte &rArr; usleep &rArr; msleep &rArr; sleep
</UL>
<BR>[Calls]<UL><LI><a href="#[c9]">&gt;&gt;</a>&nbsp;&nbsp;&nbsp;EepromFile_TotalFilePlus1
<LI><a href="#[c7]">&gt;&gt;</a>&nbsp;&nbsp;&nbsp;EepromFile_DeleteEfpAttibute
<LI><a href="#[c6]">&gt;&gt;</a>&nbsp;&nbsp;&nbsp;EepromFile_DeleteAllPageArea
</UL>
<BR>[Called By]<UL><LI><a href="#[d3]">&gt;&gt;</a>&nbsp;&nbsp;&nbsp;EepromFile_Delete
</UL>

<P><STRONG><a name="[cb]"></a>EepromFile_FileSystemFormat</STRONG> (Thumb, 28 bytes, Stack size 8 bytes, eepromfilesystem.o(.text))
<BR><BR>[Stack]<UL><LI>Max Depth = 108<LI>Call Chain = EepromFile_FileSystemFormat &rArr; InitOrder &rArr; kmy_EepromWriteByte &rArr; kmy_EepromReadByte &rArr; IIC_Read_Byte &rArr; usleep &rArr; msleep &rArr; sleep
</UL>
<BR>[Calls]<UL><LI><a href="#[cc]">&gt;&gt;</a>&nbsp;&nbsp;&nbsp;InitOrder
<LI><a href="#[b2]">&gt;&gt;</a>&nbsp;&nbsp;&nbsp;EepromFile_WritePage
</UL>
<BR>[Called By]<UL><LI><a href="#[158]">&gt;&gt;</a>&nbsp;&nbsp;&nbsp;ApplicationInit
<LI><a href="#[9f]">&gt;&gt;</a>&nbsp;&nbsp;&nbsp;RestoreChuChangSet
</UL>

<P><STRONG><a name="[cd]"></a>EepromFile_Create</STRONG> (Thumb, 378 bytes, Stack size 88 bytes, eepromfilesystem.o(.text))
<BR><BR>[Stack]<UL><LI>Max Depth = 268<LI>Call Chain = EepromFile_Create &rArr; EepromFile_CheckWhetherHaveThisFile &rArr; EepromFile_readPage &rArr; kmy_EepromReadSequent &rArr; IIC_Read_Byte &rArr; usleep &rArr; msleep &rArr; sleep
</UL>
<BR>[Calls]<UL><LI><a href="#[ba]">&gt;&gt;</a>&nbsp;&nbsp;&nbsp;EepromFile_CheckWhetherHaveThisFile
<LI><a href="#[b6]">&gt;&gt;</a>&nbsp;&nbsp;&nbsp;EepromFile_GetTotalFiles
<LI><a href="#[b2]">&gt;&gt;</a>&nbsp;&nbsp;&nbsp;EepromFile_WritePage
<LI><a href="#[b0]">&gt;&gt;</a>&nbsp;&nbsp;&nbsp;EepromFile_readPage
<LI><a href="#[be]">&gt;&gt;</a>&nbsp;&nbsp;&nbsp;EepromFile_TotalFileAdd1
<LI><a href="#[b5]">&gt;&gt;</a>&nbsp;&nbsp;&nbsp;strcpy
<LI><a href="#[ce]">&gt;&gt;</a>&nbsp;&nbsp;&nbsp;strlen
</UL>
<BR>[Called By]<UL><LI><a href="#[d5]">&gt;&gt;</a>&nbsp;&nbsp;&nbsp;EepromFile_WriteData
</UL>

<P><STRONG><a name="[cf]"></a>EepromFile_Open</STRONG> (Thumb, 54 bytes, Stack size 24 bytes, eepromfilesystem.o(.text))
<BR><BR>[Stack]<UL><LI>Max Depth = 204<LI>Call Chain = EepromFile_Open &rArr; EepromFile_CheckWhetherHaveThisFile &rArr; EepromFile_readPage &rArr; kmy_EepromReadSequent &rArr; IIC_Read_Byte &rArr; usleep &rArr; msleep &rArr; sleep
</UL>
<BR>[Calls]<UL><LI><a href="#[ba]">&gt;&gt;</a>&nbsp;&nbsp;&nbsp;EepromFile_CheckWhetherHaveThisFile
<LI><a href="#[b4]">&gt;&gt;</a>&nbsp;&nbsp;&nbsp;EepromFile_GetFileStruct
<LI><a href="#[ce]">&gt;&gt;</a>&nbsp;&nbsp;&nbsp;strlen
</UL>
<BR>[Called By]<UL><LI><a href="#[16a]">&gt;&gt;</a>&nbsp;&nbsp;&nbsp;RestoreGlobalVariable
<LI><a href="#[d6]">&gt;&gt;</a>&nbsp;&nbsp;&nbsp;EepromFile_ReadData
<LI><a href="#[d5]">&gt;&gt;</a>&nbsp;&nbsp;&nbsp;EepromFile_WriteData
<LI><a href="#[d3]">&gt;&gt;</a>&nbsp;&nbsp;&nbsp;EepromFile_Delete
<LI><a href="#[1ca]">&gt;&gt;</a>&nbsp;&nbsp;&nbsp;StorageVariable
</UL>

<P><STRONG><a name="[309]"></a>EepromFile_Seek</STRONG> (Thumb, 90 bytes, Stack size 8 bytes, eepromfilesystem.o(.text), UNUSED)

<P><STRONG><a name="[d0]"></a>EepromFile_read</STRONG> (Thumb, 162 bytes, Stack size 88 bytes, eepromfilesystem.o(.text))
<BR><BR>[Stack]<UL><LI>Max Depth = 220<LI>Call Chain = EepromFile_read &rArr; EepromFile_readFileCurrentPage &rArr; EepromFile_GetPhysicalPage &rArr; EepromFile_GetPageRelationAreaTwoByte &rArr; EepromFile_readPage &rArr; kmy_EepromReadSequent &rArr; IIC_Read_Byte &rArr; usleep &rArr; msleep &rArr; sleep
</UL>
<BR>[Calls]<UL><LI><a href="#[c1]">&gt;&gt;</a>&nbsp;&nbsp;&nbsp;EepromFile_readFileCurrentPage
<LI><a href="#[d1]">&gt;&gt;</a>&nbsp;&nbsp;&nbsp;__aeabi_memcpy
</UL>
<BR>[Called By]<UL><LI><a href="#[16a]">&gt;&gt;</a>&nbsp;&nbsp;&nbsp;RestoreGlobalVariable
<LI><a href="#[d6]">&gt;&gt;</a>&nbsp;&nbsp;&nbsp;EepromFile_ReadData
</UL>

<P><STRONG><a name="[d2]"></a>EepromFile_Write</STRONG> (Thumb, 142 bytes, Stack size 24 bytes, eepromfilesystem.o(.text))
<BR><BR>[Stack]<UL><LI>Max Depth = 292<LI>Call Chain = EepromFile_Write &rArr; EepromFile_GetAIdlePage &rArr; EepromFile_SetPageArea &rArr; EepromFile_WritePage &rArr; kmy_EepromWritePage &rArr; IIC_Send_Byte &rArr; usleep &rArr; msleep &rArr; sleep
</UL>
<BR>[Calls]<UL><LI><a href="#[b3]">&gt;&gt;</a>&nbsp;&nbsp;&nbsp;kmy_EepromWritePage
<LI><a href="#[c6]">&gt;&gt;</a>&nbsp;&nbsp;&nbsp;EepromFile_DeleteAllPageArea
<LI><a href="#[c4]">&gt;&gt;</a>&nbsp;&nbsp;&nbsp;EepromFile_GetAIdlePage
<LI><a href="#[c3]">&gt;&gt;</a>&nbsp;&nbsp;&nbsp;EepromFile_SetPageArea
<LI><a href="#[b9]">&gt;&gt;</a>&nbsp;&nbsp;&nbsp;EepromFile_GetIdleAreaSize
<LI><a href="#[b2]">&gt;&gt;</a>&nbsp;&nbsp;&nbsp;EepromFile_WritePage
<LI><a href="#[bc]">&gt;&gt;</a>&nbsp;&nbsp;&nbsp;EepromFile_SaveEfpAttibute
</UL>
<BR>[Called By]<UL><LI><a href="#[d5]">&gt;&gt;</a>&nbsp;&nbsp;&nbsp;EepromFile_WriteData
<LI><a href="#[1ca]">&gt;&gt;</a>&nbsp;&nbsp;&nbsp;StorageVariable
</UL>

<P><STRONG><a name="[d3]"></a>EepromFile_Delete</STRONG> (Thumb, 46 bytes, Stack size 40 bytes, eepromfilesystem.o(.text))
<BR><BR>[Stack]<UL><LI>Max Depth = 316<LI>Call Chain = EepromFile_Delete &rArr; __EepromFile_Delete &rArr; EepromFile_DeleteEfpAttibute &rArr; EepromFile_CheckWhetherHaveThisFile &rArr; EepromFile_readPage &rArr; kmy_EepromReadSequent &rArr; IIC_Read_Byte &rArr; usleep &rArr; msleep &rArr; sleep
</UL>
<BR>[Calls]<UL><LI><a href="#[cf]">&gt;&gt;</a>&nbsp;&nbsp;&nbsp;EepromFile_Open
<LI><a href="#[ca]">&gt;&gt;</a>&nbsp;&nbsp;&nbsp;__EepromFile_Delete
<LI><a href="#[ba]">&gt;&gt;</a>&nbsp;&nbsp;&nbsp;EepromFile_CheckWhetherHaveThisFile
</UL>
<BR>[Called By]<UL><LI><a href="#[16b]">&gt;&gt;</a>&nbsp;&nbsp;&nbsp;RestoreConfigFile
</UL>

<P><STRONG><a name="[d4]"></a>EepromFile_CheckFileExist</STRONG> (Thumb, 30 bytes, Stack size 8 bytes, eepromfilesystem.o(.text))
<BR><BR>[Stack]<UL><LI>Max Depth = 188<LI>Call Chain = EepromFile_CheckFileExist &rArr; EepromFile_CheckWhetherHaveThisFile &rArr; EepromFile_readPage &rArr; kmy_EepromReadSequent &rArr; IIC_Read_Byte &rArr; usleep &rArr; msleep &rArr; sleep
</UL>
<BR>[Calls]<UL><LI><a href="#[ba]">&gt;&gt;</a>&nbsp;&nbsp;&nbsp;EepromFile_CheckWhetherHaveThisFile
<LI><a href="#[ce]">&gt;&gt;</a>&nbsp;&nbsp;&nbsp;strlen
</UL>
<BR>[Called By]<UL><LI><a href="#[158]">&gt;&gt;</a>&nbsp;&nbsp;&nbsp;ApplicationInit
</UL>

<P><STRONG><a name="[d5]"></a>EepromFile_WriteData</STRONG> (Thumb, 90 bytes, Stack size 40 bytes, eepromfilesystem.o(.text))
<BR><BR>[Stack]<UL><LI>Max Depth = 332<LI>Call Chain = EepromFile_WriteData &rArr; EepromFile_Write &rArr; EepromFile_GetAIdlePage &rArr; EepromFile_SetPageArea &rArr; EepromFile_WritePage &rArr; kmy_EepromWritePage &rArr; IIC_Send_Byte &rArr; usleep &rArr; msleep &rArr; sleep
</UL>
<BR>[Calls]<UL><LI><a href="#[d2]">&gt;&gt;</a>&nbsp;&nbsp;&nbsp;EepromFile_Write
<LI><a href="#[cf]">&gt;&gt;</a>&nbsp;&nbsp;&nbsp;EepromFile_Open
<LI><a href="#[cd]">&gt;&gt;</a>&nbsp;&nbsp;&nbsp;EepromFile_Create
<LI><a href="#[bd]">&gt;&gt;</a>&nbsp;&nbsp;&nbsp;__2printf
</UL>
<BR>[Called By]<UL><LI><a href="#[16b]">&gt;&gt;</a>&nbsp;&nbsp;&nbsp;RestoreConfigFile
</UL>

<P><STRONG><a name="[d6]"></a>EepromFile_ReadData</STRONG> (Thumb, 62 bytes, Stack size 40 bytes, eepromfilesystem.o(.text), UNUSED)
<BR><BR>[Calls]<UL><LI><a href="#[d0]">&gt;&gt;</a>&nbsp;&nbsp;&nbsp;EepromFile_read
<LI><a href="#[cf]">&gt;&gt;</a>&nbsp;&nbsp;&nbsp;EepromFile_Open
<LI><a href="#[bd]">&gt;&gt;</a>&nbsp;&nbsp;&nbsp;__2printf
</UL>

<P><STRONG><a name="[d7]"></a>EepromFile_GetFileName</STRONG> (Thumb, 134 bytes, Stack size 88 bytes, eepromfilesystem.o(.text), UNUSED)
<BR><BR>[Calls]<UL><LI><a href="#[b0]">&gt;&gt;</a>&nbsp;&nbsp;&nbsp;EepromFile_readPage
<LI><a href="#[b5]">&gt;&gt;</a>&nbsp;&nbsp;&nbsp;strcpy
</UL>

<P><STRONG><a name="[d8]"></a>abcReadCode</STRONG> (Thumb, 414 bytes, Stack size 96 bytes, forminput.o(.text))
<BR><BR>[Stack]<UL><LI>Max Depth = 352<LI>Call Chain = abcReadCode &rArr; clear_area &rArr; kmy_LcdDrawRect &rArr; kmy_LcdDrawLine &rArr; AccordingLcdRamDisplay &rArr; LCDSetXY &rArr; write_command &rArr; data_send
</UL>
<BR>[Calls]<UL><LI><a href="#[dd]">&gt;&gt;</a>&nbsp;&nbsp;&nbsp;kmy_LcdTextOut
<LI><a href="#[db]">&gt;&gt;</a>&nbsp;&nbsp;&nbsp;kmy_GetKeyValue
<LI><a href="#[da]">&gt;&gt;</a>&nbsp;&nbsp;&nbsp;clear_area
<LI><a href="#[de]">&gt;&gt;</a>&nbsp;&nbsp;&nbsp;KeyIsResponse
<LI><a href="#[dc]">&gt;&gt;</a>&nbsp;&nbsp;&nbsp;KeyEventPost
<LI><a href="#[a7]">&gt;&gt;</a>&nbsp;&nbsp;&nbsp;reverse_area
<LI><a href="#[a9]">&gt;&gt;</a>&nbsp;&nbsp;&nbsp;kmy_TimeGetMilliseconds
<LI><a href="#[ce]">&gt;&gt;</a>&nbsp;&nbsp;&nbsp;strlen
<LI><a href="#[d9]">&gt;&gt;</a>&nbsp;&nbsp;&nbsp;__aeabi_memcpy4
</UL>
<BR>[Called By]<UL><LI><a href="#[e4]">&gt;&gt;</a>&nbsp;&nbsp;&nbsp;FormInput
</UL>

<P><STRONG><a name="[df]"></a>ABCReadCode</STRONG> (Thumb, 416 bytes, Stack size 96 bytes, forminput.o(.text))
<BR><BR>[Stack]<UL><LI>Max Depth = 352<LI>Call Chain = ABCReadCode &rArr; clear_area &rArr; kmy_LcdDrawRect &rArr; kmy_LcdDrawLine &rArr; AccordingLcdRamDisplay &rArr; LCDSetXY &rArr; write_command &rArr; data_send
</UL>
<BR>[Calls]<UL><LI><a href="#[dd]">&gt;&gt;</a>&nbsp;&nbsp;&nbsp;kmy_LcdTextOut
<LI><a href="#[db]">&gt;&gt;</a>&nbsp;&nbsp;&nbsp;kmy_GetKeyValue
<LI><a href="#[da]">&gt;&gt;</a>&nbsp;&nbsp;&nbsp;clear_area
<LI><a href="#[de]">&gt;&gt;</a>&nbsp;&nbsp;&nbsp;KeyIsResponse
<LI><a href="#[dc]">&gt;&gt;</a>&nbsp;&nbsp;&nbsp;KeyEventPost
<LI><a href="#[a7]">&gt;&gt;</a>&nbsp;&nbsp;&nbsp;reverse_area
<LI><a href="#[a9]">&gt;&gt;</a>&nbsp;&nbsp;&nbsp;kmy_TimeGetMilliseconds
<LI><a href="#[ce]">&gt;&gt;</a>&nbsp;&nbsp;&nbsp;strlen
<LI><a href="#[d9]">&gt;&gt;</a>&nbsp;&nbsp;&nbsp;__aeabi_memcpy4
</UL>
<BR>[Called By]<UL><LI><a href="#[e4]">&gt;&gt;</a>&nbsp;&nbsp;&nbsp;FormInput
</UL>

<P><STRONG><a name="[e7]"></a>_FormInput123ReadCode</STRONG> (Thumb, 92 bytes, Stack size 0 bytes, forminput.o(.text))
<BR><BR>[Called By]<UL><LI><a href="#[e4]">&gt;&gt;</a>&nbsp;&nbsp;&nbsp;FormInput
</UL>

<P><STRONG><a name="[e9]"></a>Switch_InputMode</STRONG> (Thumb, 252 bytes, Stack size 0 bytes, forminput.o(.text))
<BR><BR>[Called By]<UL><LI><a href="#[e4]">&gt;&gt;</a>&nbsp;&nbsp;&nbsp;FormInput
</UL>

<P><STRONG><a name="[ea]"></a>GetinputModeString</STRONG> (Thumb, 46 bytes, Stack size 0 bytes, forminput.o(.text))
<BR><BR>[Called By]<UL><LI><a href="#[e4]">&gt;&gt;</a>&nbsp;&nbsp;&nbsp;FormInput
</UL>

<P><STRONG><a name="[e0]"></a>Form_text_out</STRONG> (Thumb, 48 bytes, Stack size 24 bytes, forminput.o(.text))
<BR><BR>[Stack]<UL><LI>Max Depth = 280<LI>Call Chain = Form_text_out &rArr; text_out_length &rArr; kmy_LcdTextOut &rArr; kmy_LcdDrawBitMap &rArr; AccordingLcdRamDisplay &rArr; LCDSetXY &rArr; write_command &rArr; data_send
</UL>
<BR>[Calls]<UL><LI><a href="#[e1]">&gt;&gt;</a>&nbsp;&nbsp;&nbsp;text_out_length
<LI><a href="#[ce]">&gt;&gt;</a>&nbsp;&nbsp;&nbsp;strlen
</UL>
<BR>[Called By]<UL><LI><a href="#[e4]">&gt;&gt;</a>&nbsp;&nbsp;&nbsp;FormInput
<LI><a href="#[e2]">&gt;&gt;</a>&nbsp;&nbsp;&nbsp;Form_display
</UL>

<P><STRONG><a name="[e2]"></a>Form_display</STRONG> (Thumb, 70 bytes, Stack size 24 bytes, forminput.o(.text))
<BR><BR>[Stack]<UL><LI>Max Depth = 304<LI>Call Chain = Form_display &rArr; Form_text_out &rArr; text_out_length &rArr; kmy_LcdTextOut &rArr; kmy_LcdDrawBitMap &rArr; AccordingLcdRamDisplay &rArr; LCDSetXY &rArr; write_command &rArr; data_send
</UL>
<BR>[Calls]<UL><LI><a href="#[dd]">&gt;&gt;</a>&nbsp;&nbsp;&nbsp;kmy_LcdTextOut
<LI><a href="#[e0]">&gt;&gt;</a>&nbsp;&nbsp;&nbsp;Form_text_out
</UL>
<BR>[Called By]<UL><LI><a href="#[e4]">&gt;&gt;</a>&nbsp;&nbsp;&nbsp;FormInput
</UL>

<P><STRONG><a name="[e3]"></a>Form_ClearDisplayErea</STRONG> (Thumb, 96 bytes, Stack size 48 bytes, forminput.o(.text))
<BR><BR>[Stack]<UL><LI>Max Depth = 304<LI>Call Chain = Form_ClearDisplayErea &rArr; text_out_length &rArr; kmy_LcdTextOut &rArr; kmy_LcdDrawBitMap &rArr; AccordingLcdRamDisplay &rArr; LCDSetXY &rArr; write_command &rArr; data_send
</UL>
<BR>[Calls]<UL><LI><a href="#[e1]">&gt;&gt;</a>&nbsp;&nbsp;&nbsp;text_out_length
<LI><a href="#[d9]">&gt;&gt;</a>&nbsp;&nbsp;&nbsp;__aeabi_memcpy4
</UL>
<BR>[Called By]<UL><LI><a href="#[e4]">&gt;&gt;</a>&nbsp;&nbsp;&nbsp;FormInput
</UL>

<P><STRONG><a name="[e4]"></a>FormInput</STRONG> (Thumb, 2022 bytes, Stack size 72 bytes, forminput.o(.text))
<BR><BR>[Stack]<UL><LI>Max Depth = 424<LI>Call Chain = FormInput &rArr; ABCReadCode &rArr; clear_area &rArr; kmy_LcdDrawRect &rArr; kmy_LcdDrawLine &rArr; AccordingLcdRamDisplay &rArr; LCDSetXY &rArr; write_command &rArr; data_send
</UL>
<BR>[Calls]<UL><LI><a href="#[e8]">&gt;&gt;</a>&nbsp;&nbsp;&nbsp;my_strcat_insert
<LI><a href="#[dd]">&gt;&gt;</a>&nbsp;&nbsp;&nbsp;kmy_LcdTextOut
<LI><a href="#[e5]">&gt;&gt;</a>&nbsp;&nbsp;&nbsp;kmy_LcdClear
<LI><a href="#[db]">&gt;&gt;</a>&nbsp;&nbsp;&nbsp;kmy_GetKeyValue
<LI><a href="#[e6]">&gt;&gt;</a>&nbsp;&nbsp;&nbsp;draw_line
<LI><a href="#[da]">&gt;&gt;</a>&nbsp;&nbsp;&nbsp;clear_area
<LI><a href="#[de]">&gt;&gt;</a>&nbsp;&nbsp;&nbsp;KeyIsResponse
<LI><a href="#[dc]">&gt;&gt;</a>&nbsp;&nbsp;&nbsp;KeyEventPost
<LI><a href="#[e3]">&gt;&gt;</a>&nbsp;&nbsp;&nbsp;Form_ClearDisplayErea
<LI><a href="#[e2]">&gt;&gt;</a>&nbsp;&nbsp;&nbsp;Form_display
<LI><a href="#[e0]">&gt;&gt;</a>&nbsp;&nbsp;&nbsp;Form_text_out
<LI><a href="#[ea]">&gt;&gt;</a>&nbsp;&nbsp;&nbsp;GetinputModeString
<LI><a href="#[e9]">&gt;&gt;</a>&nbsp;&nbsp;&nbsp;Switch_InputMode
<LI><a href="#[e7]">&gt;&gt;</a>&nbsp;&nbsp;&nbsp;_FormInput123ReadCode
<LI><a href="#[df]">&gt;&gt;</a>&nbsp;&nbsp;&nbsp;ABCReadCode
<LI><a href="#[d8]">&gt;&gt;</a>&nbsp;&nbsp;&nbsp;abcReadCode
<LI><a href="#[a7]">&gt;&gt;</a>&nbsp;&nbsp;&nbsp;reverse_area
<LI><a href="#[af]">&gt;&gt;</a>&nbsp;&nbsp;&nbsp;Cursor_Init
<LI><a href="#[ab]">&gt;&gt;</a>&nbsp;&nbsp;&nbsp;Cursor_SetY
<LI><a href="#[aa]">&gt;&gt;</a>&nbsp;&nbsp;&nbsp;Cursor_SetX
<LI><a href="#[a8]">&gt;&gt;</a>&nbsp;&nbsp;&nbsp;Cursor_Twinkle
<LI><a href="#[a6]">&gt;&gt;</a>&nbsp;&nbsp;&nbsp;Cursor_OnOff
<LI><a href="#[ce]">&gt;&gt;</a>&nbsp;&nbsp;&nbsp;strlen
</UL>
<BR>[Called By]<UL><LI><a href="#[69]">&gt;&gt;</a>&nbsp;&nbsp;&nbsp;FromInput_Test
</UL>

<P><STRONG><a name="[eb]"></a>send_at_cmd</STRONG> (Thumb, 12 bytes, Stack size 8 bytes, gprs.o(.text))
<BR><BR>[Stack]<UL><LI>Max Depth = 16<LI>Call Chain = send_at_cmd &rArr; kmy_USART2SendString
</UL>
<BR>[Calls]<UL><LI><a href="#[ec]">&gt;&gt;</a>&nbsp;&nbsp;&nbsp;kmy_USART2SendString
</UL>
<BR>[Called By]<UL><LI><a href="#[18e]">&gt;&gt;</a>&nbsp;&nbsp;&nbsp;NewMessageAct
<LI><a href="#[46]">&gt;&gt;</a>&nbsp;&nbsp;&nbsp;ReceiveMailBox
<LI><a href="#[179]">&gt;&gt;</a>&nbsp;&nbsp;&nbsp;DisplayMessage
<LI><a href="#[16d]">&gt;&gt;</a>&nbsp;&nbsp;&nbsp;Sim900B_init
<LI><a href="#[10f]">&gt;&gt;</a>&nbsp;&nbsp;&nbsp;GetIMEI
<LI><a href="#[fe]">&gt;&gt;</a>&nbsp;&nbsp;&nbsp;tcp_DisConnect
<LI><a href="#[f8]">&gt;&gt;</a>&nbsp;&nbsp;&nbsp;send_at_cmd_and_return_NotResposeKey
<LI><a href="#[f7]">&gt;&gt;</a>&nbsp;&nbsp;&nbsp;send_at_cmd_and_return
<LI><a href="#[f5]">&gt;&gt;</a>&nbsp;&nbsp;&nbsp;send_at_cmd_and_receive
<LI><a href="#[f1]">&gt;&gt;</a>&nbsp;&nbsp;&nbsp;SendAtCommand_UntillSuccess
<LI><a href="#[f9]">&gt;&gt;</a>&nbsp;&nbsp;&nbsp;send_at_cmd_and_return_3errs
<LI><a href="#[200]">&gt;&gt;</a>&nbsp;&nbsp;&nbsp;SendMessage
<LI><a href="#[1b4]">&gt;&gt;</a>&nbsp;&nbsp;&nbsp;SendMessage_TextMode
<LI><a href="#[74]">&gt;&gt;</a>&nbsp;&nbsp;&nbsp;SelfTest_ReceiveMessage
<LI><a href="#[6f]">&gt;&gt;</a>&nbsp;&nbsp;&nbsp;SelfTest_MakeCall
</UL>

<P><STRONG><a name="[ed]"></a>Gprs_SendDataLen</STRONG> (Thumb, 16 bytes, Stack size 16 bytes, gprs.o(.text))
<BR><BR>[Stack]<UL><LI>Max Depth = 32<LI>Call Chain = Gprs_SendDataLen &rArr; kmy_USART2SendData
</UL>
<BR>[Calls]<UL><LI><a href="#[ee]">&gt;&gt;</a>&nbsp;&nbsp;&nbsp;kmy_USART2SendData
</UL>
<BR>[Called By]<UL><LI><a href="#[102]">&gt;&gt;</a>&nbsp;&nbsp;&nbsp;tcp_send
</UL>

<P><STRONG><a name="[ef]"></a>ReadDatasFromtty</STRONG> (Thumb, 58 bytes, Stack size 32 bytes, gprs.o(.text))
<BR><BR>[Stack]<UL><LI>Max Depth = 56<LI>Call Chain = ReadDatasFromtty &rArr; kmy_USART2ReceiveData
</UL>
<BR>[Calls]<UL><LI><a href="#[f0]">&gt;&gt;</a>&nbsp;&nbsp;&nbsp;kmy_USART2ReceiveData
</UL>
<BR>[Called By]<UL><LI><a href="#[109]">&gt;&gt;</a>&nbsp;&nbsp;&nbsp;tcp_receive_KMY
<LI><a href="#[107]">&gt;&gt;</a>&nbsp;&nbsp;&nbsp;tcp_receive
<LI><a href="#[f8]">&gt;&gt;</a>&nbsp;&nbsp;&nbsp;send_at_cmd_and_return_NotResposeKey
<LI><a href="#[f7]">&gt;&gt;</a>&nbsp;&nbsp;&nbsp;send_at_cmd_and_return
<LI><a href="#[f5]">&gt;&gt;</a>&nbsp;&nbsp;&nbsp;send_at_cmd_and_receive
<LI><a href="#[f3]">&gt;&gt;</a>&nbsp;&nbsp;&nbsp;ReadDatasFromSIM300_OKstr
<LI><a href="#[f1]">&gt;&gt;</a>&nbsp;&nbsp;&nbsp;SendAtCommand_UntillSuccess
<LI><a href="#[f9]">&gt;&gt;</a>&nbsp;&nbsp;&nbsp;send_at_cmd_and_return_3errs
<LI><a href="#[74]">&gt;&gt;</a>&nbsp;&nbsp;&nbsp;SelfTest_ReceiveMessage
</UL>

<P><STRONG><a name="[f1]"></a>SendAtCommand_UntillSuccess</STRONG> (Thumb, 126 bytes, Stack size 136 bytes, gprs.o(.text))
<BR><BR>[Stack]<UL><LI>Max Depth = 192<LI>Call Chain = SendAtCommand_UntillSuccess &rArr; ReadDatasFromtty &rArr; kmy_USART2ReceiveData
</UL>
<BR>[Calls]<UL><LI><a href="#[ef]">&gt;&gt;</a>&nbsp;&nbsp;&nbsp;ReadDatasFromtty
<LI><a href="#[eb]">&gt;&gt;</a>&nbsp;&nbsp;&nbsp;send_at_cmd
<LI><a href="#[f2]">&gt;&gt;</a>&nbsp;&nbsp;&nbsp;strstr
</UL>
<BR>[Called By]<UL><LI><a href="#[1b4]">&gt;&gt;</a>&nbsp;&nbsp;&nbsp;SendMessage_TextMode
<LI><a href="#[6f]">&gt;&gt;</a>&nbsp;&nbsp;&nbsp;SelfTest_MakeCall
</UL>

<P><STRONG><a name="[f3]"></a>ReadDatasFromSIM300_OKstr</STRONG> (Thumb, 126 bytes, Stack size 40 bytes, gprs.o(.text))
<BR><BR>[Stack]<UL><LI>Max Depth = 112<LI>Call Chain = ReadDatasFromSIM300_OKstr &rArr; kmy_GetKeyValue &rArr; KeyScan &rArr; __KeyScan &rArr; SetRow &rArr; GPIO_Init
</UL>
<BR>[Calls]<UL><LI><a href="#[f4]">&gt;&gt;</a>&nbsp;&nbsp;&nbsp;kmy_USART2ReceiveReset
<LI><a href="#[ef]">&gt;&gt;</a>&nbsp;&nbsp;&nbsp;ReadDatasFromtty
<LI><a href="#[db]">&gt;&gt;</a>&nbsp;&nbsp;&nbsp;kmy_GetKeyValue
<LI><a href="#[de]">&gt;&gt;</a>&nbsp;&nbsp;&nbsp;KeyIsResponse
<LI><a href="#[f2]">&gt;&gt;</a>&nbsp;&nbsp;&nbsp;strstr
</UL>
<BR>[Called By]<UL><LI><a href="#[18e]">&gt;&gt;</a>&nbsp;&nbsp;&nbsp;NewMessageAct
<LI><a href="#[179]">&gt;&gt;</a>&nbsp;&nbsp;&nbsp;DisplayMessage
<LI><a href="#[10f]">&gt;&gt;</a>&nbsp;&nbsp;&nbsp;GetIMEI
<LI><a href="#[200]">&gt;&gt;</a>&nbsp;&nbsp;&nbsp;SendMessage
<LI><a href="#[1b4]">&gt;&gt;</a>&nbsp;&nbsp;&nbsp;SendMessage_TextMode
</UL>

<P><STRONG><a name="[f5]"></a>send_at_cmd_and_receive</STRONG> (Thumb, 146 bytes, Stack size 48 bytes, gprs.o(.text))
<BR><BR>[Stack]<UL><LI>Max Depth = 120<LI>Call Chain = send_at_cmd_and_receive &rArr; kmy_GetKeyValue &rArr; KeyScan &rArr; __KeyScan &rArr; SetRow &rArr; GPIO_Init
</UL>
<BR>[Calls]<UL><LI><a href="#[f4]">&gt;&gt;</a>&nbsp;&nbsp;&nbsp;kmy_USART2ReceiveReset
<LI><a href="#[f6]">&gt;&gt;</a>&nbsp;&nbsp;&nbsp;SetAutoExitTime
<LI><a href="#[ef]">&gt;&gt;</a>&nbsp;&nbsp;&nbsp;ReadDatasFromtty
<LI><a href="#[eb]">&gt;&gt;</a>&nbsp;&nbsp;&nbsp;send_at_cmd
<LI><a href="#[db]">&gt;&gt;</a>&nbsp;&nbsp;&nbsp;kmy_GetKeyValue
<LI><a href="#[de]">&gt;&gt;</a>&nbsp;&nbsp;&nbsp;KeyIsResponse
<LI><a href="#[f2]">&gt;&gt;</a>&nbsp;&nbsp;&nbsp;strstr
</UL>
<BR>[Called By]<UL><LI><a href="#[184]">&gt;&gt;</a>&nbsp;&nbsp;&nbsp;MessageDisplayContext
<LI><a href="#[182]">&gt;&gt;</a>&nbsp;&nbsp;&nbsp;GetOneScreenMessageNumber
<LI><a href="#[180]">&gt;&gt;</a>&nbsp;&nbsp;&nbsp;GetMessageNode
<LI><a href="#[17c]">&gt;&gt;</a>&nbsp;&nbsp;&nbsp;GetMessageTotalAndCapacity
<LI><a href="#[191]">&gt;&gt;</a>&nbsp;&nbsp;&nbsp;CheckPINAndPUK
<LI><a href="#[14a]">&gt;&gt;</a>&nbsp;&nbsp;&nbsp;UpgradeCSPN
<LI><a href="#[146]">&gt;&gt;</a>&nbsp;&nbsp;&nbsp;UpgradeElectricity
<LI><a href="#[142]">&gt;&gt;</a>&nbsp;&nbsp;&nbsp;UpgradeSignalQuality
<LI><a href="#[110]">&gt;&gt;</a>&nbsp;&nbsp;&nbsp;GetCCID
<LI><a href="#[10c]">&gt;&gt;</a>&nbsp;&nbsp;&nbsp;PUK_Required
<LI><a href="#[10b]">&gt;&gt;</a>&nbsp;&nbsp;&nbsp;ReadPINPUKTimes
<LI><a href="#[a3]">&gt;&gt;</a>&nbsp;&nbsp;&nbsp;RejectOrder
<LI><a href="#[a2]">&gt;&gt;</a>&nbsp;&nbsp;&nbsp;AcceptOrder
<LI><a href="#[1b4]">&gt;&gt;</a>&nbsp;&nbsp;&nbsp;SendMessage_TextMode
<LI><a href="#[74]">&gt;&gt;</a>&nbsp;&nbsp;&nbsp;SelfTest_ReceiveMessage
<LI><a href="#[6d]">&gt;&gt;</a>&nbsp;&nbsp;&nbsp;SelfTest_BatVoltage
</UL>

<P><STRONG><a name="[f7]"></a>send_at_cmd_and_return</STRONG> (Thumb, 154 bytes, Stack size 1072 bytes, gprs.o(.text))
<BR><BR>[Stack]<UL><LI>Max Depth = 1128<LI>Call Chain = send_at_cmd_and_return &rArr; ReadDatasFromtty &rArr; kmy_USART2ReceiveData
</UL>
<BR>[Calls]<UL><LI><a href="#[f4]">&gt;&gt;</a>&nbsp;&nbsp;&nbsp;kmy_USART2ReceiveReset
<LI><a href="#[f6]">&gt;&gt;</a>&nbsp;&nbsp;&nbsp;SetAutoExitTime
<LI><a href="#[ef]">&gt;&gt;</a>&nbsp;&nbsp;&nbsp;ReadDatasFromtty
<LI><a href="#[eb]">&gt;&gt;</a>&nbsp;&nbsp;&nbsp;send_at_cmd
<LI><a href="#[de]">&gt;&gt;</a>&nbsp;&nbsp;&nbsp;KeyIsResponse
<LI><a href="#[bd]">&gt;&gt;</a>&nbsp;&nbsp;&nbsp;__2printf
<LI><a href="#[f2]">&gt;&gt;</a>&nbsp;&nbsp;&nbsp;strstr
</UL>
<BR>[Called By]<UL><LI><a href="#[44]">&gt;&gt;</a>&nbsp;&nbsp;&nbsp;Message_delete_all
<LI><a href="#[43]">&gt;&gt;</a>&nbsp;&nbsp;&nbsp;Message_delete_this
<LI><a href="#[191]">&gt;&gt;</a>&nbsp;&nbsp;&nbsp;CheckPINAndPUK
<LI><a href="#[16d]">&gt;&gt;</a>&nbsp;&nbsp;&nbsp;Sim900B_init
<LI><a href="#[111]">&gt;&gt;</a>&nbsp;&nbsp;&nbsp;set_apn
<LI><a href="#[102]">&gt;&gt;</a>&nbsp;&nbsp;&nbsp;tcp_send
<LI><a href="#[ff]">&gt;&gt;</a>&nbsp;&nbsp;&nbsp;tcp_Connect
<LI><a href="#[fa]">&gt;&gt;</a>&nbsp;&nbsp;&nbsp;_tcp_Connect
</UL>

<P><STRONG><a name="[f8]"></a>send_at_cmd_and_return_NotResposeKey</STRONG> (Thumb, 156 bytes, Stack size 1072 bytes, gprs.o(.text), UNUSED)
<BR><BR>[Calls]<UL><LI><a href="#[f6]">&gt;&gt;</a>&nbsp;&nbsp;&nbsp;SetAutoExitTime
<LI><a href="#[ef]">&gt;&gt;</a>&nbsp;&nbsp;&nbsp;ReadDatasFromtty
<LI><a href="#[eb]">&gt;&gt;</a>&nbsp;&nbsp;&nbsp;send_at_cmd
<LI><a href="#[de]">&gt;&gt;</a>&nbsp;&nbsp;&nbsp;KeyIsResponse
<LI><a href="#[bd]">&gt;&gt;</a>&nbsp;&nbsp;&nbsp;__2printf
<LI><a href="#[f2]">&gt;&gt;</a>&nbsp;&nbsp;&nbsp;strstr
</UL>

<P><STRONG><a name="[fe]"></a>tcp_DisConnect</STRONG> (Thumb, 16 bytes, Stack size 8 bytes, gprs.o(.text))
<BR><BR>[Stack]<UL><LI>Max Depth = 24<LI>Call Chain = tcp_DisConnect &rArr; send_at_cmd &rArr; kmy_USART2SendString
</UL>
<BR>[Calls]<UL><LI><a href="#[eb]">&gt;&gt;</a>&nbsp;&nbsp;&nbsp;send_at_cmd
</UL>
<BR>[Called By]<UL><LI><a href="#[ff]">&gt;&gt;</a>&nbsp;&nbsp;&nbsp;tcp_Connect
</UL>

<P><STRONG><a name="[ff]"></a>tcp_Connect</STRONG> (Thumb, 110 bytes, Stack size 16 bytes, gprs.o(.text))
<BR><BR>[Stack]<UL><LI>Max Depth = 1360<LI>Call Chain = tcp_Connect &rArr; _tcp_Connect &rArr; send_at_cmd_and_return &rArr; ReadDatasFromtty &rArr; kmy_USART2ReceiveData
</UL>
<BR>[Calls]<UL><LI><a href="#[101]">&gt;&gt;</a>&nbsp;&nbsp;&nbsp;sleep
<LI><a href="#[100]">&gt;&gt;</a>&nbsp;&nbsp;&nbsp;kmy_DataLED_Flash
<LI><a href="#[fe]">&gt;&gt;</a>&nbsp;&nbsp;&nbsp;tcp_DisConnect
<LI><a href="#[f7]">&gt;&gt;</a>&nbsp;&nbsp;&nbsp;send_at_cmd_and_return
<LI><a href="#[fa]">&gt;&gt;</a>&nbsp;&nbsp;&nbsp;_tcp_Connect
<LI><a href="#[bd]">&gt;&gt;</a>&nbsp;&nbsp;&nbsp;__2printf
</UL>
<BR>[Called By]<UL><LI><a href="#[a3]">&gt;&gt;</a>&nbsp;&nbsp;&nbsp;RejectOrder
<LI><a href="#[a2]">&gt;&gt;</a>&nbsp;&nbsp;&nbsp;AcceptOrder
<LI><a href="#[227]">&gt;&gt;</a>&nbsp;&nbsp;&nbsp;AcceptOrder_SpeedKey
</UL>

<P><STRONG><a name="[102]"></a>tcp_send</STRONG> (Thumb, 112 bytes, Stack size 80 bytes, gprs.o(.text))
<BR><BR>[Stack]<UL><LI>Max Depth = 1208<LI>Call Chain = tcp_send &rArr; send_at_cmd_and_return &rArr; ReadDatasFromtty &rArr; kmy_USART2ReceiveData
</UL>
<BR>[Calls]<UL><LI><a href="#[103]">&gt;&gt;</a>&nbsp;&nbsp;&nbsp;my_itoa
<LI><a href="#[104]">&gt;&gt;</a>&nbsp;&nbsp;&nbsp;my_charhexprintf_buff
<LI><a href="#[100]">&gt;&gt;</a>&nbsp;&nbsp;&nbsp;kmy_DataLED_Flash
<LI><a href="#[f7]">&gt;&gt;</a>&nbsp;&nbsp;&nbsp;send_at_cmd_and_return
<LI><a href="#[ed]">&gt;&gt;</a>&nbsp;&nbsp;&nbsp;Gprs_SendDataLen
<LI><a href="#[bd]">&gt;&gt;</a>&nbsp;&nbsp;&nbsp;__2printf
<LI><a href="#[b5]">&gt;&gt;</a>&nbsp;&nbsp;&nbsp;strcpy
<LI><a href="#[fc]">&gt;&gt;</a>&nbsp;&nbsp;&nbsp;strcat
</UL>
<BR>[Called By]<UL><LI><a href="#[a3]">&gt;&gt;</a>&nbsp;&nbsp;&nbsp;RejectOrder
<LI><a href="#[a2]">&gt;&gt;</a>&nbsp;&nbsp;&nbsp;AcceptOrder
<LI><a href="#[227]">&gt;&gt;</a>&nbsp;&nbsp;&nbsp;AcceptOrder_SpeedKey
</UL>

<P><STRONG><a name="[105]"></a>GetTotallen</STRONG> (Thumb, 40 bytes, Stack size 24 bytes, gprs.o(.text), UNUSED)
<BR><BR>[Calls]<UL><LI><a href="#[106]">&gt;&gt;</a>&nbsp;&nbsp;&nbsp;my_axtoi
<LI><a href="#[bd]">&gt;&gt;</a>&nbsp;&nbsp;&nbsp;__2printf
</UL>
<BR>[Called By]<UL><LI><a href="#[109]">&gt;&gt;</a>&nbsp;&nbsp;&nbsp;tcp_receive_KMY
</UL>

<P><STRONG><a name="[107]"></a>tcp_receive</STRONG> (Thumb, 126 bytes, Stack size 48 bytes, gprs.o(.text))
<BR><BR>[Stack]<UL><LI>Max Depth = 120<LI>Call Chain = tcp_receive &rArr; kmy_GetKeyValue &rArr; KeyScan &rArr; __KeyScan &rArr; SetRow &rArr; GPIO_Init
</UL>
<BR>[Calls]<UL><LI><a href="#[100]">&gt;&gt;</a>&nbsp;&nbsp;&nbsp;kmy_DataLED_Flash
<LI><a href="#[108]">&gt;&gt;</a>&nbsp;&nbsp;&nbsp;SetBLOverTime
<LI><a href="#[f6]">&gt;&gt;</a>&nbsp;&nbsp;&nbsp;SetAutoExitTime
<LI><a href="#[ef]">&gt;&gt;</a>&nbsp;&nbsp;&nbsp;ReadDatasFromtty
<LI><a href="#[db]">&gt;&gt;</a>&nbsp;&nbsp;&nbsp;kmy_GetKeyValue
<LI><a href="#[f2]">&gt;&gt;</a>&nbsp;&nbsp;&nbsp;strstr
</UL>
<BR>[Called By]<UL><LI><a href="#[a3]">&gt;&gt;</a>&nbsp;&nbsp;&nbsp;RejectOrder
<LI><a href="#[a2]">&gt;&gt;</a>&nbsp;&nbsp;&nbsp;AcceptOrder
<LI><a href="#[227]">&gt;&gt;</a>&nbsp;&nbsp;&nbsp;AcceptOrder_SpeedKey
</UL>

<P><STRONG><a name="[109]"></a>tcp_receive_KMY</STRONG> (Thumb, 772 bytes, Stack size 72 bytes, gprs.o(.text), UNUSED)
<BR><BR>[Calls]<UL><LI><a href="#[104]">&gt;&gt;</a>&nbsp;&nbsp;&nbsp;my_charhexprintf_buff
<LI><a href="#[100]">&gt;&gt;</a>&nbsp;&nbsp;&nbsp;kmy_DataLED_Flash
<LI><a href="#[108]">&gt;&gt;</a>&nbsp;&nbsp;&nbsp;SetBLOverTime
<LI><a href="#[f6]">&gt;&gt;</a>&nbsp;&nbsp;&nbsp;SetAutoExitTime
<LI><a href="#[105]">&gt;&gt;</a>&nbsp;&nbsp;&nbsp;GetTotallen
<LI><a href="#[ef]">&gt;&gt;</a>&nbsp;&nbsp;&nbsp;ReadDatasFromtty
<LI><a href="#[db]">&gt;&gt;</a>&nbsp;&nbsp;&nbsp;kmy_GetKeyValue
<LI><a href="#[de]">&gt;&gt;</a>&nbsp;&nbsp;&nbsp;KeyIsResponse
<LI><a href="#[10a]">&gt;&gt;</a>&nbsp;&nbsp;&nbsp;atoi
<LI><a href="#[bd]">&gt;&gt;</a>&nbsp;&nbsp;&nbsp;__2printf
<LI><a href="#[f2]">&gt;&gt;</a>&nbsp;&nbsp;&nbsp;strstr
</UL>

<P><STRONG><a name="[10b]"></a>ReadPINPUKTimes</STRONG> (Thumb, 234 bytes, Stack size 120 bytes, gprs.o(.text), UNUSED)
<BR><BR>[Calls]<UL><LI><a href="#[f5]">&gt;&gt;</a>&nbsp;&nbsp;&nbsp;send_at_cmd_and_receive
<LI><a href="#[b5]">&gt;&gt;</a>&nbsp;&nbsp;&nbsp;strcpy
<LI><a href="#[f2]">&gt;&gt;</a>&nbsp;&nbsp;&nbsp;strstr
</UL>
<BR>[Called By]<UL><LI><a href="#[10c]">&gt;&gt;</a>&nbsp;&nbsp;&nbsp;PUK_Required
</UL>

<P><STRONG><a name="[10c]"></a>PUK_Required</STRONG> (Thumb, 478 bytes, Stack size 1096 bytes, gprs.o(.text), UNUSED)
<BR><BR>[Calls]<UL><LI><a href="#[101]">&gt;&gt;</a>&nbsp;&nbsp;&nbsp;sleep
<LI><a href="#[10e]">&gt;&gt;</a>&nbsp;&nbsp;&nbsp;PassWordInput
<LI><a href="#[10d]">&gt;&gt;</a>&nbsp;&nbsp;&nbsp;DrawTitle_to_row_Language2
<LI><a href="#[10b]">&gt;&gt;</a>&nbsp;&nbsp;&nbsp;ReadPINPUKTimes
<LI><a href="#[f5]">&gt;&gt;</a>&nbsp;&nbsp;&nbsp;send_at_cmd_and_receive
<LI><a href="#[e5]">&gt;&gt;</a>&nbsp;&nbsp;&nbsp;kmy_LcdClear
<LI><a href="#[b5]">&gt;&gt;</a>&nbsp;&nbsp;&nbsp;strcpy
<LI><a href="#[bb]">&gt;&gt;</a>&nbsp;&nbsp;&nbsp;strcmp
<LI><a href="#[ce]">&gt;&gt;</a>&nbsp;&nbsp;&nbsp;strlen
<LI><a href="#[fc]">&gt;&gt;</a>&nbsp;&nbsp;&nbsp;strcat
</UL>

<P><STRONG><a name="[10f]"></a>GetIMEI</STRONG> (Thumb, 118 bytes, Stack size 72 bytes, gprs.o(.text))
<BR><BR>[Stack]<UL><LI>Max Depth = 184<LI>Call Chain = GetIMEI &rArr; ReadDatasFromSIM300_OKstr &rArr; kmy_GetKeyValue &rArr; KeyScan &rArr; __KeyScan &rArr; SetRow &rArr; GPIO_Init
</UL>
<BR>[Calls]<UL><LI><a href="#[f3]">&gt;&gt;</a>&nbsp;&nbsp;&nbsp;ReadDatasFromSIM300_OKstr
<LI><a href="#[eb]">&gt;&gt;</a>&nbsp;&nbsp;&nbsp;send_at_cmd
<LI><a href="#[bd]">&gt;&gt;</a>&nbsp;&nbsp;&nbsp;__2printf
<LI><a href="#[b5]">&gt;&gt;</a>&nbsp;&nbsp;&nbsp;strcpy
</UL>
<BR>[Called By]<UL><LI><a href="#[7b]">&gt;&gt;</a>&nbsp;&nbsp;&nbsp;Display_IMEI
</UL>

<P><STRONG><a name="[110]"></a>GetCCID</STRONG> (Thumb, 112 bytes, Stack size 272 bytes, gprs.o(.text))
<BR><BR>[Stack]<UL><LI>Max Depth = 392<LI>Call Chain = GetCCID &rArr; send_at_cmd_and_receive &rArr; kmy_GetKeyValue &rArr; KeyScan &rArr; __KeyScan &rArr; SetRow &rArr; GPIO_Init
</UL>
<BR>[Calls]<UL><LI><a href="#[f5]">&gt;&gt;</a>&nbsp;&nbsp;&nbsp;send_at_cmd_and_receive
<LI><a href="#[b5]">&gt;&gt;</a>&nbsp;&nbsp;&nbsp;strcpy
</UL>
<BR>[Called By]<UL><LI><a href="#[7a]">&gt;&gt;</a>&nbsp;&nbsp;&nbsp;DisplayCID
</UL>

<P><STRONG><a name="[111]"></a>set_apn</STRONG> (Thumb, 492 bytes, Stack size 216 bytes, gprs.o(.text))
<BR><BR>[Stack]<UL><LI>Max Depth = 1344<LI>Call Chain = set_apn &rArr; send_at_cmd_and_return &rArr; ReadDatasFromtty &rArr; kmy_USART2ReceiveData
</UL>
<BR>[Calls]<UL><LI><a href="#[112]">&gt;&gt;</a>&nbsp;&nbsp;&nbsp;WaitkeyAndAutoExit
<LI><a href="#[10d]">&gt;&gt;</a>&nbsp;&nbsp;&nbsp;DrawTitle_to_row_Language2
<LI><a href="#[f7]">&gt;&gt;</a>&nbsp;&nbsp;&nbsp;send_at_cmd_and_return
<LI><a href="#[e5]">&gt;&gt;</a>&nbsp;&nbsp;&nbsp;kmy_LcdClear
<LI><a href="#[db]">&gt;&gt;</a>&nbsp;&nbsp;&nbsp;kmy_GetKeyValue
<LI><a href="#[fc]">&gt;&gt;</a>&nbsp;&nbsp;&nbsp;strcat
<LI><a href="#[fb]">&gt;&gt;</a>&nbsp;&nbsp;&nbsp;__aeabi_memclr4
</UL>
<BR>[Called By]<UL><LI><a href="#[16d]">&gt;&gt;</a>&nbsp;&nbsp;&nbsp;Sim900B_init
<LI><a href="#[78]">&gt;&gt;</a>&nbsp;&nbsp;&nbsp;BasicApnSetPassword
<LI><a href="#[77]">&gt;&gt;</a>&nbsp;&nbsp;&nbsp;BasicApnSetUsername
<LI><a href="#[76]">&gt;&gt;</a>&nbsp;&nbsp;&nbsp;BasicApnSetApn
</UL>

<P><STRONG><a name="[113]"></a>BeepNormal</STRONG> (Thumb, 18 bytes, Stack size 8 bytes, key.o(.text))
<BR><BR>[Stack]<UL><LI>Max Depth = 24<LI>Call Chain = BeepNormal &rArr; msleep &rArr; sleep
</UL>
<BR>[Calls]<UL><LI><a href="#[115]">&gt;&gt;</a>&nbsp;&nbsp;&nbsp;msleep
<LI><a href="#[114]">&gt;&gt;</a>&nbsp;&nbsp;&nbsp;kmy_BeepOn
<LI><a href="#[116]">&gt;&gt;</a>&nbsp;&nbsp;&nbsp;kmy_BeepOff
</UL>
<BR>[Called By]<UL><LI><a href="#[16e]">&gt;&gt;</a>&nbsp;&nbsp;&nbsp;DestroyFunc
<LI><a href="#[3b]">&gt;&gt;</a>&nbsp;&nbsp;&nbsp;ProcStandbyKey
<LI><a href="#[dc]">&gt;&gt;</a>&nbsp;&nbsp;&nbsp;KeyEventPost
<LI><a href="#[219]">&gt;&gt;</a>&nbsp;&nbsp;&nbsp;GetSelectItemOfMenus
<LI><a href="#[218]">&gt;&gt;</a>&nbsp;&nbsp;&nbsp;GetSelectItemOfMenus_SpeedAcceptKey
<LI><a href="#[216]">&gt;&gt;</a>&nbsp;&nbsp;&nbsp;AcceptRejectOrders
<LI><a href="#[1f4]">&gt;&gt;</a>&nbsp;&nbsp;&nbsp;_GetString_123TimeInput
<LI><a href="#[1f1]">&gt;&gt;</a>&nbsp;&nbsp;&nbsp;_GetString_abcABC123PYWuBi
<LI><a href="#[81]">&gt;&gt;</a>&nbsp;&nbsp;&nbsp;TimeDateSet
<LI><a href="#[74]">&gt;&gt;</a>&nbsp;&nbsp;&nbsp;SelfTest_ReceiveMessage
</UL>

<P><STRONG><a name="[de]"></a>KeyIsResponse</STRONG> (Thumb, 2 bytes, Stack size 0 bytes, key.o(.text))
<BR><BR>[Called By]<UL><LI><a href="#[19e]">&gt;&gt;</a>&nbsp;&nbsp;&nbsp;my_MenuHandler
<LI><a href="#[17b]">&gt;&gt;</a>&nbsp;&nbsp;&nbsp;my_DisplayBuff
<LI><a href="#[192]">&gt;&gt;</a>&nbsp;&nbsp;&nbsp;PassWordInput2
<LI><a href="#[18e]">&gt;&gt;</a>&nbsp;&nbsp;&nbsp;NewMessageAct
<LI><a href="#[46]">&gt;&gt;</a>&nbsp;&nbsp;&nbsp;ReceiveMailBox
<LI><a href="#[176]">&gt;&gt;</a>&nbsp;&nbsp;&nbsp;MenuOperateSameFucHandler
<LI><a href="#[175]">&gt;&gt;</a>&nbsp;&nbsp;&nbsp;MenuHandler_AddIco
<LI><a href="#[174]">&gt;&gt;</a>&nbsp;&nbsp;&nbsp;MenuHandler_AddIco2
<LI><a href="#[173]">&gt;&gt;</a>&nbsp;&nbsp;&nbsp;MenuHandler_Orders
<LI><a href="#[171]">&gt;&gt;</a>&nbsp;&nbsp;&nbsp;MenuHandler
<LI><a href="#[13e]">&gt;&gt;</a>&nbsp;&nbsp;&nbsp;MenuHandler_Language2
<LI><a href="#[3b]">&gt;&gt;</a>&nbsp;&nbsp;&nbsp;ProcStandbyKey
<LI><a href="#[145]">&gt;&gt;</a>&nbsp;&nbsp;&nbsp;DisplayPleaseCharge
<LI><a href="#[11d]">&gt;&gt;</a>&nbsp;&nbsp;&nbsp;Waitkey_TillKeyPress
<LI><a href="#[112]">&gt;&gt;</a>&nbsp;&nbsp;&nbsp;WaitkeyAndAutoExit
<LI><a href="#[10e]">&gt;&gt;</a>&nbsp;&nbsp;&nbsp;PassWordInput
<LI><a href="#[109]">&gt;&gt;</a>&nbsp;&nbsp;&nbsp;tcp_receive_KMY
<LI><a href="#[f8]">&gt;&gt;</a>&nbsp;&nbsp;&nbsp;send_at_cmd_and_return_NotResposeKey
<LI><a href="#[f7]">&gt;&gt;</a>&nbsp;&nbsp;&nbsp;send_at_cmd_and_return
<LI><a href="#[f5]">&gt;&gt;</a>&nbsp;&nbsp;&nbsp;send_at_cmd_and_receive
<LI><a href="#[f3]">&gt;&gt;</a>&nbsp;&nbsp;&nbsp;ReadDatasFromSIM300_OKstr
<LI><a href="#[f9]">&gt;&gt;</a>&nbsp;&nbsp;&nbsp;send_at_cmd_and_return_3errs
<LI><a href="#[e4]">&gt;&gt;</a>&nbsp;&nbsp;&nbsp;FormInput
<LI><a href="#[df]">&gt;&gt;</a>&nbsp;&nbsp;&nbsp;ABCReadCode
<LI><a href="#[d8]">&gt;&gt;</a>&nbsp;&nbsp;&nbsp;abcReadCode
<LI><a href="#[1fc]">&gt;&gt;</a>&nbsp;&nbsp;&nbsp;PassWordInput_XposStartDisplay
<LI><a href="#[1f8]">&gt;&gt;</a>&nbsp;&nbsp;&nbsp;GetString_abcABC123PYWuBi
<LI><a href="#[1f4]">&gt;&gt;</a>&nbsp;&nbsp;&nbsp;_GetString_123TimeInput
<LI><a href="#[1f1]">&gt;&gt;</a>&nbsp;&nbsp;&nbsp;_GetString_abcABC123PYWuBi
<LI><a href="#[1fb]">&gt;&gt;</a>&nbsp;&nbsp;&nbsp;_PassWordInput_MiddledDisplay
<LI><a href="#[1f9]">&gt;&gt;</a>&nbsp;&nbsp;&nbsp;_PassWordInput_XposStartDisplay
<LI><a href="#[1f6]">&gt;&gt;</a>&nbsp;&nbsp;&nbsp;my_ABCReadCode
<LI><a href="#[1f5]">&gt;&gt;</a>&nbsp;&nbsp;&nbsp;my_abcReadCode
<LI><a href="#[1eb]">&gt;&gt;</a>&nbsp;&nbsp;&nbsp;ABCReadCode
<LI><a href="#[1ea]">&gt;&gt;</a>&nbsp;&nbsp;&nbsp;abcReadCode
<LI><a href="#[1da]">&gt;&gt;</a>&nbsp;&nbsp;&nbsp;GetString_abcABC123PYWuBi2
<LI><a href="#[1dd]">&gt;&gt;</a>&nbsp;&nbsp;&nbsp;GetString_123TimeInput
<LI><a href="#[7f]">&gt;&gt;</a>&nbsp;&nbsp;&nbsp;ContrastSet
<LI><a href="#[1b2]">&gt;&gt;</a>&nbsp;&nbsp;&nbsp;PassWordInput_MiddledDisplay
<LI><a href="#[74]">&gt;&gt;</a>&nbsp;&nbsp;&nbsp;SelfTest_ReceiveMessage
<LI><a href="#[73]">&gt;&gt;</a>&nbsp;&nbsp;&nbsp;UpgradeChinese
<LI><a href="#[60]">&gt;&gt;</a>&nbsp;&nbsp;&nbsp;ExternalSerail1_Printer
<LI><a href="#[5f]">&gt;&gt;</a>&nbsp;&nbsp;&nbsp;ExternalSerail1_GSMModule
<LI><a href="#[6b]">&gt;&gt;</a>&nbsp;&nbsp;&nbsp;SelfTest_LED
<LI><a href="#[6a]">&gt;&gt;</a>&nbsp;&nbsp;&nbsp;SelfTest_Key
<LI><a href="#[1b3]">&gt;&gt;</a>&nbsp;&nbsp;&nbsp;GetString_abcABC123PYWuBi_Language2
</UL>

<P><STRONG><a name="[117]"></a>PostKey</STRONG> (Thumb, 12 bytes, Stack size 8 bytes, key.o(.text))
<BR><BR>[Stack]<UL><LI>Max Depth = 8<LI>Call Chain = PostKey
</UL>
<BR>[Calls]<UL><LI><a href="#[118]">&gt;&gt;</a>&nbsp;&nbsp;&nbsp;kmy_PostKey
</UL>
<BR>[Called By]<UL><LI><a href="#[219]">&gt;&gt;</a>&nbsp;&nbsp;&nbsp;GetSelectItemOfMenus
<LI><a href="#[218]">&gt;&gt;</a>&nbsp;&nbsp;&nbsp;GetSelectItemOfMenus_SpeedAcceptKey
<LI><a href="#[1f4]">&gt;&gt;</a>&nbsp;&nbsp;&nbsp;_GetString_123TimeInput
<LI><a href="#[1f1]">&gt;&gt;</a>&nbsp;&nbsp;&nbsp;_GetString_abcABC123PYWuBi
<LI><a href="#[1f6]">&gt;&gt;</a>&nbsp;&nbsp;&nbsp;my_ABCReadCode
<LI><a href="#[1f5]">&gt;&gt;</a>&nbsp;&nbsp;&nbsp;my_abcReadCode
<LI><a href="#[1eb]">&gt;&gt;</a>&nbsp;&nbsp;&nbsp;ABCReadCode
<LI><a href="#[1ea]">&gt;&gt;</a>&nbsp;&nbsp;&nbsp;abcReadCode
<LI><a href="#[1dc]">&gt;&gt;</a>&nbsp;&nbsp;&nbsp;GetRecjectReasonAndInput
</UL>

<P><STRONG><a name="[dc]"></a>KeyEventPost</STRONG> (Thumb, 32 bytes, Stack size 8 bytes, key.o(.text))
<BR><BR>[Stack]<UL><LI>Max Depth = 32<LI>Call Chain = KeyEventPost &rArr; BeepNormal &rArr; msleep &rArr; sleep
</UL>
<BR>[Calls]<UL><LI><a href="#[119]">&gt;&gt;</a>&nbsp;&nbsp;&nbsp;kmy_LcdBlackLightOn
<LI><a href="#[11b]">&gt;&gt;</a>&nbsp;&nbsp;&nbsp;kmy_AutoPostKey
<LI><a href="#[11a]">&gt;&gt;</a>&nbsp;&nbsp;&nbsp;kmy_AutoOffLcdLight
<LI><a href="#[113]">&gt;&gt;</a>&nbsp;&nbsp;&nbsp;BeepNormal
</UL>
<BR>[Called By]<UL><LI><a href="#[19e]">&gt;&gt;</a>&nbsp;&nbsp;&nbsp;my_MenuHandler
<LI><a href="#[17b]">&gt;&gt;</a>&nbsp;&nbsp;&nbsp;my_DisplayBuff
<LI><a href="#[18e]">&gt;&gt;</a>&nbsp;&nbsp;&nbsp;NewMessageAct
<LI><a href="#[46]">&gt;&gt;</a>&nbsp;&nbsp;&nbsp;ReceiveMailBox
<LI><a href="#[176]">&gt;&gt;</a>&nbsp;&nbsp;&nbsp;MenuOperateSameFucHandler
<LI><a href="#[175]">&gt;&gt;</a>&nbsp;&nbsp;&nbsp;MenuHandler_AddIco
<LI><a href="#[174]">&gt;&gt;</a>&nbsp;&nbsp;&nbsp;MenuHandler_AddIco2
<LI><a href="#[173]">&gt;&gt;</a>&nbsp;&nbsp;&nbsp;MenuHandler_Orders
<LI><a href="#[171]">&gt;&gt;</a>&nbsp;&nbsp;&nbsp;MenuHandler
<LI><a href="#[13e]">&gt;&gt;</a>&nbsp;&nbsp;&nbsp;MenuHandler_Language2
<LI><a href="#[11d]">&gt;&gt;</a>&nbsp;&nbsp;&nbsp;Waitkey_TillKeyPress
<LI><a href="#[112]">&gt;&gt;</a>&nbsp;&nbsp;&nbsp;WaitkeyAndAutoExit
<LI><a href="#[e4]">&gt;&gt;</a>&nbsp;&nbsp;&nbsp;FormInput
<LI><a href="#[df]">&gt;&gt;</a>&nbsp;&nbsp;&nbsp;ABCReadCode
<LI><a href="#[d8]">&gt;&gt;</a>&nbsp;&nbsp;&nbsp;abcReadCode
<LI><a href="#[1fb]">&gt;&gt;</a>&nbsp;&nbsp;&nbsp;_PassWordInput_MiddledDisplay
<LI><a href="#[1f9]">&gt;&gt;</a>&nbsp;&nbsp;&nbsp;_PassWordInput_XposStartDisplay
<LI><a href="#[1f6]">&gt;&gt;</a>&nbsp;&nbsp;&nbsp;my_ABCReadCode
<LI><a href="#[1f5]">&gt;&gt;</a>&nbsp;&nbsp;&nbsp;my_abcReadCode
<LI><a href="#[1eb]">&gt;&gt;</a>&nbsp;&nbsp;&nbsp;ABCReadCode
<LI><a href="#[1ea]">&gt;&gt;</a>&nbsp;&nbsp;&nbsp;abcReadCode
<LI><a href="#[1dc]">&gt;&gt;</a>&nbsp;&nbsp;&nbsp;GetRecjectReasonAndInput
<LI><a href="#[7f]">&gt;&gt;</a>&nbsp;&nbsp;&nbsp;ContrastSet
<LI><a href="#[6a]">&gt;&gt;</a>&nbsp;&nbsp;&nbsp;SelfTest_Key
</UL>

<P><STRONG><a name="[112]"></a>WaitkeyAndAutoExit</STRONG> (Thumb, 80 bytes, Stack size 16 bytes, key.o(.text))
<BR><BR>[Stack]<UL><LI>Max Depth = 88<LI>Call Chain = WaitkeyAndAutoExit &rArr; kmy_GetKeyValue &rArr; KeyScan &rArr; __KeyScan &rArr; SetRow &rArr; GPIO_Init
</UL>
<BR>[Calls]<UL><LI><a href="#[119]">&gt;&gt;</a>&nbsp;&nbsp;&nbsp;kmy_LcdBlackLightOn
<LI><a href="#[11b]">&gt;&gt;</a>&nbsp;&nbsp;&nbsp;kmy_AutoPostKey
<LI><a href="#[11a]">&gt;&gt;</a>&nbsp;&nbsp;&nbsp;kmy_AutoOffLcdLight
<LI><a href="#[db]">&gt;&gt;</a>&nbsp;&nbsp;&nbsp;kmy_GetKeyValue
<LI><a href="#[de]">&gt;&gt;</a>&nbsp;&nbsp;&nbsp;KeyIsResponse
<LI><a href="#[dc]">&gt;&gt;</a>&nbsp;&nbsp;&nbsp;KeyEventPost
</UL>
<BR>[Called By]<UL><LI><a href="#[178]">&gt;&gt;</a>&nbsp;&nbsp;&nbsp;abeyant
<LI><a href="#[87]">&gt;&gt;</a>&nbsp;&nbsp;&nbsp;SIM_PINset
<LI><a href="#[46]">&gt;&gt;</a>&nbsp;&nbsp;&nbsp;ReceiveMailBox
<LI><a href="#[191]">&gt;&gt;</a>&nbsp;&nbsp;&nbsp;CheckPINAndPUK
<LI><a href="#[16d]">&gt;&gt;</a>&nbsp;&nbsp;&nbsp;Sim900B_init
<LI><a href="#[157]">&gt;&gt;</a>&nbsp;&nbsp;&nbsp;ReprintLastOrder
<LI><a href="#[42]">&gt;&gt;</a>&nbsp;&nbsp;&nbsp;Confirm_Orders
<LI><a href="#[158]">&gt;&gt;</a>&nbsp;&nbsp;&nbsp;ApplicationInit
<LI><a href="#[146]">&gt;&gt;</a>&nbsp;&nbsp;&nbsp;UpgradeElectricity
<LI><a href="#[111]">&gt;&gt;</a>&nbsp;&nbsp;&nbsp;set_apn
<LI><a href="#[229]">&gt;&gt;</a>&nbsp;&nbsp;&nbsp;Latest_Orders
<LI><a href="#[a3]">&gt;&gt;</a>&nbsp;&nbsp;&nbsp;RejectOrder
<LI><a href="#[a2]">&gt;&gt;</a>&nbsp;&nbsp;&nbsp;AcceptOrder
<LI><a href="#[227]">&gt;&gt;</a>&nbsp;&nbsp;&nbsp;AcceptOrder_SpeedKey
<LI><a href="#[222]">&gt;&gt;</a>&nbsp;&nbsp;&nbsp;ReadOutOrders
<LI><a href="#[79]">&gt;&gt;</a>&nbsp;&nbsp;&nbsp;DisplayVersion
<LI><a href="#[9b]">&gt;&gt;</a>&nbsp;&nbsp;&nbsp;AutoPrintTime
<LI><a href="#[9a]">&gt;&gt;</a>&nbsp;&nbsp;&nbsp;AutoReboot
<LI><a href="#[1e4]">&gt;&gt;</a>&nbsp;&nbsp;&nbsp;TestText_set
<LI><a href="#[1e3]">&gt;&gt;</a>&nbsp;&nbsp;&nbsp;LCDIdelIest_set
<LI><a href="#[1e2]">&gt;&gt;</a>&nbsp;&nbsp;&nbsp;PrintReceptCount_set
<LI><a href="#[98]">&gt;&gt;</a>&nbsp;&nbsp;&nbsp;PrintPageFooter_set
<LI><a href="#[97]">&gt;&gt;</a>&nbsp;&nbsp;&nbsp;PrintPageHeader_set
<LI><a href="#[1e1]">&gt;&gt;</a>&nbsp;&nbsp;&nbsp;PrintTimeFormat_set
<LI><a href="#[1e0]">&gt;&gt;</a>&nbsp;&nbsp;&nbsp;PrintDateFormat_set
<LI><a href="#[1df]">&gt;&gt;</a>&nbsp;&nbsp;&nbsp;PrintNewlineFlag_set
<LI><a href="#[99]">&gt;&gt;</a>&nbsp;&nbsp;&nbsp;AcceptTimeMode_set
<LI><a href="#[95]">&gt;&gt;</a>&nbsp;&nbsp;&nbsp;BeepDuration_set
<LI><a href="#[94]">&gt;&gt;</a>&nbsp;&nbsp;&nbsp;GPRSCloseTime_set
<LI><a href="#[93]">&gt;&gt;</a>&nbsp;&nbsp;&nbsp;GPRSOpenTime_set
<LI><a href="#[92]">&gt;&gt;</a>&nbsp;&nbsp;&nbsp;CheckOrderInterval_set
<LI><a href="#[91]">&gt;&gt;</a>&nbsp;&nbsp;&nbsp;LoginPassword_set
<LI><a href="#[90]">&gt;&gt;</a>&nbsp;&nbsp;&nbsp;LoginUsername_set
<LI><a href="#[89]">&gt;&gt;</a>&nbsp;&nbsp;&nbsp;RestaurantID_set
<LI><a href="#[96]">&gt;&gt;</a>&nbsp;&nbsp;&nbsp;RejectReason_set
<LI><a href="#[8f]">&gt;&gt;</a>&nbsp;&nbsp;&nbsp;Callback_set
<LI><a href="#[8e]">&gt;&gt;</a>&nbsp;&nbsp;&nbsp;OrderURL_set
<LI><a href="#[8d]">&gt;&gt;</a>&nbsp;&nbsp;&nbsp;UpgradeURL_Set
<LI><a href="#[8c]">&gt;&gt;</a>&nbsp;&nbsp;&nbsp;VersionURL_Set
<LI><a href="#[1d8]">&gt;&gt;</a>&nbsp;&nbsp;&nbsp;TerminalPasswordSet
<LI><a href="#[1d7]">&gt;&gt;</a>&nbsp;&nbsp;&nbsp;TerminalIDSet
<LI><a href="#[8b]">&gt;&gt;</a>&nbsp;&nbsp;&nbsp;DomainSet
<LI><a href="#[88]">&gt;&gt;</a>&nbsp;&nbsp;&nbsp;UpdateParameter
<LI><a href="#[9c]">&gt;&gt;</a>&nbsp;&nbsp;&nbsp;OpPsword
<LI><a href="#[9f]">&gt;&gt;</a>&nbsp;&nbsp;&nbsp;RestoreChuChangSet
<LI><a href="#[8a]">&gt;&gt;</a>&nbsp;&nbsp;&nbsp;IpAddSet
<LI><a href="#[81]">&gt;&gt;</a>&nbsp;&nbsp;&nbsp;TimeDateSet
<LI><a href="#[78]">&gt;&gt;</a>&nbsp;&nbsp;&nbsp;BasicApnSetPassword
<LI><a href="#[77]">&gt;&gt;</a>&nbsp;&nbsp;&nbsp;BasicApnSetUsername
<LI><a href="#[76]">&gt;&gt;</a>&nbsp;&nbsp;&nbsp;BasicApnSetApn
<LI><a href="#[7e]">&gt;&gt;</a>&nbsp;&nbsp;&nbsp;Display_KMY_LibVersion
<LI><a href="#[7d]">&gt;&gt;</a>&nbsp;&nbsp;&nbsp;Display_RandomNumber
<LI><a href="#[7c]">&gt;&gt;</a>&nbsp;&nbsp;&nbsp;Display_ChipId
<LI><a href="#[7b]">&gt;&gt;</a>&nbsp;&nbsp;&nbsp;Display_IMEI
<LI><a href="#[7a]">&gt;&gt;</a>&nbsp;&nbsp;&nbsp;DisplayCID
<LI><a href="#[5]">&gt;&gt;</a>&nbsp;&nbsp;&nbsp;LanguageSet_Chinese
<LI><a href="#[6]">&gt;&gt;</a>&nbsp;&nbsp;&nbsp;LanguageSet_English
<LI><a href="#[82]">&gt;&gt;</a>&nbsp;&nbsp;&nbsp;PowerOffScreenTime
<LI><a href="#[4]">&gt;&gt;</a>&nbsp;&nbsp;&nbsp;Polish_Display_Keytone_Open
<LI><a href="#[3]">&gt;&gt;</a>&nbsp;&nbsp;&nbsp;Polish_Display_Keytone_Close
<LI><a href="#[7f]">&gt;&gt;</a>&nbsp;&nbsp;&nbsp;ContrastSet
<LI><a href="#[74]">&gt;&gt;</a>&nbsp;&nbsp;&nbsp;SelfTest_ReceiveMessage
<LI><a href="#[5e]">&gt;&gt;</a>&nbsp;&nbsp;&nbsp;TemporaryNotProvideThisFunction
<LI><a href="#[72]">&gt;&gt;</a>&nbsp;&nbsp;&nbsp;SelfTest_PrinterFont
<LI><a href="#[6e]">&gt;&gt;</a>&nbsp;&nbsp;&nbsp;SelfTest_Printer
<LI><a href="#[65]">&gt;&gt;</a>&nbsp;&nbsp;&nbsp;EraseFlashPage
<LI><a href="#[64]">&gt;&gt;</a>&nbsp;&nbsp;&nbsp;EraseEepromPage0_30
<LI><a href="#[70]">&gt;&gt;</a>&nbsp;&nbsp;&nbsp;SelfTest_SendSMS
<LI><a href="#[6f]">&gt;&gt;</a>&nbsp;&nbsp;&nbsp;SelfTest_MakeCall
<LI><a href="#[6c]">&gt;&gt;</a>&nbsp;&nbsp;&nbsp;SelfTest_MagCard
</UL>

<P><STRONG><a name="[11c]"></a>WaitKeyRelease</STRONG> (Thumb, 16 bytes, Stack size 8 bytes, key.o(.text))
<BR><BR>[Stack]<UL><LI>Max Depth = 80<LI>Call Chain = WaitKeyRelease &rArr; kmy_GetKeyValue &rArr; KeyScan &rArr; __KeyScan &rArr; SetRow &rArr; GPIO_Init
</UL>
<BR>[Calls]<UL><LI><a href="#[db]">&gt;&gt;</a>&nbsp;&nbsp;&nbsp;kmy_GetKeyValue
</UL>
<BR>[Called By]<UL><LI><a href="#[42]">&gt;&gt;</a>&nbsp;&nbsp;&nbsp;Confirm_Orders
<LI><a href="#[229]">&gt;&gt;</a>&nbsp;&nbsp;&nbsp;Latest_Orders
</UL>

[...]
<BR><BR>[Called By]<UL><LI><a href="#[233]">&gt;&gt;</a>&nbsp;&nbsp;&nbsp;SetSysClock
</UL>

<P><STRONG><a name="[233]"></a>SetSysClock</STRONG> (Thumb, 8 bytes, Stack size 8 bytes, system_stm32f10x.o(.text))
<BR><BR>[Stack]<UL><LI>Max Depth = 8<LI>Call Chain = SetSysClock
</UL>
<BR>[Calls]<UL><LI><a href="#[234]">&gt;&gt;</a>&nbsp;&nbsp;&nbsp;SetSysClockTo72
</UL>
<BR>[Called By]<UL><LI><a href="#[3e]">&gt;&gt;</a>&nbsp;&nbsp;&nbsp;SystemInit
</UL>

<P><STRONG><a name="[25c]"></a>TI4_Config</STRONG> (Thumb, 118 bytes, Stack size 20 bytes, stm32f10x_tim.o(.text), UNUSED)
<BR><BR>[Called By]<UL><LI><a href="#[255]">&gt;&gt;</a>&nbsp;&nbsp;&nbsp;TIM_ICInit
</UL>

<P><STRONG><a name="[25a]"></a>TI3_Config</STRONG> (Thumb, 114 bytes, Stack size 20 bytes, stm32f10x_tim.o(.text), UNUSED)
<BR><BR>[Called By]<UL><LI><a href="#[255]">&gt;&gt;</a>&nbsp;&nbsp;&nbsp;TIM_ICInit
</UL>

<P><STRONG><a name="[258]"></a>TI2_Config</STRONG> (Thumb, 118 bytes, Stack size 20 bytes, stm32f10x_tim.o(.text), UNUSED)
<BR><BR>[Called By]<UL><LI><a href="#[261]">&gt;&gt;</a>&nbsp;&nbsp;&nbsp;TIM_TIxExternalClockConfig
<LI><a href="#[25e]">&gt;&gt;</a>&nbsp;&nbsp;&nbsp;TIM_PWMIConfig
<LI><a href="#[255]">&gt;&gt;</a>&nbsp;&nbsp;&nbsp;TIM_ICInit
</UL>

<P><STRONG><a name="[256]"></a>TI1_Config</STRONG> (Thumb, 106 bytes, Stack size 20 bytes, stm32f10x_tim.o(.text), UNUSED)
<BR><BR>[Called By]<UL><LI><a href="#[261]">&gt;&gt;</a>&nbsp;&nbsp;&nbsp;TIM_TIxExternalClockConfig
<LI><a href="#[25e]">&gt;&gt;</a>&nbsp;&nbsp;&nbsp;TIM_PWMIConfig
<LI><a href="#[255]">&gt;&gt;</a>&nbsp;&nbsp;&nbsp;TIM_ICInit
</UL>

<P><STRONG><a name="[267]"></a>kmy_USART1SendOne</STRONG> (Thumb, 26 bytes, Stack size 0 bytes, kmy_usart1drv.o(.text))
<BR><BR>[Called By]<UL><LI><a href="#[1bf]">&gt;&gt;</a>&nbsp;&nbsp;&nbsp;kmy_USART1SendString
<LI><a href="#[1b6]">&gt;&gt;</a>&nbsp;&nbsp;&nbsp;kmy_USART1SendData
</UL>

<P><STRONG><a name="[273]"></a>kmy_USART2SendOne</STRONG> (Thumb, 26 bytes, Stack size 0 bytes, kmy_usart2drv.o(.text))
<BR><BR>[Called By]<UL><LI><a href="#[ec]">&gt;&gt;</a>&nbsp;&nbsp;&nbsp;kmy_USART2SendString
<LI><a href="#[ee]">&gt;&gt;</a>&nbsp;&nbsp;&nbsp;kmy_USART2SendData
</UL>

<P><STRONG><a name="[275]"></a>kmy_USART3SendOne</STRONG> (Thumb, 26 bytes, Stack size 0 bytes, kmy_usart3drv.o(.text))
<BR><BR>[Called By]<UL><LI><a href="#[1ba]">&gt;&gt;</a>&nbsp;&nbsp;&nbsp;kmy_USART3SendData
<LI><a href="#[274]">&gt;&gt;</a>&nbsp;&nbsp;&nbsp;kmy_USART3SendString
</UL>

<P><STRONG><a name="[279]"></a>IIC_Init</STRONG> (Thumb, 76 bytes, Stack size 8 bytes, kmy_eepromdrv.o(.text))
<BR><BR>[Stack]<UL><LI>Max Depth = 32<LI>Call Chain = IIC_Init &rArr; GPIO_Init
</UL>
<BR>[Calls]<UL><LI><a href="#[26a]">&gt;&gt;</a>&nbsp;&nbsp;&nbsp;RCC_APB2PeriphClockCmd
<LI><a href="#[278]">&gt;&gt;</a>&nbsp;&nbsp;&nbsp;GPIO_SetBits
<LI><a href="#[26b]">&gt;&gt;</a>&nbsp;&nbsp;&nbsp;GPIO_Init
</UL>
<BR>[Called By]<UL><LI><a href="#[161]">&gt;&gt;</a>&nbsp;&nbsp;&nbsp;kmy_EepromInit
</UL>

<P><STRONG><a name="[27a]"></a>IIC_Start</STRONG> (Thumb, 52 bytes, Stack size 8 bytes, kmy_eepromdrv.o(.text))
<BR><BR>[Stack]<UL><LI>Max Depth = 36<LI>Call Chain = IIC_Start &rArr; usleep &rArr; msleep &rArr; sleep
</UL>
<BR>[Calls]<UL><LI><a href="#[1b8]">&gt;&gt;</a>&nbsp;&nbsp;&nbsp;GPIO_ResetBits
<LI><a href="#[27b]">&gt;&gt;</a>&nbsp;&nbsp;&nbsp;usleep
<LI><a href="#[278]">&gt;&gt;</a>&nbsp;&nbsp;&nbsp;GPIO_SetBits
</UL>
<BR>[Called By]<UL><LI><a href="#[b3]">&gt;&gt;</a>&nbsp;&nbsp;&nbsp;kmy_EepromWritePage
<LI><a href="#[b8]">&gt;&gt;</a>&nbsp;&nbsp;&nbsp;kmy_EepromWriteByte
<LI><a href="#[b1]">&gt;&gt;</a>&nbsp;&nbsp;&nbsp;kmy_EepromReadSequent
<LI><a href="#[1c8]">&gt;&gt;</a>&nbsp;&nbsp;&nbsp;kmy_EepromReadByte
</UL>

<P><STRONG><a name="[27c]"></a>IIC_Stop</STRONG> (Thumb, 52 bytes, Stack size 8 bytes, kmy_eepromdrv.o(.text))
<BR><BR>[Stack]<UL><LI>Max Depth = 36<LI>Call Chain = IIC_Stop &rArr; usleep &rArr; msleep &rArr; sleep
</UL>
<BR>[Calls]<UL><LI><a href="#[1b8]">&gt;&gt;</a>&nbsp;&nbsp;&nbsp;GPIO_ResetBits
<LI><a href="#[27b]">&gt;&gt;</a>&nbsp;&nbsp;&nbsp;usleep
<LI><a href="#[278]">&gt;&gt;</a>&nbsp;&nbsp;&nbsp;GPIO_SetBits
</UL>
<BR>[Called By]<UL><LI><a href="#[b3]">&gt;&gt;</a>&nbsp;&nbsp;&nbsp;kmy_EepromWritePage
<LI><a href="#[b8]">&gt;&gt;</a>&nbsp;&nbsp;&nbsp;kmy_EepromWriteByte
<LI><a href="#[b1]">&gt;&gt;</a>&nbsp;&nbsp;&nbsp;kmy_EepromReadSequent
<LI><a href="#[1c8]">&gt;&gt;</a>&nbsp;&nbsp;&nbsp;kmy_EepromReadByte
<LI><a href="#[27d]">&gt;&gt;</a>&nbsp;&nbsp;&nbsp;IIC_Wait_Ack
</UL>

<P><STRONG><a name="[27d]"></a>IIC_Wait_Ack</STRONG> (Thumb, 120 bytes, Stack size 8 bytes, kmy_eepromdrv.o(.text))
<BR><BR>[Stack]<UL><LI>Max Depth = 44<LI>Call Chain = IIC_Wait_Ack &rArr; IIC_Stop &rArr; usleep &rArr; msleep &rArr; sleep
</UL>
<BR>[Calls]<UL><LI><a href="#[1b8]">&gt;&gt;</a>&nbsp;&nbsp;&nbsp;GPIO_ResetBits
<LI><a href="#[27b]">&gt;&gt;</a>&nbsp;&nbsp;&nbsp;usleep
<LI><a href="#[27c]">&gt;&gt;</a>&nbsp;&nbsp;&nbsp;IIC_Stop
<LI><a href="#[278]">&gt;&gt;</a>&nbsp;&nbsp;&nbsp;GPIO_SetBits
<LI><a href="#[277]">&gt;&gt;</a>&nbsp;&nbsp;&nbsp;GPIO_ReadInputDataBit
</UL>
<BR>[Called By]<UL><LI><a href="#[b3]">&gt;&gt;</a>&nbsp;&nbsp;&nbsp;kmy_EepromWritePage
<LI><a href="#[b8]">&gt;&gt;</a>&nbsp;&nbsp;&nbsp;kmy_EepromWriteByte
<LI><a href="#[b1]">&gt;&gt;</a>&nbsp;&nbsp;&nbsp;kmy_EepromReadSequent
<LI><a href="#[1c8]">&gt;&gt;</a>&nbsp;&nbsp;&nbsp;kmy_EepromReadByte
</UL>

<P><STRONG><a name="[27e]"></a>IIC_Ack</STRONG> (Thumb, 76 bytes, Stack size 8 bytes, kmy_eepromdrv.o(.text))
<BR><BR>[Stack]<UL><LI>Max Depth = 36<LI>Call Chain = IIC_Ack &rArr; usleep &rArr; msleep &rArr; sleep
</UL>
<BR>[Calls]<UL><LI><a href="#[1b8]">&gt;&gt;</a>&nbsp;&nbsp;&nbsp;GPIO_ResetBits
<LI><a href="#[27b]">&gt;&gt;</a>&nbsp;&nbsp;&nbsp;usleep
<LI><a href="#[278]">&gt;&gt;</a>&nbsp;&nbsp;&nbsp;GPIO_SetBits
</UL>
<BR>[Called By]<UL><LI><a href="#[b1]">&gt;&gt;</a>&nbsp;&nbsp;&nbsp;kmy_EepromReadSequent
</UL>

<P><STRONG><a name="[27f]"></a>IIC_NAck</STRONG> (Thumb, 76 bytes, Stack size 8 bytes, kmy_eepromdrv.o(.text))
<BR><BR>[Stack]<UL><LI>Max Depth = 36<LI>Call Chain = IIC_NAck &rArr; usleep &rArr; msleep &rArr; sleep
</UL>
<BR>[Calls]<UL><LI><a href="#[1b8]">&gt;&gt;</a>&nbsp;&nbsp;&nbsp;GPIO_ResetBits
<LI><a href="#[27b]">&gt;&gt;</a>&nbsp;&nbsp;&nbsp;usleep
<LI><a href="#[278]">&gt;&gt;</a>&nbsp;&nbsp;&nbsp;GPIO_SetBits
</UL>
<BR>[Called By]<UL><LI><a href="#[b1]">&gt;&gt;</a>&nbsp;&nbsp;&nbsp;kmy_EepromReadSequent
<LI><a href="#[1c8]">&gt;&gt;</a>&nbsp;&nbsp;&nbsp;kmy_EepromReadByte
</UL>

<P><STRONG><a name="[280]"></a>IIC_Send_Byte</STRONG> (Thumb, 118 bytes, Stack size 16 bytes, kmy_eepromdrv.o(.text))
<BR><BR>[Stack]<UL><LI>Max Depth = 44<LI>Call Chain = IIC_Send_Byte &rArr; usleep &rArr; msleep &rArr; sleep
</UL>
<BR>[Calls]<UL><LI><a href="#[1b8]">&gt;&gt;</a>&nbsp;&nbsp;&nbsp;GPIO_ResetBits
<LI><a href="#[27b]">&gt;&gt;</a>&nbsp;&nbsp;&nbsp;usleep
<LI><a href="#[278]">&gt;&gt;</a>&nbsp;&nbsp;&nbsp;GPIO_SetBits
</UL>
<BR>[Called By]<UL><LI><a href="#[b3]">&gt;&gt;</a>&nbsp;&nbsp;&nbsp;kmy_EepromWritePage
<LI><a href="#[b8]">&gt;&gt;</a>&nbsp;&nbsp;&nbsp;kmy_EepromWriteByte
<LI><a href="#[b1]">&gt;&gt;</a>&nbsp;&nbsp;&nbsp;kmy_EepromReadSequent
<LI><a href="#[1c8]">&gt;&gt;</a>&nbsp;&nbsp;&nbsp;kmy_EepromReadByte
</UL>

<P><STRONG><a name="[281]"></a>IIC_Read_Byte</STRONG> (Thumb, 148 bytes, Stack size 16 bytes, kmy_eepromdrv.o(.text))
<BR><BR>[Stack]<UL><LI>Max Depth = 44<LI>Call Chain = IIC_Read_Byte &rArr; usleep &rArr; msleep &rArr; sleep
</UL>
<BR>[Calls]<UL><LI><a href="#[1b8]">&gt;&gt;</a>&nbsp;&nbsp;&nbsp;GPIO_ResetBits
<LI><a href="#[27b]">&gt;&gt;</a>&nbsp;&nbsp;&nbsp;usleep
<LI><a href="#[278]">&gt;&gt;</a>&nbsp;&nbsp;&nbsp;GPIO_SetBits
<LI><a href="#[277]">&gt;&gt;</a>&nbsp;&nbsp;&nbsp;GPIO_ReadInputDataBit
</UL>
<BR>[Called By]<UL><LI><a href="#[b1]">&gt;&gt;</a>&nbsp;&nbsp;&nbsp;kmy_EepromReadSequent
<LI><a href="#[1c8]">&gt;&gt;</a>&nbsp;&nbsp;&nbsp;kmy_EepromReadByte
</UL>

<P><STRONG><a name="[2a2]"></a>AccordingLcdRamDisplay</STRONG> (Thumb, 48 bytes, Stack size 24 bytes, kmy_lcddrv.o(.text))
<BR><BR>[Stack]<UL><LI>Max Depth = 64<LI>Call Chain = AccordingLcdRamDisplay &rArr; LCDSetXY &rArr; write_command &rArr; data_send
</UL>
<BR>[Calls]<UL><LI><a href="#[2a1]">&gt;&gt;</a>&nbsp;&nbsp;&nbsp;LCDSetXY
<LI><a href="#[2a0]">&gt;&gt;</a>&nbsp;&nbsp;&nbsp;write_data
</UL>
<BR>[Called By]<UL><LI><a href="#[128]">&gt;&gt;</a>&nbsp;&nbsp;&nbsp;kmy_LcdDrawRect
<LI><a href="#[12a]">&gt;&gt;</a>&nbsp;&nbsp;&nbsp;kmy_LcdDrawLine
<LI><a href="#[12d]">&gt;&gt;</a>&nbsp;&nbsp;&nbsp;kmy_LcdDrawBitMap
<LI><a href="#[e5]">&gt;&gt;</a>&nbsp;&nbsp;&nbsp;kmy_LcdClear
</UL>

<P><STRONG><a name="[2a6]"></a>byteCombine</STRONG> (Thumb, 104 bytes, Stack size 40 bytes, kmy_lcddrv.o(.text))
<BR><BR>[Stack]<UL><LI>Max Depth = 40<LI>Call Chain = byteCombine
</UL>
<BR>[Called By]<UL><LI><a href="#[12d]">&gt;&gt;</a>&nbsp;&nbsp;&nbsp;kmy_LcdDrawBitMap
</UL>

<P><STRONG><a name="[2a8]"></a>GetChinesePositon</STRONG> (Thumb, 82 bytes, Stack size 12 bytes, kmy_lcddrv.o(.text))
<BR><BR>[Stack]<UL><LI>Max Depth = 12<LI>Call Chain = GetChinesePositon
</UL>
<BR>[Called By]<UL><LI><a href="#[dd]">&gt;&gt;</a>&nbsp;&nbsp;&nbsp;kmy_LcdTextOut
</UL>

<P><STRONG><a name="[2a9]"></a>BuffAnyByteBits_Change</STRONG> (Thumb, 82 bytes, Stack size 12 bytes, kmy_lcddrv.o(.text))
<BR><BR>[Stack]<UL><LI>Max Depth = 12<LI>Call Chain = BuffAnyByteBits_Change
</UL>
<BR>[Called By]<UL><LI><a href="#[128]">&gt;&gt;</a>&nbsp;&nbsp;&nbsp;kmy_LcdDrawRect
</UL>

<P><STRONG><a name="[2aa]"></a>MgGetCls</STRONG> (Thumb, 12 bytes, Stack size 8 bytes, kmy_magcarddrv.o(.text))
<BR><BR>[Stack]<UL><LI>Max Depth = 8<LI>Call Chain = MgGetCls
</UL>
<BR>[Calls]<UL><LI><a href="#[277]">&gt;&gt;</a>&nbsp;&nbsp;&nbsp;GPIO_ReadInputDataBit
</UL>
<BR>[Called By]<UL><LI><a href="#[1b1]">&gt;&gt;</a>&nbsp;&nbsp;&nbsp;kmy_MagcardRead
</UL>

<P><STRONG><a name="[2ab]"></a>MgGetRDP2</STRONG> (Thumb, 12 bytes, Stack size 8 bytes, kmy_magcarddrv.o(.text))
<BR><BR>[Stack]<UL><LI>Max Depth = 8<LI>Call Chain = MgGetRDP2
</UL>
<BR>[Calls]<UL><LI><a href="#[277]">&gt;&gt;</a>&nbsp;&nbsp;&nbsp;GPIO_ReadInputDataBit
</UL>
<BR>[Called By]<UL><LI><a href="#[1b1]">&gt;&gt;</a>&nbsp;&nbsp;&nbsp;kmy_MagcardRead
</UL>

<P><STRONG><a name="[2ac]"></a>MgGetRCP2</STRONG> (Thumb, 12 bytes, Stack size 8 bytes, kmy_magcarddrv.o(.text))
<BR><BR>[Stack]<UL><LI>Max Depth = 8<LI>Call Chain = MgGetRCP2
</UL>
<BR>[Calls]<UL><LI><a href="#[277]">&gt;&gt;</a>&nbsp;&nbsp;&nbsp;GPIO_ReadInputDataBit
</UL>
<BR>[Called By]<UL><LI><a href="#[1b1]">&gt;&gt;</a>&nbsp;&nbsp;&nbsp;kmy_MagcardRead
</UL>

<P><STRONG><a name="[2ad]"></a>MgGetRDP3</STRONG> (Thumb, 12 bytes, Stack size 8 bytes, kmy_magcarddrv.o(.text))
<BR><BR>[Stack]<UL><LI>Max Depth = 8<LI>Call Chain = MgGetRDP3
</UL>
<BR>[Calls]<UL><LI><a href="#[277]">&gt;&gt;</a>&nbsp;&nbsp;&nbsp;GPIO_ReadInputDataBit
</UL>
<BR>[Called By]<UL><LI><a href="#[1b1]">&gt;&gt;</a>&nbsp;&nbsp;&nbsp;kmy_MagcardRead
</UL>

<P><STRONG><a name="[2ae]"></a>MgGetRCP3</STRONG> (Thumb, 12 bytes, Stack size 8 bytes, kmy_magcarddrv.o(.text))
<BR><BR>[Stack]<UL><LI>Max Depth = 8<LI>Call Chain = MgGetRCP3
</UL>
<BR>[Calls]<UL><LI><a href="#[277]">&gt;&gt;</a>&nbsp;&nbsp;&nbsp;GPIO_ReadInputDataBit
</UL>
<BR>[Called By]<UL><LI><a href="#[1b1]">&gt;&gt;</a>&nbsp;&nbsp;&nbsp;kmy_MagcardRead
</UL>

<P><STRONG><a name="[2b6]"></a>ArrayExchangeEndToEnd</STRONG> (Thumb, 78 bytes, Stack size 20 bytes, kmy_magcarddrv.o(.text))
<BR><BR>[Stack]<UL><LI>Max Depth = 20<LI>Call Chain = ArrayExchangeEndToEnd
</UL>
<BR>[Called By]<UL><LI><a href="#[2b5]">&gt;&gt;</a>&nbsp;&nbsp;&nbsp;GetValidData
</UL>

<P><STRONG><a name="[2b8]"></a>CalcXOR</STRONG> (Thumb, 42 bytes, Stack size 12 bytes, kmy_magcarddrv.o(.text))
<BR><BR>[Stack]<UL><LI>Max Depth = 12<LI>Call Chain = CalcXOR
</UL>
<BR>[Called By]<UL><LI><a href="#[2b5]">&gt;&gt;</a>&nbsp;&nbsp;&nbsp;GetValidData
</UL>

<P><STRONG><a name="[2b0]"></a>CalcOddParity</STRONG> (Thumb, 52 bytes, Stack size 8 bytes, kmy_magcarddrv.o(.text))
<BR><BR>[Stack]<UL><LI>Max Depth = 8<LI>Call Chain = CalcOddParity
</UL>
<BR>[Called By]<UL><LI><a href="#[2af]">&gt;&gt;</a>&nbsp;&nbsp;&nbsp;CheckParity
</UL>

<P><STRONG><a name="[2af]"></a>CheckParity</STRONG> (Thumb, 34 bytes, Stack size 16 bytes, kmy_magcarddrv.o(.text))
<BR><BR>[Stack]<UL><LI>Max Depth = 24<LI>Call Chain = CheckParity &rArr; CalcOddParity
</UL>
<BR>[Calls]<UL><LI><a href="#[2b0]">&gt;&gt;</a>&nbsp;&nbsp;&nbsp;CalcOddParity
</UL>
<BR>[Called By]<UL><LI><a href="#[2b5]">&gt;&gt;</a>&nbsp;&nbsp;&nbsp;GetValidData
</UL>

<P><STRONG><a name="[2b2]"></a>ChangeData23</STRONG> (Thumb, 12 bytes, Stack size 0 bytes, kmy_magcarddrv.o(.text))
<BR><BR>[Called By]<UL><LI><a href="#[2b1]">&gt;&gt;</a>&nbsp;&nbsp;&nbsp;ShowTrack23
</UL>

<P><STRONG><a name="[2b1]"></a>ShowTrack23</STRONG> (Thumb, 28 bytes, Stack size 16 bytes, kmy_magcarddrv.o(.text))
<BR><BR>[Stack]<UL><LI>Max Depth = 16<LI>Call Chain = ShowTrack23
</UL>
<BR>[Calls]<UL><LI><a href="#[2b2]">&gt;&gt;</a>&nbsp;&nbsp;&nbsp;ChangeData23
</UL>
<BR>[Called By]<UL><LI><a href="#[2b5]">&gt;&gt;</a>&nbsp;&nbsp;&nbsp;GetValidData
</UL>

<P><STRONG><a name="[2b4]"></a>ChangeData1</STRONG> (Thumb, 12 bytes, Stack size 0 bytes, kmy_magcarddrv.o(.text))
<BR><BR>[Called By]<UL><LI><a href="#[2b3]">&gt;&gt;</a>&nbsp;&nbsp;&nbsp;ShowTrack1
</UL>

<P><STRONG><a name="[2b3]"></a>ShowTrack1</STRONG> (Thumb, 28 bytes, Stack size 16 bytes, kmy_magcarddrv.o(.text))
<BR><BR>[Stack]<UL><LI>Max Depth = 16<LI>Call Chain = ShowTrack1
</UL>
<BR>[Calls]<UL><LI><a href="#[2b4]">&gt;&gt;</a>&nbsp;&nbsp;&nbsp;ChangeData1
</UL>
<BR>[Called By]<UL><LI><a href="#[2b5]">&gt;&gt;</a>&nbsp;&nbsp;&nbsp;GetValidData
</UL>

<P><STRONG><a name="[2b7]"></a>GetStartEnd</STRONG> (Thumb, 130 bytes, Stack size 24 bytes, kmy_magcarddrv.o(.text))
<BR><BR>[Stack]<UL><LI>Max Depth = 24<LI>Call Chain = GetStartEnd
</UL>
<BR>[Called By]<UL><LI><a href="#[2b5]">&gt;&gt;</a>&nbsp;&nbsp;&nbsp;GetValidData
</UL>

<P><STRONG><a name="[2b5]"></a>GetValidData</STRONG> (Thumb, 166 bytes, Stack size 40 bytes, kmy_magcarddrv.o(.text))
<BR><BR>[Stack]<UL><LI>Max Depth = 64<LI>Call Chain = GetValidData &rArr; GetStartEnd
</UL>
<BR>[Calls]<UL><LI><a href="#[2b7]">&gt;&gt;</a>&nbsp;&nbsp;&nbsp;GetStartEnd
<LI><a href="#[2b3]">&gt;&gt;</a>&nbsp;&nbsp;&nbsp;ShowTrack1
<LI><a href="#[2b1]">&gt;&gt;</a>&nbsp;&nbsp;&nbsp;ShowTrack23
<LI><a href="#[2af]">&gt;&gt;</a>&nbsp;&nbsp;&nbsp;CheckParity
<LI><a href="#[2b8]">&gt;&gt;</a>&nbsp;&nbsp;&nbsp;CalcXOR
<LI><a href="#[2b6]">&gt;&gt;</a>&nbsp;&nbsp;&nbsp;ArrayExchangeEndToEnd
</UL>
<BR>[Called By]<UL><LI><a href="#[1b1]">&gt;&gt;</a>&nbsp;&nbsp;&nbsp;kmy_MagcardRead
</UL>

<P><STRONG><a name="[2c2]"></a>kmy_PrinterUseUsart3</STRONG> (Thumb, 14 bytes, Stack size 8 bytes, kmy_printerdrv.o(.text))
<BR><BR>[Stack]<UL><LI>Max Depth = 8<LI>Call Chain = kmy_PrinterUseUsart3
</UL>
<BR>[Calls]<UL><LI><a href="#[1b8]">&gt;&gt;</a>&nbsp;&nbsp;&nbsp;GPIO_ResetBits
</UL>
<BR>[Called By]<UL><LI><a href="#[169]">&gt;&gt;</a>&nbsp;&nbsp;&nbsp;kmy_PrinterInit
<LI><a href="#[1bd]">&gt;&gt;</a>&nbsp;&nbsp;&nbsp;kmy_PrinterString
<LI><a href="#[1c6]">&gt;&gt;</a>&nbsp;&nbsp;&nbsp;kmy_PrinterSetcommand
<LI><a href="#[1c5]">&gt;&gt;</a>&nbsp;&nbsp;&nbsp;kmy_PrinterBitmap
</UL>

<P><STRONG><a name="[2c3]"></a>PrinterBaudRateSet</STRONG> (Thumb, 234 bytes, Stack size 40 bytes, kmy_printerdrv.o(.text))
<BR><BR>[Stack]<UL><LI>Max Depth = 140<LI>Call Chain = PrinterBaudRateSet &rArr; kmy_USART3Init &rArr; USART_Init &rArr; RCC_GetClocksFreq
</UL>
<BR>[Calls]<UL><LI><a href="#[115]">&gt;&gt;</a>&nbsp;&nbsp;&nbsp;msleep
<LI><a href="#[1ba]">&gt;&gt;</a>&nbsp;&nbsp;&nbsp;kmy_USART3SendData
<LI><a href="#[1bb]">&gt;&gt;</a>&nbsp;&nbsp;&nbsp;kmy_USART3ReceiveData
<LI><a href="#[1bc]">&gt;&gt;</a>&nbsp;&nbsp;&nbsp;kmy_USART3Init
<LI><a href="#[1c6]">&gt;&gt;</a>&nbsp;&nbsp;&nbsp;kmy_PrinterSetcommand
<LI><a href="#[276]">&gt;&gt;</a>&nbsp;&nbsp;&nbsp;kmy_USART3ReceiveReset
<LI><a href="#[bd]">&gt;&gt;</a>&nbsp;&nbsp;&nbsp;__2printf
<LI><a href="#[fb]">&gt;&gt;</a>&nbsp;&nbsp;&nbsp;__aeabi_memclr4
</UL>
<BR>[Called By]<UL><LI><a href="#[1bd]">&gt;&gt;</a>&nbsp;&nbsp;&nbsp;kmy_PrinterString
<LI><a href="#[1c5]">&gt;&gt;</a>&nbsp;&nbsp;&nbsp;kmy_PrinterBitmap
</UL>

<P><STRONG><a name="[2cd]"></a>time2_NVIC_Configuration</STRONG> (Thumb, 42 bytes, Stack size 8 bytes, kmy_time.o(.text))
<BR><BR>[Stack]<UL><LI>Max Depth = 24<LI>Call Chain = time2_NVIC_Configuration &rArr; NVIC_Init
</UL>
<BR>[Calls]<UL><LI><a href="#[269]">&gt;&gt;</a>&nbsp;&nbsp;&nbsp;NVIC_Init
<LI><a href="#[268]">&gt;&gt;</a>&nbsp;&nbsp;&nbsp;NVIC_PriorityGroupConfig
</UL>
<BR>[Called By]<UL><LI><a href="#[15f]">&gt;&gt;</a>&nbsp;&nbsp;&nbsp;kmy_TimeInit
</UL>

<P><STRONG><a name="[2ce]"></a>time3_NVIC_Configuration</STRONG> (Thumb, 42 bytes, Stack size 8 bytes, kmy_time.o(.text))
<BR><BR>[Stack]<UL><LI>Max Depth = 24<LI>Call Chain = time3_NVIC_Configuration &rArr; NVIC_Init
</UL>
<BR>[Calls]<UL><LI><a href="#[269]">&gt;&gt;</a>&nbsp;&nbsp;&nbsp;NVIC_Init
<LI><a href="#[268]">&gt;&gt;</a>&nbsp;&nbsp;&nbsp;NVIC_PriorityGroupConfig
</UL>
<BR>[Called By]<UL><LI><a href="#[15f]">&gt;&gt;</a>&nbsp;&nbsp;&nbsp;kmy_TimeInit
</UL>

<P><STRONG><a name="[2d7]"></a>__offtime</STRONG> (Thumb, 586 bytes, Stack size 56 bytes, kmy_time.o(.text))
<BR><BR>[Stack]<UL><LI>Max Depth = 56<LI>Call Chain = __offtime
</UL>
<BR>[Called By]<UL><LI><a href="#[14e]">&gt;&gt;</a>&nbsp;&nbsp;&nbsp;kmy_TimeGetTime
</UL>

<P><STRONG><a name="[302]"></a>_fp_digits</STRONG> (Thumb, 318 bytes, Stack size 56 bytes, printfa.o(i._fp_digits), UNUSED)
<BR><BR>[Calls]<UL><LI><a href="#[2f6]">&gt;&gt;</a>&nbsp;&nbsp;&nbsp;__aeabi_dmul
<LI><a href="#[2f7]">&gt;&gt;</a>&nbsp;&nbsp;&nbsp;__aeabi_ddiv
<LI><a href="#[2ef]">&gt;&gt;</a>&nbsp;&nbsp;&nbsp;__aeabi_dadd
<LI><a href="#[2f8]">&gt;&gt;</a>&nbsp;&nbsp;&nbsp;__aeabi_uldivmod
<LI><a href="#[2fc]">&gt;&gt;</a>&nbsp;&nbsp;&nbsp;__aeabi_d2ulz
<LI><a href="#[303]">&gt;&gt;</a>&nbsp;&nbsp;&nbsp;__aeabi_cdrcmple
</UL>
<BR>[Called By]<UL><LI><a href="#[300]">&gt;&gt;</a>&nbsp;&nbsp;&nbsp;_printf_core
</UL>

<P><STRONG><a name="[300]"></a>_printf_core</STRONG> (Thumb, 1734 bytes, Stack size 136 bytes, printfa.o(i._printf_core), UNUSED)
<BR><BR>[Calls]<UL><LI><a href="#[2f8]">&gt;&gt;</a>&nbsp;&nbsp;&nbsp;__aeabi_uldivmod
<LI><a href="#[306]">&gt;&gt;</a>&nbsp;&nbsp;&nbsp;__aeabi_uidivmod
<LI><a href="#[304]">&gt;&gt;</a>&nbsp;&nbsp;&nbsp;_printf_pre_padding
<LI><a href="#[305]">&gt;&gt;</a>&nbsp;&nbsp;&nbsp;_printf_post_padding
<LI><a href="#[302]">&gt;&gt;</a>&nbsp;&nbsp;&nbsp;_fp_digits
</UL>
<BR>[Called By]<UL><LI><a href="#[301]">&gt;&gt;</a>&nbsp;&nbsp;&nbsp;__0sprintf
<LI><a href="#[2ff]">&gt;&gt;</a>&nbsp;&nbsp;&nbsp;__0printf
</UL>

<P><STRONG><a name="[305]"></a>_printf_post_padding</STRONG> (Thumb, 38 bytes, Stack size 24 bytes, printfa.o(i._printf_post_padding), UNUSED)
<BR><BR>[Called By]<UL><LI><a href="#[300]">&gt;&gt;</a>&nbsp;&nbsp;&nbsp;_printf_core
</UL>

<P><STRONG><a name="[304]"></a>_printf_pre_padding</STRONG> (Thumb, 46 bytes, Stack size 24 bytes, printfa.o(i._printf_pre_padding), UNUSED)
<BR><BR>[Called By]<UL><LI><a href="#[300]">&gt;&gt;</a>&nbsp;&nbsp;&nbsp;_printf_core
</UL>

<P><STRONG><a name="[41]"></a>_sputc</STRONG> (Thumb, 10 bytes, Stack size 0 bytes, printfa.o(i._sputc))
<BR><BR>[Called By]<UL><LI><a href="#[301]">&gt;&gt;</a>&nbsp;&nbsp;&nbsp;__0sprintf
</UL>
<BR>[Address Reference Count : 1]<UL><LI> printfa.o(i.__0sprintf)
</UL><P>
<H3>
Undefined Global Symbols
</H3><HR></body></html>
